[0.712s] Invoking command in '/home/user/ros_workspaces/lab1/src/my_chatter': AMENT_PREFIX_PATH=/home/user/ros_workspaces/lab1/install/my_chatter_msgs:${AMENT_PREFIX_PATH} CMAKE_PREFIX_PATH=/home/user/ros_workspaces/lab1/install/my_chatter_msgs LD_LIBRARY_PATH=/home/user/ros_workspaces/lab1/install/my_chatter_msgs/lib:/usr/local/cuda-10.2/lib64:/home/user/.catkin_ws_python3/src/TensorRT-7.0.0.11/lib:/opt/ros/humble/opt/rviz_ogre_vendor/lib:/opt/ros/humble/lib/x86_64-linux-gnu:/opt/ros/humble/lib:/usr/local/cuda-10.2/lib64:/home/user/.catkin_ws_python3/src/TensorRT-7.0.0.11/lib:/usr/lib/x86_64-linux-gnu/gazebo-11/plugins:/usr/lib/x86_64-linux-gnu/gazebo-11/plugins:/usr/lib/x86_64-linux-gnu/gazebo-11/plugins PYTHONPATH=/home/user/ros_workspaces/lab1/build/my_chatter/prefix_override:/usr/lib/python3/dist-packages/colcon_core/task/python/colcon_distutils_commands:/home/user/ros_workspaces/lab1/install/my_chatter/lib/python3.10/site-packages:/home/user/ros_workspaces/lab1/install/my_chatter_msgs/local/lib/python3.10/dist-packages:${PYTHONPATH} _=/usr/bin/env /usr/bin/python3 -W ignore:setup.py install is deprecated -W ignore:easy_install command is deprecated setup.py egg_info --egg-base ../../build/my_chatter build --build-base /home/user/ros_workspaces/lab1/build/my_chatter/build install --record /home/user/ros_workspaces/lab1/build/my_chatter/install.log --single-version-externally-managed install_data
[1.010s] running egg_info
[1.028s] creating ../../build/my_chatter/my_chatter.egg-info
[1.028s] writing ../../build/my_chatter/my_chatter.egg-info/PKG-INFO
[1.030s] writing dependency_links to ../../build/my_chatter/my_chatter.egg-info/dependency_links.txt
[1.030s] writing entry points to ../../build/my_chatter/my_chatter.egg-info/entry_points.txt
[1.030s] writing requirements to ../../build/my_chatter/my_chatter.egg-info/requires.txt
[1.030s] writing top-level names to ../../build/my_chatter/my_chatter.egg-info/top_level.txt
[1.030s] writing manifest file '../../build/my_chatter/my_chatter.egg-info/SOURCES.txt'
[1.067s] reading manifest file '../../build/my_chatter/my_chatter.egg-info/SOURCES.txt'
[1.068s] writing manifest file '../../build/my_chatter/my_chatter.egg-info/SOURCES.txt'
[1.068s] running build
[1.068s] running build_py
[1.069s] creating /home/user/ros_workspaces/lab1/build/my_chatter/build/lib/my_chatter
[1.069s] copying my_chatter/__init__.py -> /home/user/ros_workspaces/lab1/build/my_chatter/build/lib/my_chatter
[1.069s] copying my_chatter/new_subscriber_function.py -> /home/user/ros_workspaces/lab1/build/my_chatter/build/lib/my_chatter
[1.069s] copying my_chatter/new_publisher_function.py -> /home/user/ros_workspaces/lab1/build/my_chatter/build/lib/my_chatter
[1.070s] running install
[1.074s] running install_lib
[1.093s] creating /home/user/ros_workspaces/lab1/install/my_chatter/lib/python3.10/site-packages/my_chatter
[1.093s] copying /home/user/ros_workspaces/lab1/build/my_chatter/build/lib/my_chatter/__init__.py -> /home/user/ros_workspaces/lab1/install/my_chatter/lib/python3.10/site-packages/my_chatter
[1.093s] copying /home/user/ros_workspaces/lab1/build/my_chatter/build/lib/my_chatter/new_subscriber_function.py -> /home/user/ros_workspaces/lab1/install/my_chatter/lib/python3.10/site-packages/my_chatter
[1.094s] copying /home/user/ros_workspaces/lab1/build/my_chatter/build/lib/my_chatter/new_publisher_function.py -> /home/user/ros_workspaces/lab1/install/my_chatter/lib/python3.10/site-packages/my_chatter
[1.094s] byte-compiling /home/user/ros_workspaces/lab1/install/my_chatter/lib/python3.10/site-packages/my_chatter/__init__.py to __init__.cpython-310.pyc
[1.095s] byte-compiling /home/user/ros_workspaces/lab1/install/my_chatter/lib/python3.10/site-packages/my_chatter/new_subscriber_function.py to new_subscriber_function.cpython-310.pyc
[1.095s] byte-compiling /home/user/ros_workspaces/lab1/install/my_chatter/lib/python3.10/site-packages/my_chatter/new_publisher_function.py to new_publisher_function.cpython-310.pyc
[1.095s] running install_data
[1.096s] creating /home/user/ros_workspaces/lab1/install/my_chatter/share/ament_index/resource_index/packages
[1.096s] copying resource/my_chatter -> /home/user/ros_workspaces/lab1/install/my_chatter/share/ament_index/resource_index/packages
[1.096s] copying package.xml -> /home/user/ros_workspaces/lab1/install/my_chatter/share/my_chatter
[1.096s] running install_egg_info
[1.115s] Copying ../../build/my_chatter/my_chatter.egg-info to /home/user/ros_workspaces/lab1/install/my_chatter/lib/python3.10/site-packages/my_chatter-0.0.0-py3.10.egg-info
[1.116s] running install_scripts
[1.153s] Installing listener script to /home/user/ros_workspaces/lab1/install/my_chatter/lib/my_chatter
[1.153s] Installing talker script to /home/user/ros_workspaces/lab1/install/my_chatter/lib/my_chatter
[1.154s] writing list of installed files to '/home/user/ros_workspaces/lab1/build/my_chatter/install.log'
[1.178s] Invoked command in '/home/user/ros_workspaces/lab1/src/my_chatter' returned '0': AMENT_PREFIX_PATH=/home/user/ros_workspaces/lab1/install/my_chatter_msgs:${AMENT_PREFIX_PATH} CMAKE_PREFIX_PATH=/home/user/ros_workspaces/lab1/install/my_chatter_msgs LD_LIBRARY_PATH=/home/user/ros_workspaces/lab1/install/my_chatter_msgs/lib:/usr/local/cuda-10.2/lib64:/home/user/.catkin_ws_python3/src/TensorRT-7.0.0.11/lib:/opt/ros/humble/opt/rviz_ogre_vendor/lib:/opt/ros/humble/lib/x86_64-linux-gnu:/opt/ros/humble/lib:/usr/local/cuda-10.2/lib64:/home/user/.catkin_ws_python3/src/TensorRT-7.0.0.11/lib:/usr/lib/x86_64-linux-gnu/gazebo-11/plugins:/usr/lib/x86_64-linux-gnu/gazebo-11/plugins:/usr/lib/x86_64-linux-gnu/gazebo-11/plugins PYTHONPATH=/home/user/ros_workspaces/lab1/build/my_chatter/prefix_override:/usr/lib/python3/dist-packages/colcon_core/task/python/colcon_distutils_commands:/home/user/ros_workspaces/lab1/install/my_chatter/lib/python3.10/site-packages:/home/user/ros_workspaces/lab1/install/my_chatter_msgs/local/lib/python3.10/dist-packages:${PYTHONPATH} _=/usr/bin/env /usr/bin/python3 -W ignore:setup.py install is deprecated -W ignore:easy_install command is deprecated setup.py egg_info --egg-base ../../build/my_chatter build --build-base /home/user/ros_workspaces/lab1/build/my_chatter/build install --record /home/user/ros_workspaces/lab1/build/my_chatter/install.log --single-version-externally-managed install_data
