[0.706s] Invoking command in '/home/user/ros_workspaces/lab1/src/my_chatter': LD_LIBRARY_PATH=/home/user/ros_workspaces/lab1/install/my_chatter_msgs/lib:/usr/local/cuda-10.2/lib64:/home/user/.catkin_ws_python3/src/TensorRT-7.0.0.11/lib:/opt/ros/humble/opt/rviz_ogre_vendor/lib:/opt/ros/humble/lib/x86_64-linux-gnu:/opt/ros/humble/lib:/usr/local/cuda-10.2/lib64:/home/user/.catkin_ws_python3/src/TensorRT-7.0.0.11/lib:/usr/lib/x86_64-linux-gnu/gazebo-11/plugins:/usr/lib/x86_64-linux-gnu/gazebo-11/plugins:/usr/lib/x86_64-linux-gnu/gazebo-11/plugins PYTHONPATH=/home/user/ros_workspaces/lab1/build/my_chatter/prefix_override:/usr/lib/python3/dist-packages/colcon_core/task/python/colcon_distutils_commands:/home/user/ros_workspaces/lab1/install/my_chatter/lib/python3.10/site-packages:${PYTHONPATH} _=/usr/bin/env /usr/bin/python3 -W ignore:setup.py install is deprecated -W ignore:easy_install command is deprecated setup.py egg_info --egg-base ../../build/my_chatter build --build-base /home/user/ros_workspaces/lab1/build/my_chatter/build install --record /home/user/ros_workspaces/lab1/build/my_chatter/install.log --single-version-externally-managed install_data
[0.998s] running egg_info
[1.016s] writing ../../build/my_chatter/my_chatter.egg-info/PKG-INFO
[1.017s] writing dependency_links to ../../build/my_chatter/my_chatter.egg-info/dependency_links.txt
[1.017s] writing entry points to ../../build/my_chatter/my_chatter.egg-info/entry_points.txt
[1.017s] writing requirements to ../../build/my_chatter/my_chatter.egg-info/requires.txt
[1.017s] writing top-level names to ../../build/my_chatter/my_chatter.egg-info/top_level.txt
[1.057s] reading manifest file '../../build/my_chatter/my_chatter.egg-info/SOURCES.txt'
[1.059s] writing manifest file '../../build/my_chatter/my_chatter.egg-info/SOURCES.txt'
[1.059s] running build
[1.059s] running build_py
[1.059s] copying my_chatter/__init__.py -> /home/user/ros_workspaces/lab1/build/my_chatter/build/lib/my_chatter
[1.060s] copying my_chatter/new_subscriber_function.py -> /home/user/ros_workspaces/lab1/build/my_chatter/build/lib/my_chatter
[1.060s] copying my_chatter/new_publisher_function.py -> /home/user/ros_workspaces/lab1/build/my_chatter/build/lib/my_chatter
[1.060s] running install
[1.065s] running install_lib
[1.085s] copying /home/user/ros_workspaces/lab1/build/my_chatter/build/lib/my_chatter/new_subscriber_function.py -> /home/user/ros_workspaces/lab1/install/my_chatter/lib/python3.10/site-packages/my_chatter
[1.085s] copying /home/user/ros_workspaces/lab1/build/my_chatter/build/lib/my_chatter/new_publisher_function.py -> /home/user/ros_workspaces/lab1/install/my_chatter/lib/python3.10/site-packages/my_chatter
[1.086s] byte-compiling /home/user/ros_workspaces/lab1/install/my_chatter/lib/python3.10/site-packages/my_chatter/new_subscriber_function.py to new_subscriber_function.cpython-310.pyc
[1.086s] byte-compiling /home/user/ros_workspaces/lab1/install/my_chatter/lib/python3.10/site-packages/my_chatter/new_publisher_function.py to new_publisher_function.cpython-310.pyc
[1.087s] running install_data
[1.087s] copying resource/my_chatter -> /home/user/ros_workspaces/lab1/install/my_chatter/share/ament_index/resource_index/packages
[1.088s] copying package.xml -> /home/user/ros_workspaces/lab1/install/my_chatter/share/my_chatter
[1.088s] running install_egg_info
[1.107s] removing '/home/user/ros_workspaces/lab1/install/my_chatter/lib/python3.10/site-packages/my_chatter-0.0.0-py3.10.egg-info' (and everything under it)
[1.107s] Copying ../../build/my_chatter/my_chatter.egg-info to /home/user/ros_workspaces/lab1/install/my_chatter/lib/python3.10/site-packages/my_chatter-0.0.0-py3.10.egg-info
[1.108s] running install_scripts
[1.154s] Installing my_listener script to /home/user/ros_workspaces/lab1/install/my_chatter/lib/my_chatter
[1.154s] Installing my_talker script to /home/user/ros_workspaces/lab1/install/my_chatter/lib/my_chatter
[1.154s] writing list of installed files to '/home/user/ros_workspaces/lab1/build/my_chatter/install.log'
[1.180s] Invoked command in '/home/user/ros_workspaces/lab1/src/my_chatter' returned '0': LD_LIBRARY_PATH=/home/user/ros_workspaces/lab1/install/my_chatter_msgs/lib:/usr/local/cuda-10.2/lib64:/home/user/.catkin_ws_python3/src/TensorRT-7.0.0.11/lib:/opt/ros/humble/opt/rviz_ogre_vendor/lib:/opt/ros/humble/lib/x86_64-linux-gnu:/opt/ros/humble/lib:/usr/local/cuda-10.2/lib64:/home/user/.catkin_ws_python3/src/TensorRT-7.0.0.11/lib:/usr/lib/x86_64-linux-gnu/gazebo-11/plugins:/usr/lib/x86_64-linux-gnu/gazebo-11/plugins:/usr/lib/x86_64-linux-gnu/gazebo-11/plugins PYTHONPATH=/home/user/ros_workspaces/lab1/build/my_chatter/prefix_override:/usr/lib/python3/dist-packages/colcon_core/task/python/colcon_distutils_commands:/home/user/ros_workspaces/lab1/install/my_chatter/lib/python3.10/site-packages:${PYTHONPATH} _=/usr/bin/env /usr/bin/python3 -W ignore:setup.py install is deprecated -W ignore:easy_install command is deprecated setup.py egg_info --egg-base ../../build/my_chatter build --build-base /home/user/ros_workspaces/lab1/build/my_chatter/build install --record /home/user/ros_workspaces/lab1/build/my_chatter/install.log --single-version-externally-managed install_data
