[4.763s] Invoking command in '/home/cc/ee106a/fa26/class/ee106a-aec/ros_workspaces/lab2/build/turtle_patrol_interface': CMAKE_PREFIX_PATH=/home/ff/ee106a/robot_workspaces/ur/install/ur7e_utils:/opt/ros/humble /usr/bin/cmake --build /home/cc/ee106a/fa26/class/ee106a-aec/ros_workspaces/lab2/build/turtle_patrol_interface -- -j24 -l24
[5.576s] [35m[1mConsolidate compiler generated dependencies of target turtle_patrol_interface__rosidl_generator_c[0m
[5.828s] [  3%] Built target turtle_patrol_interface__rs
[5.888s] [  6%] Built target turtle_patrol_interface__cpp
[5.942s] [ 15%] Built target turtle_patrol_interface__rosidl_generator_c
[6.230s] [ 15%] Built target ament_cmake_python_copy_turtle_patrol_interface
[6.343s] [35m[1mConsolidate compiler generated dependencies of target turtle_patrol_interface__rosidl_typesupport_fastrtps_cpp[0m
[6.365s] [35m[1mConsolidate compiler generated dependencies of target turtle_patrol_interface__rosidl_typesupport_cpp[0m
[6.391s] [35m[1mConsolidate compiler generated dependencies of target turtle_patrol_interface__rosidl_typesupport_introspection_cpp[0m
[6.430s] [35m[1mConsolidate compiler generated dependencies of target turtle_patrol_interface__rosidl_typesupport_fastrtps_c[0m
[6.457s] [35m[1mConsolidate compiler generated dependencies of target turtle_patrol_interface__rosidl_typesupport_c[0m
[6.479s] [35m[1mConsolidate compiler generated dependencies of target turtle_patrol_interface__rosidl_typesupport_introspection_c[0m
[7.068s] [ 34%] Built target turtle_patrol_interface__rosidl_typesupport_introspection_c
[7.071s] [ 34%] Built target turtle_patrol_interface__rosidl_typesupport_c
[7.095s] [ 43%] Built target turtle_patrol_interface__rosidl_typesupport_introspection_cpp
[7.111s] [ 53%] Built target turtle_patrol_interface__rosidl_typesupport_cpp
[7.138s] [ 62%] Built target turtle_patrol_interface__rosidl_typesupport_fastrtps_cpp
[7.158s] [ 71%] Built target turtle_patrol_interface__rosidl_typesupport_fastrtps_c
[7.917s] [ 71%] Built target turtle_patrol_interface
[8.254s] [ 75%] Built target turtle_patrol_interface__py
[8.416s] [35m[1mConsolidate compiler generated dependencies of target turtle_patrol_interface__rosidl_generator_py[0m
[8.692s] [ 81%] Built target turtle_patrol_interface__rosidl_generator_py
[8.920s] [35m[1mConsolidate compiler generated dependencies of target turtle_patrol_interface__rosidl_typesupport_fastrtps_c__pyext[0m
[8.932s] [35m[1mConsolidate compiler generated dependencies of target turtle_patrol_interface__rosidl_typesupport_introspection_c__pyext[0m
[8.950s] [35m[1mConsolidate compiler generated dependencies of target turtle_patrol_interface__rosidl_typesupport_c__pyext[0m
[9.260s] [ 87%] Built target turtle_patrol_interface__rosidl_typesupport_fastrtps_c__pyext
[9.275s] [ 93%] Built target turtle_patrol_interface__rosidl_typesupport_introspection_c__pyext
[9.292s] [100%] Built target turtle_patrol_interface__rosidl_typesupport_c__pyext
[10.392s] running egg_info
[10.396s] writing turtle_patrol_interface.egg-info/PKG-INFO
[10.403s] writing dependency_links to turtle_patrol_interface.egg-info/dependency_links.txt
[10.410s] writing top-level names to turtle_patrol_interface.egg-info/top_level.txt
[10.430s] reading manifest file 'turtle_patrol_interface.egg-info/SOURCES.txt'
[10.432s] writing manifest file 'turtle_patrol_interface.egg-info/SOURCES.txt'
[10.635s] [100%] Built target ament_cmake_python_build_turtle_patrol_interface_egg
[10.885s] Invoked command in '/home/cc/ee106a/fa26/class/ee106a-aec/ros_workspaces/lab2/build/turtle_patrol_interface' returned '0': CMAKE_PREFIX_PATH=/home/ff/ee106a/robot_workspaces/ur/install/ur7e_utils:/opt/ros/humble /usr/bin/cmake --build /home/cc/ee106a/fa26/class/ee106a-aec/ros_workspaces/lab2/build/turtle_patrol_interface -- -j24 -l24
[10.979s] Invoking command in '/home/cc/ee106a/fa26/class/ee106a-aec/ros_workspaces/lab2/build/turtle_patrol_interface': CMAKE_PREFIX_PATH=/home/ff/ee106a/robot_workspaces/ur/install/ur7e_utils:/opt/ros/humble /usr/bin/cmake --install /home/cc/ee106a/fa26/class/ee106a-aec/ros_workspaces/lab2/build/turtle_patrol_interface
[11.110s] -- Install configuration: ""
[11.110s] -- Up-to-date: /home/cc/ee106a/fa26/class/ee106a-aec/ros_workspaces/lab2/install/turtle_patrol_interface/share/ament_index/resource_index/rosidl_interfaces/turtle_patrol_interface
[11.110s] -- Up-to-date: /home/cc/ee106a/fa26/class/ee106a-aec/ros_workspaces/lab2/install/turtle_patrol_interface/include/turtle_patrol_interface/turtle_patrol_interface
[11.110s] -- Up-to-date: /home/cc/ee106a/fa26/class/ee106a-aec/ros_workspaces/lab2/install/turtle_patrol_interface/include/turtle_patrol_interface/turtle_patrol_interface/msg
[11.112s] -- Up-to-date: /home/cc/ee106a/fa26/class/ee106a-aec/ros_workspaces/lab2/install/turtle_patrol_interface/include/turtle_patrol_interface/turtle_patrol_interface/msg/rosidl_generator_c__visibility_control.h
[11.114s] -- Up-to-date: /home/cc/ee106a/fa26/class/ee106a-aec/ros_workspaces/lab2/install/turtle_patrol_interface/include/turtle_patrol_interface/turtle_patrol_interface/srv
[11.121s] -- Up-to-date: /home/cc/ee106a/fa26/class/ee106a-aec/ros_workspaces/lab2/install/turtle_patrol_interface/include/turtle_patrol_interface/turtle_patrol_interface/srv/detail
[11.127s] -- Up-to-date: /home/cc/ee106a/fa26/class/ee106a-aec/ros_workspaces/lab2/install/turtle_patrol_interface/include/turtle_patrol_interface/turtle_patrol_interface/srv/detail/patrol__struct.h
[11.128s] -- Up-to-date: /home/cc/ee106a/fa26/class/ee106a-aec/ros_workspaces/lab2/install/turtle_patrol_interface/include/turtle_patrol_interface/turtle_patrol_interface/srv/detail/patrol__functions.c
[11.129s] -- Up-to-date: /home/cc/ee106a/fa26/class/ee106a-aec/ros_workspaces/lab2/install/turtle_patrol_interface/include/turtle_patrol_interface/turtle_patrol_interface/srv/detail/patrol__type_support.h
[11.130s] -- Up-to-date: /home/cc/ee106a/fa26/class/ee106a-aec/ros_workspaces/lab2/install/turtle_patrol_interface/include/turtle_patrol_interface/turtle_patrol_interface/srv/detail/patrol__functions.h
[11.131s] -- Up-to-date: /home/cc/ee106a/fa26/class/ee106a-aec/ros_workspaces/lab2/install/turtle_patrol_interface/include/turtle_patrol_interface/turtle_patrol_interface/srv/patrol.h
[11.133s] -- Up-to-date: /home/cc/ee106a/fa26/class/ee106a-aec/ros_workspaces/lab2/install/turtle_patrol_interface/share/turtle_patrol_interface/environment/library_path.sh
[11.135s] -- Up-to-date: /home/cc/ee106a/fa26/class/ee106a-aec/ros_workspaces/lab2/install/turtle_patrol_interface/share/turtle_patrol_interface/environment/library_path.dsv
[11.140s] -- Up-to-date: /home/cc/ee106a/fa26/class/ee106a-aec/ros_workspaces/lab2/install/turtle_patrol_interface/lib/libturtle_patrol_interface__rosidl_generator_c.so
[11.146s] -- Up-to-date: /home/cc/ee106a/fa26/class/ee106a-aec/ros_workspaces/lab2/install/turtle_patrol_interface/include/turtle_patrol_interface/turtle_patrol_interface
[11.150s] -- Up-to-date: /home/cc/ee106a/fa26/class/ee106a-aec/ros_workspaces/lab2/install/turtle_patrol_interface/include/turtle_patrol_interface/turtle_patrol_interface/msg
[11.153s] -- Up-to-date: /home/cc/ee106a/fa26/class/ee106a-aec/ros_workspaces/lab2/install/turtle_patrol_interface/include/turtle_patrol_interface/turtle_patrol_interface/msg/rosidl_typesupport_fastrtps_c__visibility_control.h
[11.156s] -- Up-to-date: /home/cc/ee106a/fa26/class/ee106a-aec/ros_workspaces/lab2/install/turtle_patrol_interface/include/turtle_patrol_interface/turtle_patrol_interface/srv
[11.159s] -- Up-to-date: /home/cc/ee106a/fa26/class/ee106a-aec/ros_workspaces/lab2/install/turtle_patrol_interface/include/turtle_patrol_interface/turtle_patrol_interface/srv/detail
[11.165s] -- Up-to-date: /home/cc/ee106a/fa26/class/ee106a-aec/ros_workspaces/lab2/install/turtle_patrol_interface/include/turtle_patrol_interface/turtle_patrol_interface/srv/detail/patrol__rosidl_typesupport_fastrtps_c.h
[11.165s] -- Up-to-date: /home/cc/ee106a/fa26/class/ee106a-aec/ros_workspaces/lab2/install/turtle_patrol_interface/lib/libturtle_patrol_interface__rosidl_typesupport_fastrtps_c.so
[11.168s] -- Up-to-date: /home/cc/ee106a/fa26/class/ee106a-aec/ros_workspaces/lab2/install/turtle_patrol_interface/include/turtle_patrol_interface/turtle_patrol_interface
[11.174s] -- Up-to-date: /home/cc/ee106a/fa26/class/ee106a-aec/ros_workspaces/lab2/install/turtle_patrol_interface/include/turtle_patrol_interface/turtle_patrol_interface/srv
[11.176s] -- Up-to-date: /home/cc/ee106a/fa26/class/ee106a-aec/ros_workspaces/lab2/install/turtle_patrol_interface/include/turtle_patrol_interface/turtle_patrol_interface/srv/detail
[11.179s] -- Up-to-date: /home/cc/ee106a/fa26/class/ee106a-aec/ros_workspaces/lab2/install/turtle_patrol_interface/include/turtle_patrol_interface/turtle_patrol_interface/srv/detail/patrol__type_support.hpp
[11.181s] -- Up-to-date: /home/cc/ee106a/fa26/class/ee106a-aec/ros_workspaces/lab2/install/turtle_patrol_interface/include/turtle_patrol_interface/turtle_patrol_interface/srv/detail/patrol__struct.hpp
[11.184s] -- Up-to-date: /home/cc/ee106a/fa26/class/ee106a-aec/ros_workspaces/lab2/install/turtle_patrol_interface/include/turtle_patrol_interface/turtle_patrol_interface/srv/detail/patrol__traits.hpp
[11.186s] -- Up-to-date: /home/cc/ee106a/fa26/class/ee106a-aec/ros_workspaces/lab2/install/turtle_patrol_interface/include/turtle_patrol_interface/turtle_patrol_interface/srv/detail/patrol__builder.hpp
[11.187s] -- Up-to-date: /home/cc/ee106a/fa26/class/ee106a-aec/ros_workspaces/lab2/install/turtle_patrol_interface/include/turtle_patrol_interface/turtle_patrol_interface/srv/patrol.hpp
[11.189s] -- Up-to-date: /home/cc/ee106a/fa26/class/ee106a-aec/ros_workspaces/lab2/install/turtle_patrol_interface/include/turtle_patrol_interface/turtle_patrol_interface/msg
[11.192s] -- Up-to-date: /home/cc/ee106a/fa26/class/ee106a-aec/ros_workspaces/lab2/install/turtle_patrol_interface/include/turtle_patrol_interface/turtle_patrol_interface/msg/rosidl_generator_cpp__visibility_control.hpp
[11.193s] -- Up-to-date: /home/cc/ee106a/fa26/class/ee106a-aec/ros_workspaces/lab2/install/turtle_patrol_interface/include/turtle_patrol_interface/turtle_patrol_interface
[11.197s] -- Up-to-date: /home/cc/ee106a/fa26/class/ee106a-aec/ros_workspaces/lab2/install/turtle_patrol_interface/include/turtle_patrol_interface/turtle_patrol_interface/msg
[11.201s] -- Up-to-date: /home/cc/ee106a/fa26/class/ee106a-aec/ros_workspaces/lab2/install/turtle_patrol_interface/include/turtle_patrol_interface/turtle_patrol_interface/msg/rosidl_typesupport_fastrtps_cpp__visibility_control.h
[11.203s] -- Up-to-date: /home/cc/ee106a/fa26/class/ee106a-aec/ros_workspaces/lab2/install/turtle_patrol_interface/include/turtle_patrol_interface/turtle_patrol_interface/srv
[11.206s] -- Up-to-date: /home/cc/ee106a/fa26/class/ee106a-aec/ros_workspaces/lab2/install/turtle_patrol_interface/include/turtle_patrol_interface/turtle_patrol_interface/srv/detail
[11.209s] -- Up-to-date: /home/cc/ee106a/fa26/class/ee106a-aec/ros_workspaces/lab2/install/turtle_patrol_interface/include/turtle_patrol_interface/turtle_patrol_interface/srv/detail/patrol__rosidl_typesupport_fastrtps_cpp.hpp
[11.212s] -- Up-to-date: /home/cc/ee106a/fa26/class/ee106a-aec/ros_workspaces/lab2/install/turtle_patrol_interface/include/turtle_patrol_interface/turtle_patrol_interface/srv/detail/dds_fastrtps
[11.215s] -- Up-to-date: /home/cc/ee106a/fa26/class/ee106a-aec/ros_workspaces/lab2/install/turtle_patrol_interface/lib/libturtle_patrol_interface__rosidl_typesupport_fastrtps_cpp.so
[11.220s] -- Up-to-date: /home/cc/ee106a/fa26/class/ee106a-aec/ros_workspaces/lab2/install/turtle_patrol_interface/include/turtle_patrol_interface/turtle_patrol_interface
[11.224s] -- Up-to-date: /home/cc/ee106a/fa26/class/ee106a-aec/ros_workspaces/lab2/install/turtle_patrol_interface/include/turtle_patrol_interface/turtle_patrol_interface/msg
[11.227s] -- Up-to-date: /home/cc/ee106a/fa26/class/ee106a-aec/ros_workspaces/lab2/install/turtle_patrol_interface/include/turtle_patrol_interface/turtle_patrol_interface/msg/rosidl_typesupport_introspection_c__visibility_control.h
[11.229s] -- Up-to-date: /home/cc/ee106a/fa26/class/ee106a-aec/ros_workspaces/lab2/install/turtle_patrol_interface/include/turtle_patrol_interface/turtle_patrol_interface/srv
[11.236s] -- Up-to-date: /home/cc/ee106a/fa26/class/ee106a-aec/ros_workspaces/lab2/install/turtle_patrol_interface/include/turtle_patrol_interface/turtle_patrol_interface/srv/detail
[11.239s] -- Up-to-date: /home/cc/ee106a/fa26/class/ee106a-aec/ros_workspaces/lab2/install/turtle_patrol_interface/include/turtle_patrol_interface/turtle_patrol_interface/srv/detail/patrol__type_support.c
[11.241s] -- Up-to-date: /home/cc/ee106a/fa26/class/ee106a-aec/ros_workspaces/lab2/install/turtle_patrol_interface/include/turtle_patrol_interface/turtle_patrol_interface/srv/detail/patrol__rosidl_typesupport_introspection_c.h
[11.243s] -- Up-to-date: /home/cc/ee106a/fa26/class/ee106a-aec/ros_workspaces/lab2/install/turtle_patrol_interface/lib/libturtle_patrol_interface__rosidl_typesupport_introspection_c.so
[11.248s] -- Up-to-date: /home/cc/ee106a/fa26/class/ee106a-aec/ros_workspaces/lab2/install/turtle_patrol_interface/lib/libturtle_patrol_interface__rosidl_typesupport_c.so
[11.251s] -- Up-to-date: /home/cc/ee106a/fa26/class/ee106a-aec/ros_workspaces/lab2/install/turtle_patrol_interface/include/turtle_patrol_interface/turtle_patrol_interface
[11.257s] -- Up-to-date: /home/cc/ee106a/fa26/class/ee106a-aec/ros_workspaces/lab2/install/turtle_patrol_interface/include/turtle_patrol_interface/turtle_patrol_interface/srv
[11.260s] -- Up-to-date: /home/cc/ee106a/fa26/class/ee106a-aec/ros_workspaces/lab2/install/turtle_patrol_interface/include/turtle_patrol_interface/turtle_patrol_interface/srv/detail
[11.266s] -- Up-to-date: /home/cc/ee106a/fa26/class/ee106a-aec/ros_workspaces/lab2/install/turtle_patrol_interface/include/turtle_patrol_interface/turtle_patrol_interface/srv/detail/patrol__rosidl_typesupport_introspection_cpp.hpp
[11.266s] -- Up-to-date: /home/cc/ee106a/fa26/class/ee106a-aec/ros_workspaces/lab2/install/turtle_patrol_interface/include/turtle_patrol_interface/turtle_patrol_interface/srv/detail/patrol__type_support.cpp
[11.267s] -- Up-to-date: /home/cc/ee106a/fa26/class/ee106a-aec/ros_workspaces/lab2/install/turtle_patrol_interface/lib/libturtle_patrol_interface__rosidl_typesupport_introspection_cpp.so
[11.275s] -- Up-to-date: /home/cc/ee106a/fa26/class/ee106a-aec/ros_workspaces/lab2/install/turtle_patrol_interface/lib/libturtle_patrol_interface__rosidl_typesupport_cpp.so
[11.279s] -- Up-to-date: /home/cc/ee106a/fa26/class/ee106a-aec/ros_workspaces/lab2/install/turtle_patrol_interface/share/turtle_patrol_interface/environment/pythonpath.sh
[11.280s] -- Up-to-date: /home/cc/ee106a/fa26/class/ee106a-aec/ros_workspaces/lab2/install/turtle_patrol_interface/share/turtle_patrol_interface/environment/pythonpath.dsv
[11.282s] -- Up-to-date: /home/cc/ee106a/fa26/class/ee106a-aec/ros_workspaces/lab2/install/turtle_patrol_interface/local/lib/python3.10/dist-packages/turtle_patrol_interface-0.0.0-py3.10.egg-info
[11.286s] -- Installing: /home/cc/ee106a/fa26/class/ee106a-aec/ros_workspaces/lab2/install/turtle_patrol_interface/local/lib/python3.10/dist-packages/turtle_patrol_interface-0.0.0-py3.10.egg-info/top_level.txt
[11.356s] -- Installing: /home/cc/ee106a/fa26/class/ee106a-aec/ros_workspaces/lab2/install/turtle_patrol_interface/local/lib/python3.10/dist-packages/turtle_patrol_interface-0.0.0-py3.10.egg-info/SOURCES.txt
[11.368s] -- Installing: /home/cc/ee106a/fa26/class/ee106a-aec/ros_workspaces/lab2/install/turtle_patrol_interface/local/lib/python3.10/dist-packages/turtle_patrol_interface-0.0.0-py3.10.egg-info/PKG-INFO
[11.381s] -- Installing: /home/cc/ee106a/fa26/class/ee106a-aec/ros_workspaces/lab2/install/turtle_patrol_interface/local/lib/python3.10/dist-packages/turtle_patrol_interface-0.0.0-py3.10.egg-info/dependency_links.txt
[11.397s] -- Up-to-date: /home/cc/ee106a/fa26/class/ee106a-aec/ros_workspaces/lab2/install/turtle_patrol_interface/local/lib/python3.10/dist-packages/turtle_patrol_interface
[11.400s] -- Up-to-date: /home/cc/ee106a/fa26/class/ee106a-aec/ros_workspaces/lab2/install/turtle_patrol_interface/local/lib/python3.10/dist-packages/turtle_patrol_interface/__init__.py
[11.403s] -- Up-to-date: /home/cc/ee106a/fa26/class/ee106a-aec/ros_workspaces/lab2/install/turtle_patrol_interface/local/lib/python3.10/dist-packages/turtle_patrol_interface/srv
[11.408s] -- Up-to-date: /home/cc/ee106a/fa26/class/ee106a-aec/ros_workspaces/lab2/install/turtle_patrol_interface/local/lib/python3.10/dist-packages/turtle_patrol_interface/srv/__init__.py
[11.411s] -- Up-to-date: /home/cc/ee106a/fa26/class/ee106a-aec/ros_workspaces/lab2/install/turtle_patrol_interface/local/lib/python3.10/dist-packages/turtle_patrol_interface/srv/_patrol_s.c
[11.412s] -- Up-to-date: /home/cc/ee106a/fa26/class/ee106a-aec/ros_workspaces/lab2/install/turtle_patrol_interface/local/lib/python3.10/dist-packages/turtle_patrol_interface/srv/_patrol.py
[11.413s] -- Up-to-date: /home/cc/ee106a/fa26/class/ee106a-aec/ros_workspaces/lab2/install/turtle_patrol_interface/local/lib/python3.10/dist-packages/turtle_patrol_interface/turtle_patrol_interface_s__rosidl_typesupport_fastrtps_c.cpython-310-x86_64-linux-gnu.so
[11.415s] -- Up-to-date: /home/cc/ee106a/fa26/class/ee106a-aec/ros_workspaces/lab2/install/turtle_patrol_interface/local/lib/python3.10/dist-packages/turtle_patrol_interface/_turtle_patrol_interface_s.ep.rosidl_typesupport_fastrtps_c.c
[11.418s] -- Up-to-date: /home/cc/ee106a/fa26/class/ee106a-aec/ros_workspaces/lab2/install/turtle_patrol_interface/local/lib/python3.10/dist-packages/turtle_patrol_interface/_turtle_patrol_interface_s.ep.rosidl_typesupport_introspection_c.c
[11.420s] -- Up-to-date: /home/cc/ee106a/fa26/class/ee106a-aec/ros_workspaces/lab2/install/turtle_patrol_interface/local/lib/python3.10/dist-packages/turtle_patrol_interface/turtle_patrol_interface_s__rosidl_typesupport_introspection_c.cpython-310-x86_64-linux-gnu.so
[11.421s] -- Up-to-date: /home/cc/ee106a/fa26/class/ee106a-aec/ros_workspaces/lab2/install/turtle_patrol_interface/local/lib/python3.10/dist-packages/turtle_patrol_interface/_turtle_patrol_interface_s.ep.rosidl_typesupport_c.c
[11.424s] -- Up-to-date: /home/cc/ee106a/fa26/class/ee106a-aec/ros_workspaces/lab2/install/turtle_patrol_interface/local/lib/python3.10/dist-packages/turtle_patrol_interface/turtle_patrol_interface_s__rosidl_typesupport_c.cpython-310-x86_64-linux-gnu.so
[11.425s] -- Up-to-date: /home/cc/ee106a/fa26/class/ee106a-aec/ros_workspaces/lab2/install/turtle_patrol_interface/local/lib/python3.10/dist-packages/turtle_patrol_interface/libturtle_patrol_interface__rosidl_generator_py.so
[11.728s] Listing '/home/cc/ee106a/fa26/class/ee106a-aec/ros_workspaces/lab2/install/turtle_patrol_interface/local/lib/python3.10/dist-packages/turtle_patrol_interface'...
[11.731s] Listing '/home/cc/ee106a/fa26/class/ee106a-aec/ros_workspaces/lab2/install/turtle_patrol_interface/local/lib/python3.10/dist-packages/turtle_patrol_interface/srv'...
[11.749s] -- Up-to-date: /home/cc/ee106a/fa26/class/ee106a-aec/ros_workspaces/lab2/install/turtle_patrol_interface/local/lib/python3.10/dist-packages/turtle_patrol_interface/turtle_patrol_interface_s__rosidl_typesupport_fastrtps_c.cpython-310-x86_64-linux-gnu.so
[11.761s] -- Up-to-date: /home/cc/ee106a/fa26/class/ee106a-aec/ros_workspaces/lab2/install/turtle_patrol_interface/local/lib/python3.10/dist-packages/turtle_patrol_interface/turtle_patrol_interface_s__rosidl_typesupport_introspection_c.cpython-310-x86_64-linux-gnu.so
[11.768s] -- Up-to-date: /home/cc/ee106a/fa26/class/ee106a-aec/ros_workspaces/lab2/install/turtle_patrol_interface/local/lib/python3.10/dist-packages/turtle_patrol_interface/turtle_patrol_interface_s__rosidl_typesupport_c.cpython-310-x86_64-linux-gnu.so
[11.776s] -- Up-to-date: /home/cc/ee106a/fa26/class/ee106a-aec/ros_workspaces/lab2/install/turtle_patrol_interface/lib/libturtle_patrol_interface__rosidl_generator_py.so
[11.780s] -- Up-to-date: /home/cc/ee106a/fa26/class/ee106a-aec/ros_workspaces/lab2/install/turtle_patrol_interface/share/ament_index/resource_index/rust_packages/turtle_patrol_interface
[11.782s] -- Up-to-date: /home/cc/ee106a/fa26/class/ee106a-aec/ros_workspaces/lab2/install/turtle_patrol_interface/share/turtle_patrol_interface/rust
[11.786s] -- Up-to-date: /home/cc/ee106a/fa26/class/ee106a-aec/ros_workspaces/lab2/install/turtle_patrol_interface/share/turtle_patrol_interface/rust/build.rs
[11.787s] -- Up-to-date: /home/cc/ee106a/fa26/class/ee106a-aec/ros_workspaces/lab2/install/turtle_patrol_interface/share/turtle_patrol_interface/rust/Cargo.toml
[11.792s] -- Up-to-date: /home/cc/ee106a/fa26/class/ee106a-aec/ros_workspaces/lab2/install/turtle_patrol_interface/share/turtle_patrol_interface/rust/src
[11.793s] -- Up-to-date: /home/cc/ee106a/fa26/class/ee106a-aec/ros_workspaces/lab2/install/turtle_patrol_interface/share/turtle_patrol_interface/rust/src/srv.rs
[11.795s] -- Up-to-date: /home/cc/ee106a/fa26/class/ee106a-aec/ros_workspaces/lab2/install/turtle_patrol_interface/share/turtle_patrol_interface/rust/src/srv
[11.799s] -- Up-to-date: /home/cc/ee106a/fa26/class/ee106a-aec/ros_workspaces/lab2/install/turtle_patrol_interface/share/turtle_patrol_interface/rust/src/srv/rmw.rs
[11.802s] -- Up-to-date: /home/cc/ee106a/fa26/class/ee106a-aec/ros_workspaces/lab2/install/turtle_patrol_interface/share/turtle_patrol_interface/rust/src/lib.rs
[11.805s] -- Up-to-date: /home/cc/ee106a/fa26/class/ee106a-aec/ros_workspaces/lab2/install/turtle_patrol_interface/share/turtle_patrol_interface/srv/Patrol.idl
[11.805s] -- Up-to-date: /home/cc/ee106a/fa26/class/ee106a-aec/ros_workspaces/lab2/install/turtle_patrol_interface/share/turtle_patrol_interface/srv/Patrol.srv
[11.808s] -- Up-to-date: /home/cc/ee106a/fa26/class/ee106a-aec/ros_workspaces/lab2/install/turtle_patrol_interface/share/turtle_patrol_interface/srv/Patrol_Request.msg
[11.809s] -- Up-to-date: /home/cc/ee106a/fa26/class/ee106a-aec/ros_workspaces/lab2/install/turtle_patrol_interface/share/turtle_patrol_interface/srv/Patrol_Response.msg
[11.813s] -- Up-to-date: /home/cc/ee106a/fa26/class/ee106a-aec/ros_workspaces/lab2/install/turtle_patrol_interface/share/ament_index/resource_index/package_run_dependencies/turtle_patrol_interface
[11.815s] -- Up-to-date: /home/cc/ee106a/fa26/class/ee106a-aec/ros_workspaces/lab2/install/turtle_patrol_interface/share/ament_index/resource_index/parent_prefix_path/turtle_patrol_interface
[11.815s] -- Up-to-date: /home/cc/ee106a/fa26/class/ee106a-aec/ros_workspaces/lab2/install/turtle_patrol_interface/share/turtle_patrol_interface/environment/ament_prefix_path.sh
[11.818s] -- Up-to-date: /home/cc/ee106a/fa26/class/ee106a-aec/ros_workspaces/lab2/install/turtle_patrol_interface/share/turtle_patrol_interface/environment/ament_prefix_path.dsv
[11.825s] -- Up-to-date: /home/cc/ee106a/fa26/class/ee106a-aec/ros_workspaces/lab2/install/turtle_patrol_interface/share/turtle_patrol_interface/environment/path.sh
[11.827s] -- Up-to-date: /home/cc/ee106a/fa26/class/ee106a-aec/ros_workspaces/lab2/install/turtle_patrol_interface/share/turtle_patrol_interface/environment/path.dsv
[11.829s] -- Up-to-date: /home/cc/ee106a/fa26/class/ee106a-aec/ros_workspaces/lab2/install/turtle_patrol_interface/share/turtle_patrol_interface/local_setup.bash
[11.829s] -- Up-to-date: /home/cc/ee106a/fa26/class/ee106a-aec/ros_workspaces/lab2/install/turtle_patrol_interface/share/turtle_patrol_interface/local_setup.sh
[11.829s] -- Up-to-date: /home/cc/ee106a/fa26/class/ee106a-aec/ros_workspaces/lab2/install/turtle_patrol_interface/share/turtle_patrol_interface/local_setup.zsh
[11.829s] -- Up-to-date: /home/cc/ee106a/fa26/class/ee106a-aec/ros_workspaces/lab2/install/turtle_patrol_interface/share/turtle_patrol_interface/local_setup.dsv
[11.833s] -- Installing: /home/cc/ee106a/fa26/class/ee106a-aec/ros_workspaces/lab2/install/turtle_patrol_interface/share/turtle_patrol_interface/package.dsv
[11.850s] -- Up-to-date: /home/cc/ee106a/fa26/class/ee106a-aec/ros_workspaces/lab2/install/turtle_patrol_interface/share/ament_index/resource_index/packages/turtle_patrol_interface
[11.858s] -- Up-to-date: /home/cc/ee106a/fa26/class/ee106a-aec/ros_workspaces/lab2/install/turtle_patrol_interface/share/turtle_patrol_interface/cmake/export_turtle_patrol_interface__rosidl_generator_cExport.cmake
[11.860s] -- Up-to-date: /home/cc/ee106a/fa26/class/ee106a-aec/ros_workspaces/lab2/install/turtle_patrol_interface/share/turtle_patrol_interface/cmake/export_turtle_patrol_interface__rosidl_generator_cExport-noconfig.cmake
[11.865s] -- Up-to-date: /home/cc/ee106a/fa26/class/ee106a-aec/ros_workspaces/lab2/install/turtle_patrol_interface/share/turtle_patrol_interface/cmake/export_turtle_patrol_interface__rosidl_typesupport_fastrtps_cExport.cmake
[11.869s] -- Up-to-date: /home/cc/ee106a/fa26/class/ee106a-aec/ros_workspaces/lab2/install/turtle_patrol_interface/share/turtle_patrol_interface/cmake/export_turtle_patrol_interface__rosidl_typesupport_fastrtps_cExport-noconfig.cmake
[11.873s] -- Up-to-date: /home/cc/ee106a/fa26/class/ee106a-aec/ros_workspaces/lab2/install/turtle_patrol_interface/share/turtle_patrol_interface/cmake/export_turtle_patrol_interface__rosidl_generator_cppExport.cmake
[11.879s] -- Up-to-date: /home/cc/ee106a/fa26/class/ee106a-aec/ros_workspaces/lab2/install/turtle_patrol_interface/share/turtle_patrol_interface/cmake/export_turtle_patrol_interface__rosidl_typesupport_fastrtps_cppExport.cmake
[11.880s] -- Up-to-date: /home/cc/ee106a/fa26/class/ee106a-aec/ros_workspaces/lab2/install/turtle_patrol_interface/share/turtle_patrol_interface/cmake/export_turtle_patrol_interface__rosidl_typesupport_fastrtps_cppExport-noconfig.cmake
[11.888s] -- Up-to-date: /home/cc/ee106a/fa26/class/ee106a-aec/ros_workspaces/lab2/install/turtle_patrol_interface/share/turtle_patrol_interface/cmake/turtle_patrol_interface__rosidl_typesupport_introspection_cExport.cmake
[11.890s] -- Up-to-date: /home/cc/ee106a/fa26/class/ee106a-aec/ros_workspaces/lab2/install/turtle_patrol_interface/share/turtle_patrol_interface/cmake/turtle_patrol_interface__rosidl_typesupport_introspection_cExport-noconfig.cmake
[11.894s] -- Up-to-date: /home/cc/ee106a/fa26/class/ee106a-aec/ros_workspaces/lab2/install/turtle_patrol_interface/share/turtle_patrol_interface/cmake/turtle_patrol_interface__rosidl_typesupport_cExport.cmake
[11.896s] -- Up-to-date: /home/cc/ee106a/fa26/class/ee106a-aec/ros_workspaces/lab2/install/turtle_patrol_interface/share/turtle_patrol_interface/cmake/turtle_patrol_interface__rosidl_typesupport_cExport-noconfig.cmake
[11.902s] -- Up-to-date: /home/cc/ee106a/fa26/class/ee106a-aec/ros_workspaces/lab2/install/turtle_patrol_interface/share/turtle_patrol_interface/cmake/turtle_patrol_interface__rosidl_typesupport_introspection_cppExport.cmake
[11.904s] -- Up-to-date: /home/cc/ee106a/fa26/class/ee106a-aec/ros_workspaces/lab2/install/turtle_patrol_interface/share/turtle_patrol_interface/cmake/turtle_patrol_interface__rosidl_typesupport_introspection_cppExport-noconfig.cmake
[11.910s] -- Up-to-date: /home/cc/ee106a/fa26/class/ee106a-aec/ros_workspaces/lab2/install/turtle_patrol_interface/share/turtle_patrol_interface/cmake/turtle_patrol_interface__rosidl_typesupport_cppExport.cmake
[11.911s] -- Up-to-date: /home/cc/ee106a/fa26/class/ee106a-aec/ros_workspaces/lab2/install/turtle_patrol_interface/share/turtle_patrol_interface/cmake/turtle_patrol_interface__rosidl_typesupport_cppExport-noconfig.cmake
[11.916s] -- Up-to-date: /home/cc/ee106a/fa26/class/ee106a-aec/ros_workspaces/lab2/install/turtle_patrol_interface/share/turtle_patrol_interface/cmake/export_turtle_patrol_interface__rosidl_generator_pyExport.cmake
[11.919s] -- Up-to-date: /home/cc/ee106a/fa26/class/ee106a-aec/ros_workspaces/lab2/install/turtle_patrol_interface/share/turtle_patrol_interface/cmake/export_turtle_patrol_interface__rosidl_generator_pyExport-noconfig.cmake
[11.920s] -- Up-to-date: /home/cc/ee106a/fa26/class/ee106a-aec/ros_workspaces/lab2/install/turtle_patrol_interface/share/turtle_patrol_interface/cmake/rosidl_cmake-extras.cmake
[11.926s] -- Up-to-date: /home/cc/ee106a/fa26/class/ee106a-aec/ros_workspaces/lab2/install/turtle_patrol_interface/share/turtle_patrol_interface/cmake/ament_cmake_export_dependencies-extras.cmake
[11.927s] -- Up-to-date: /home/cc/ee106a/fa26/class/ee106a-aec/ros_workspaces/lab2/install/turtle_patrol_interface/share/turtle_patrol_interface/cmake/ament_cmake_export_include_directories-extras.cmake
[11.929s] -- Up-to-date: /home/cc/ee106a/fa26/class/ee106a-aec/ros_workspaces/lab2/install/turtle_patrol_interface/share/turtle_patrol_interface/cmake/ament_cmake_export_libraries-extras.cmake
[11.930s] -- Up-to-date: /home/cc/ee106a/fa26/class/ee106a-aec/ros_workspaces/lab2/install/turtle_patrol_interface/share/turtle_patrol_interface/cmake/ament_cmake_export_targets-extras.cmake
[11.933s] -- Up-to-date: /home/cc/ee106a/fa26/class/ee106a-aec/ros_workspaces/lab2/install/turtle_patrol_interface/share/turtle_patrol_interface/cmake/rosidl_cmake_export_typesupport_targets-extras.cmake
[11.935s] -- Up-to-date: /home/cc/ee106a/fa26/class/ee106a-aec/ros_workspaces/lab2/install/turtle_patrol_interface/share/turtle_patrol_interface/cmake/rosidl_cmake_export_typesupport_libraries-extras.cmake
[11.935s] -- Up-to-date: /home/cc/ee106a/fa26/class/ee106a-aec/ros_workspaces/lab2/install/turtle_patrol_interface/share/turtle_patrol_interface/cmake/rosidl_cmake_aggregate_target-extras.cmake
[11.941s] -- Up-to-date: /home/cc/ee106a/fa26/class/ee106a-aec/ros_workspaces/lab2/install/turtle_patrol_interface/share/turtle_patrol_interface/cmake/turtle_patrol_interfaceConfig.cmake
[11.942s] -- Up-to-date: /home/cc/ee106a/fa26/class/ee106a-aec/ros_workspaces/lab2/install/turtle_patrol_interface/share/turtle_patrol_interface/cmake/turtle_patrol_interfaceConfig-version.cmake
[11.942s] -- Up-to-date: /home/cc/ee106a/fa26/class/ee106a-aec/ros_workspaces/lab2/install/turtle_patrol_interface/share/turtle_patrol_interface/package.xml
[11.969s] Invoked command in '/home/cc/ee106a/fa26/class/ee106a-aec/ros_workspaces/lab2/build/turtle_patrol_interface' returned '0': CMAKE_PREFIX_PATH=/home/ff/ee106a/robot_workspaces/ur/install/ur7e_utils:/opt/ros/humble /usr/bin/cmake --install /home/cc/ee106a/fa26/class/ee106a-aec/ros_workspaces/lab2/build/turtle_patrol_interface
