[0.899s] Invoking command in '/home/user/ros_workspaces/lab0/src/foo': PYTHONPATH=/home/user/ros_workspaces/lab0/build/foo/prefix_override:/usr/lib/python3/dist-packages/colcon_core/task/python/colcon_distutils_commands:/home/user/ros_workspaces/lab0/install/foo/lib/python3.10/site-packages:${PYTHONPATH} _=/usr/bin/env /usr/bin/python3 -W ignore:setup.py install is deprecated -W ignore:easy_install command is deprecated setup.py egg_info --egg-base ../../build/foo build --build-base /home/user/ros_workspaces/lab0/build/foo/build install --record /home/user/ros_workspaces/lab0/build/foo/install.log --single-version-externally-managed install_data
[1.171s] running egg_info
[1.189s] creating ../../build/foo/foo.egg-info
[1.189s] writing ../../build/foo/foo.egg-info/PKG-INFO
[1.190s] writing dependency_links to ../../build/foo/foo.egg-info/dependency_links.txt
[1.190s] writing requirements to ../../build/foo/foo.egg-info/requires.txt
[1.190s] writing top-level names to ../../build/foo/foo.egg-info/top_level.txt
[1.190s] writing manifest file '../../build/foo/foo.egg-info/SOURCES.txt'
[1.228s] reading manifest file '../../build/foo/foo.egg-info/SOURCES.txt'
[1.229s] writing manifest file '../../build/foo/foo.egg-info/SOURCES.txt'
[1.229s] running build
[1.229s] running build_py
[1.229s] creating /home/user/ros_workspaces/lab0/build/foo/build/lib/foo
[1.229s] copying foo/__init__.py -> /home/user/ros_workspaces/lab0/build/foo/build/lib/foo
[1.230s] running install
[1.235s] running install_lib
[1.252s] creating /home/user/ros_workspaces/lab0/install/foo/lib/python3.10/site-packages/foo
[1.252s] copying /home/user/ros_workspaces/lab0/build/foo/build/lib/foo/__init__.py -> /home/user/ros_workspaces/lab0/install/foo/lib/python3.10/site-packages/foo
[1.253s] byte-compiling /home/user/ros_workspaces/lab0/install/foo/lib/python3.10/site-packages/foo/__init__.py to __init__.cpython-310.pyc
[1.253s] running install_data
[1.253s] creating /home/user/ros_workspaces/lab0/install/foo/share/ament_index/resource_index/packages
[1.253s] copying resource/foo -> /home/user/ros_workspaces/lab0/install/foo/share/ament_index/resource_index/packages
[1.254s] copying package.xml -> /home/user/ros_workspaces/lab0/install/foo/share/foo
[1.254s] running install_egg_info
[1.278s] Copying ../../build/foo/foo.egg-info to /home/user/ros_workspaces/lab0/install/foo/lib/python3.10/site-packages/foo-0.0.0-py3.10.egg-info
[1.279s] running install_scripts
[1.316s] writing list of installed files to '/home/user/ros_workspaces/lab0/build/foo/install.log'
[1.341s] Invoked command in '/home/user/ros_workspaces/lab0/src/foo' returned '0': PYTHONPATH=/home/user/ros_workspaces/lab0/build/foo/prefix_override:/usr/lib/python3/dist-packages/colcon_core/task/python/colcon_distutils_commands:/home/user/ros_workspaces/lab0/install/foo/lib/python3.10/site-packages:${PYTHONPATH} _=/usr/bin/env /usr/bin/python3 -W ignore:setup.py install is deprecated -W ignore:easy_install command is deprecated setup.py egg_info --egg-base ../../build/foo build --build-base /home/user/ros_workspaces/lab0/build/foo/build install --record /home/user/ros_workspaces/lab0/build/foo/install.log --single-version-externally-managed install_data
