[0.020s] Invoking command in '/home/user/ros_workspaces/lab1/build/my_chatter_msgs': CMAKE_PREFIX_PATH=/opt/ros/humble _=/usr/bin/env /usr/bin/cmake --build /home/user/ros_workspaces/lab1/build/my_chatter_msgs -- -j8 -l8
[0.045s] -- Found ament_cmake: 1.3.12 (/opt/ros/humble/share/ament_cmake/cmake)
[0.169s] -- Found rosidl_default_generators: 1.2.0 (/opt/ros/humble/share/rosidl_default_generators/cmake)
[0.170s] -- Using all available rosidl_typesupport_c: rosidl_typesupport_fastrtps_c;rosidl_typesupport_introspection_c
[0.173s] -- Found rosidl_adapter: 3.1.7 (/opt/ros/humble/share/rosidl_adapter/cmake)
[0.207s] -- Using all available rosidl_typesupport_cpp: rosidl_typesupport_fastrtps_cpp;rosidl_typesupport_introspection_cpp
[0.466s] -- Found ament_cmake_ros: 0.10.0 (/opt/ros/humble/share/ament_cmake_ros/cmake)
[0.643s] -- Using all available rosidl_typesupport_c: rosidl_typesupport_fastrtps_c;rosidl_typesupport_introspection_c
[0.880s] -- Using all available rosidl_typesupport_cpp: rosidl_typesupport_fastrtps_cpp;rosidl_typesupport_introspection_cpp
[0.901s] -- Found python_cmake_module: 0.10.0 (/opt/ros/humble/share/python_cmake_module/cmake)
[0.923s] -- Using PYTHON_EXECUTABLE: /usr/bin/python3
[0.923s] -- Using PYTHON_INCLUDE_DIRS: /usr/include/python3.10
[0.923s] -- Using PYTHON_LIBRARIES: /usr/lib/x86_64-linux-gnu/libpython3.10.so
[1.154s] -- Using numpy include directory: /usr/local/lib/python3.10/dist-packages/numpy/_core/include
[1.159s] -- Found rosidl_default_runtime: 1.2.0 (/opt/ros/humble/share/rosidl_default_runtime/cmake)
[1.161s] -- Found ament_lint_auto: 0.12.14 (/opt/ros/humble/share/ament_lint_auto/cmake)
[1.171s] -- Added test 'lint_cmake' to check CMake code style
[1.172s] -- Added test 'xmllint' to check XML markup files
[1.174s] -- Configuring done
[1.204s] -- Generating done
[1.215s] -- Build files have been written to: /home/user/ros_workspaces/lab1/build/my_chatter_msgs
[1.243s] [35m[1mConsolidate compiler generated dependencies of target my_chatter_msgs__rosidl_generator_c[0m
[1.253s] [  3%] Built target my_chatter_msgs__cpp
[1.255s] [ 12%] Built target my_chatter_msgs__rosidl_generator_c
[1.264s] [ 12%] Built target ament_cmake_python_copy_my_chatter_msgs
[1.321s] [35m[1mConsolidate compiler generated dependencies of target my_chatter_msgs__rosidl_typesupport_fastrtps_c[0m
[1.321s] [35m[1mConsolidate compiler generated dependencies of target my_chatter_msgs__rosidl_typesupport_cpp[0m
[1.321s] [35m[1mConsolidate compiler generated dependencies of target my_chatter_msgs__rosidl_typesupport_fastrtps_cpp[0m
[1.321s] [35m[1mConsolidate compiler generated dependencies of target my_chatter_msgs__rosidl_typesupport_introspection_cpp[0m
[1.321s] [35m[1mConsolidate compiler generated dependencies of target my_chatter_msgs__rosidl_typesupport_introspection_c[0m
[1.330s] [35m[1mConsolidate compiler generated dependencies of target my_chatter_msgs__rosidl_typesupport_c[0m
[1.335s] [ 22%] Built target my_chatter_msgs__rosidl_typesupport_cpp
[1.335s] [ 32%] Built target my_chatter_msgs__rosidl_typesupport_fastrtps_cpp
[1.336s] [ 41%] Built target my_chatter_msgs__rosidl_typesupport_introspection_cpp
[1.337s] [ 51%] Built target my_chatter_msgs__rosidl_typesupport_fastrtps_c
[1.337s] [ 61%] Built target my_chatter_msgs__rosidl_typesupport_introspection_c
[1.342s] [ 70%] Built target my_chatter_msgs__rosidl_typesupport_c
[1.430s] [ 70%] Built target my_chatter_msgs
[1.454s] [ 74%] Built target my_chatter_msgs__py
[1.467s] [35m[1mConsolidate compiler generated dependencies of target my_chatter_msgs__rosidl_generator_py[0m
[1.484s] [ 80%] Built target my_chatter_msgs__rosidl_generator_py
[1.494s] [35m[1mConsolidate compiler generated dependencies of target my_chatter_msgs__rosidl_typesupport_c__pyext[0m
[1.495s] [35m[1mConsolidate compiler generated dependencies of target my_chatter_msgs__rosidl_typesupport_introspection_c__pyext[0m
[1.497s] [35m[1mConsolidate compiler generated dependencies of target my_chatter_msgs__rosidl_typesupport_fastrtps_c__pyext[0m
[1.531s] [ 87%] Built target my_chatter_msgs__rosidl_typesupport_introspection_c__pyext
[1.533s] [100%] Built target my_chatter_msgs__rosidl_typesupport_c__pyext
[1.533s] [100%] Built target my_chatter_msgs__rosidl_typesupport_fastrtps_c__pyext
[1.651s] running egg_info
[1.669s] writing my_chatter_msgs.egg-info/PKG-INFO
[1.670s] writing dependency_links to my_chatter_msgs.egg-info/dependency_links.txt
[1.670s] writing top-level names to my_chatter_msgs.egg-info/top_level.txt
[1.725s] reading manifest file 'my_chatter_msgs.egg-info/SOURCES.txt'
[1.727s] writing manifest file 'my_chatter_msgs.egg-info/SOURCES.txt'
[1.762s] [100%] Built target ament_cmake_python_build_my_chatter_msgs_egg
[1.773s] Invoked command in '/home/user/ros_workspaces/lab1/build/my_chatter_msgs' returned '0': CMAKE_PREFIX_PATH=/opt/ros/humble _=/usr/bin/env /usr/bin/cmake --build /home/user/ros_workspaces/lab1/build/my_chatter_msgs -- -j8 -l8
[1.785s] Invoking command in '/home/user/ros_workspaces/lab1/build/my_chatter_msgs': CMAKE_PREFIX_PATH=/opt/ros/humble _=/usr/bin/env /usr/bin/cmake --install /home/user/ros_workspaces/lab1/build/my_chatter_msgs
[1.793s] -- Install configuration: ""
[1.793s] -- Up-to-date: /home/user/ros_workspaces/lab1/install/my_chatter_msgs/share/ament_index/resource_index/rosidl_interfaces/my_chatter_msgs
[1.793s] -- Up-to-date: /home/user/ros_workspaces/lab1/install/my_chatter_msgs/include/my_chatter_msgs/my_chatter_msgs
[1.794s] -- Up-to-date: /home/user/ros_workspaces/lab1/install/my_chatter_msgs/include/my_chatter_msgs/my_chatter_msgs/msg
[1.794s] -- Up-to-date: /home/user/ros_workspaces/lab1/install/my_chatter_msgs/include/my_chatter_msgs/my_chatter_msgs/msg/detail
[1.794s] -- Up-to-date: /home/user/ros_workspaces/lab1/install/my_chatter_msgs/include/my_chatter_msgs/my_chatter_msgs/msg/detail/timestamp_string__struct.h
[1.794s] -- Up-to-date: /home/user/ros_workspaces/lab1/install/my_chatter_msgs/include/my_chatter_msgs/my_chatter_msgs/msg/detail/timestamp_string__type_support.h
[1.794s] -- Up-to-date: /home/user/ros_workspaces/lab1/install/my_chatter_msgs/include/my_chatter_msgs/my_chatter_msgs/msg/detail/timestamp_string__functions.h
[1.794s] -- Up-to-date: /home/user/ros_workspaces/lab1/install/my_chatter_msgs/include/my_chatter_msgs/my_chatter_msgs/msg/detail/timestamp_string__functions.c
[1.794s] -- Up-to-date: /home/user/ros_workspaces/lab1/install/my_chatter_msgs/include/my_chatter_msgs/my_chatter_msgs/msg/timestamp_string.h
[1.794s] -- Up-to-date: /home/user/ros_workspaces/lab1/install/my_chatter_msgs/include/my_chatter_msgs/my_chatter_msgs/msg/rosidl_generator_c__visibility_control.h
[1.794s] -- Up-to-date: /home/user/ros_workspaces/lab1/install/my_chatter_msgs/share/my_chatter_msgs/environment/library_path.sh
[1.794s] -- Installing: /home/user/ros_workspaces/lab1/install/my_chatter_msgs/share/my_chatter_msgs/environment/library_path.dsv
[1.794s] -- Up-to-date: /home/user/ros_workspaces/lab1/install/my_chatter_msgs/lib/libmy_chatter_msgs__rosidl_generator_c.so
[1.794s] -- Up-to-date: /home/user/ros_workspaces/lab1/install/my_chatter_msgs/include/my_chatter_msgs/my_chatter_msgs
[1.795s] -- Up-to-date: /home/user/ros_workspaces/lab1/install/my_chatter_msgs/include/my_chatter_msgs/my_chatter_msgs/msg
[1.795s] -- Up-to-date: /home/user/ros_workspaces/lab1/install/my_chatter_msgs/include/my_chatter_msgs/my_chatter_msgs/msg/detail
[1.795s] -- Up-to-date: /home/user/ros_workspaces/lab1/install/my_chatter_msgs/include/my_chatter_msgs/my_chatter_msgs/msg/detail/timestamp_string__rosidl_typesupport_fastrtps_c.h
[1.795s] -- Up-to-date: /home/user/ros_workspaces/lab1/install/my_chatter_msgs/include/my_chatter_msgs/my_chatter_msgs/msg/rosidl_typesupport_fastrtps_c__visibility_control.h
[1.795s] -- Up-to-date: /home/user/ros_workspaces/lab1/install/my_chatter_msgs/lib/libmy_chatter_msgs__rosidl_typesupport_fastrtps_c.so
[1.795s] -- Up-to-date: /home/user/ros_workspaces/lab1/install/my_chatter_msgs/include/my_chatter_msgs/my_chatter_msgs
[1.796s] -- Up-to-date: /home/user/ros_workspaces/lab1/install/my_chatter_msgs/include/my_chatter_msgs/my_chatter_msgs/msg
[1.796s] -- Up-to-date: /home/user/ros_workspaces/lab1/install/my_chatter_msgs/include/my_chatter_msgs/my_chatter_msgs/msg/detail
[1.796s] -- Up-to-date: /home/user/ros_workspaces/lab1/install/my_chatter_msgs/include/my_chatter_msgs/my_chatter_msgs/msg/detail/timestamp_string__rosidl_typesupport_introspection_c.h
[1.796s] -- Up-to-date: /home/user/ros_workspaces/lab1/install/my_chatter_msgs/include/my_chatter_msgs/my_chatter_msgs/msg/detail/timestamp_string__type_support.c
[1.796s] -- Up-to-date: /home/user/ros_workspaces/lab1/install/my_chatter_msgs/include/my_chatter_msgs/my_chatter_msgs/msg/rosidl_typesupport_introspection_c__visibility_control.h
[1.796s] -- Up-to-date: /home/user/ros_workspaces/lab1/install/my_chatter_msgs/lib/libmy_chatter_msgs__rosidl_typesupport_introspection_c.so
[1.796s] -- Up-to-date: /home/user/ros_workspaces/lab1/install/my_chatter_msgs/lib/libmy_chatter_msgs__rosidl_typesupport_c.so
[1.796s] -- Up-to-date: /home/user/ros_workspaces/lab1/install/my_chatter_msgs/include/my_chatter_msgs/my_chatter_msgs
[1.797s] -- Up-to-date: /home/user/ros_workspaces/lab1/install/my_chatter_msgs/include/my_chatter_msgs/my_chatter_msgs/msg
[1.797s] -- Up-to-date: /home/user/ros_workspaces/lab1/install/my_chatter_msgs/include/my_chatter_msgs/my_chatter_msgs/msg/detail
[1.797s] -- Up-to-date: /home/user/ros_workspaces/lab1/install/my_chatter_msgs/include/my_chatter_msgs/my_chatter_msgs/msg/detail/timestamp_string__builder.hpp
[1.797s] -- Up-to-date: /home/user/ros_workspaces/lab1/install/my_chatter_msgs/include/my_chatter_msgs/my_chatter_msgs/msg/detail/timestamp_string__traits.hpp
[1.797s] -- Up-to-date: /home/user/ros_workspaces/lab1/install/my_chatter_msgs/include/my_chatter_msgs/my_chatter_msgs/msg/detail/timestamp_string__struct.hpp
[1.797s] -- Up-to-date: /home/user/ros_workspaces/lab1/install/my_chatter_msgs/include/my_chatter_msgs/my_chatter_msgs/msg/detail/timestamp_string__type_support.hpp
[1.797s] -- Up-to-date: /home/user/ros_workspaces/lab1/install/my_chatter_msgs/include/my_chatter_msgs/my_chatter_msgs/msg/timestamp_string.hpp
[1.797s] -- Up-to-date: /home/user/ros_workspaces/lab1/install/my_chatter_msgs/include/my_chatter_msgs/my_chatter_msgs/msg/rosidl_generator_cpp__visibility_control.hpp
[1.797s] -- Up-to-date: /home/user/ros_workspaces/lab1/install/my_chatter_msgs/include/my_chatter_msgs/my_chatter_msgs
[1.797s] -- Up-to-date: /home/user/ros_workspaces/lab1/install/my_chatter_msgs/include/my_chatter_msgs/my_chatter_msgs/msg
[1.798s] -- Up-to-date: /home/user/ros_workspaces/lab1/install/my_chatter_msgs/include/my_chatter_msgs/my_chatter_msgs/msg/detail
[1.798s] -- Up-to-date: /home/user/ros_workspaces/lab1/install/my_chatter_msgs/include/my_chatter_msgs/my_chatter_msgs/msg/detail/timestamp_string__rosidl_typesupport_fastrtps_cpp.hpp
[1.798s] -- Up-to-date: /home/user/ros_workspaces/lab1/install/my_chatter_msgs/include/my_chatter_msgs/my_chatter_msgs/msg/detail/dds_fastrtps
[1.798s] -- Up-to-date: /home/user/ros_workspaces/lab1/install/my_chatter_msgs/include/my_chatter_msgs/my_chatter_msgs/msg/rosidl_typesupport_fastrtps_cpp__visibility_control.h
[1.798s] -- Up-to-date: /home/user/ros_workspaces/lab1/install/my_chatter_msgs/lib/libmy_chatter_msgs__rosidl_typesupport_fastrtps_cpp.so
[1.798s] -- Up-to-date: /home/user/ros_workspaces/lab1/install/my_chatter_msgs/include/my_chatter_msgs/my_chatter_msgs
[1.798s] -- Up-to-date: /home/user/ros_workspaces/lab1/install/my_chatter_msgs/include/my_chatter_msgs/my_chatter_msgs/msg
[1.798s] -- Up-to-date: /home/user/ros_workspaces/lab1/install/my_chatter_msgs/include/my_chatter_msgs/my_chatter_msgs/msg/detail
[1.798s] -- Up-to-date: /home/user/ros_workspaces/lab1/install/my_chatter_msgs/include/my_chatter_msgs/my_chatter_msgs/msg/detail/timestamp_string__type_support.cpp
[1.798s] -- Up-to-date: /home/user/ros_workspaces/lab1/install/my_chatter_msgs/include/my_chatter_msgs/my_chatter_msgs/msg/detail/timestamp_string__rosidl_typesupport_introspection_cpp.hpp
[1.798s] -- Up-to-date: /home/user/ros_workspaces/lab1/install/my_chatter_msgs/lib/libmy_chatter_msgs__rosidl_typesupport_introspection_cpp.so
[1.798s] -- Up-to-date: /home/user/ros_workspaces/lab1/install/my_chatter_msgs/lib/libmy_chatter_msgs__rosidl_typesupport_cpp.so
[1.799s] -- Up-to-date: /home/user/ros_workspaces/lab1/install/my_chatter_msgs/share/my_chatter_msgs/environment/pythonpath.sh
[1.799s] -- Installing: /home/user/ros_workspaces/lab1/install/my_chatter_msgs/share/my_chatter_msgs/environment/pythonpath.dsv
[1.799s] -- Up-to-date: /home/user/ros_workspaces/lab1/install/my_chatter_msgs/local/lib/python3.10/dist-packages/my_chatter_msgs-0.0.0-py3.10.egg-info
[1.799s] -- Installing: /home/user/ros_workspaces/lab1/install/my_chatter_msgs/local/lib/python3.10/dist-packages/my_chatter_msgs-0.0.0-py3.10.egg-info/PKG-INFO
[1.799s] -- Installing: /home/user/ros_workspaces/lab1/install/my_chatter_msgs/local/lib/python3.10/dist-packages/my_chatter_msgs-0.0.0-py3.10.egg-info/top_level.txt
[1.799s] -- Installing: /home/user/ros_workspaces/lab1/install/my_chatter_msgs/local/lib/python3.10/dist-packages/my_chatter_msgs-0.0.0-py3.10.egg-info/SOURCES.txt
[1.799s] -- Installing: /home/user/ros_workspaces/lab1/install/my_chatter_msgs/local/lib/python3.10/dist-packages/my_chatter_msgs-0.0.0-py3.10.egg-info/dependency_links.txt
[1.799s] -- Up-to-date: /home/user/ros_workspaces/lab1/install/my_chatter_msgs/local/lib/python3.10/dist-packages/my_chatter_msgs
[1.799s] -- Up-to-date: /home/user/ros_workspaces/lab1/install/my_chatter_msgs/local/lib/python3.10/dist-packages/my_chatter_msgs/_my_chatter_msgs_s.ep.rosidl_typesupport_fastrtps_c.c
[1.799s] -- Up-to-date: /home/user/ros_workspaces/lab1/install/my_chatter_msgs/local/lib/python3.10/dist-packages/my_chatter_msgs/my_chatter_msgs_s__rosidl_typesupport_c.cpython-310-x86_64-linux-gnu.so
[1.799s] -- Up-to-date: /home/user/ros_workspaces/lab1/install/my_chatter_msgs/local/lib/python3.10/dist-packages/my_chatter_msgs/my_chatter_msgs_s__rosidl_typesupport_introspection_c.cpython-310-x86_64-linux-gnu.so
[1.799s] -- Up-to-date: /home/user/ros_workspaces/lab1/install/my_chatter_msgs/local/lib/python3.10/dist-packages/my_chatter_msgs/my_chatter_msgs_s__rosidl_typesupport_fastrtps_c.cpython-310-x86_64-linux-gnu.so
[1.799s] -- Up-to-date: /home/user/ros_workspaces/lab1/install/my_chatter_msgs/local/lib/python3.10/dist-packages/my_chatter_msgs/_my_chatter_msgs_s.ep.rosidl_typesupport_introspection_c.c
[1.799s] -- Up-to-date: /home/user/ros_workspaces/lab1/install/my_chatter_msgs/local/lib/python3.10/dist-packages/my_chatter_msgs/msg
[1.799s] -- Up-to-date: /home/user/ros_workspaces/lab1/install/my_chatter_msgs/local/lib/python3.10/dist-packages/my_chatter_msgs/msg/_timestamp_string_s.c
[1.800s] -- Up-to-date: /home/user/ros_workspaces/lab1/install/my_chatter_msgs/local/lib/python3.10/dist-packages/my_chatter_msgs/msg/_timestamp_string.py
[1.800s] -- Up-to-date: /home/user/ros_workspaces/lab1/install/my_chatter_msgs/local/lib/python3.10/dist-packages/my_chatter_msgs/msg/__init__.py
[1.800s] -- Installing: /home/user/ros_workspaces/lab1/install/my_chatter_msgs/local/lib/python3.10/dist-packages/my_chatter_msgs/__init__.py
[1.800s] -- Up-to-date: /home/user/ros_workspaces/lab1/install/my_chatter_msgs/local/lib/python3.10/dist-packages/my_chatter_msgs/libmy_chatter_msgs__rosidl_generator_py.so
[1.800s] -- Up-to-date: /home/user/ros_workspaces/lab1/install/my_chatter_msgs/local/lib/python3.10/dist-packages/my_chatter_msgs/_my_chatter_msgs_s.ep.rosidl_typesupport_c.c
[1.831s] Listing '/home/user/ros_workspaces/lab1/install/my_chatter_msgs/local/lib/python3.10/dist-packages/my_chatter_msgs'...
[1.831s] Compiling '/home/user/ros_workspaces/lab1/install/my_chatter_msgs/local/lib/python3.10/dist-packages/my_chatter_msgs/__init__.py'...
[1.831s] Listing '/home/user/ros_workspaces/lab1/install/my_chatter_msgs/local/lib/python3.10/dist-packages/my_chatter_msgs/msg'...
[1.835s] -- Up-to-date: /home/user/ros_workspaces/lab1/install/my_chatter_msgs/local/lib/python3.10/dist-packages/my_chatter_msgs/my_chatter_msgs_s__rosidl_typesupport_fastrtps_c.cpython-310-x86_64-linux-gnu.so
[1.836s] -- Up-to-date: /home/user/ros_workspaces/lab1/install/my_chatter_msgs/local/lib/python3.10/dist-packages/my_chatter_msgs/my_chatter_msgs_s__rosidl_typesupport_introspection_c.cpython-310-x86_64-linux-gnu.so
[1.836s] -- Up-to-date: /home/user/ros_workspaces/lab1/install/my_chatter_msgs/local/lib/python3.10/dist-packages/my_chatter_msgs/my_chatter_msgs_s__rosidl_typesupport_c.cpython-310-x86_64-linux-gnu.so
[1.837s] -- Up-to-date: /home/user/ros_workspaces/lab1/install/my_chatter_msgs/lib/libmy_chatter_msgs__rosidl_generator_py.so
[1.837s] -- Up-to-date: /home/user/ros_workspaces/lab1/install/my_chatter_msgs/share/my_chatter_msgs/msg/TimestampString.idl
[1.837s] -- Installing: /home/user/ros_workspaces/lab1/install/my_chatter_msgs/share/my_chatter_msgs/msg/TimestampString.msg
[1.837s] -- Up-to-date: /home/user/ros_workspaces/lab1/install/my_chatter_msgs/share/ament_index/resource_index/package_run_dependencies/my_chatter_msgs
[1.837s] -- Up-to-date: /home/user/ros_workspaces/lab1/install/my_chatter_msgs/share/ament_index/resource_index/parent_prefix_path/my_chatter_msgs
[1.838s] -- Up-to-date: /home/user/ros_workspaces/lab1/install/my_chatter_msgs/share/my_chatter_msgs/environment/ament_prefix_path.sh
[1.838s] -- Installing: /home/user/ros_workspaces/lab1/install/my_chatter_msgs/share/my_chatter_msgs/environment/ament_prefix_path.dsv
[1.838s] -- Up-to-date: /home/user/ros_workspaces/lab1/install/my_chatter_msgs/share/my_chatter_msgs/environment/path.sh
[1.838s] -- Installing: /home/user/ros_workspaces/lab1/install/my_chatter_msgs/share/my_chatter_msgs/environment/path.dsv
[1.838s] -- Up-to-date: /home/user/ros_workspaces/lab1/install/my_chatter_msgs/share/my_chatter_msgs/local_setup.bash
[1.838s] -- Up-to-date: /home/user/ros_workspaces/lab1/install/my_chatter_msgs/share/my_chatter_msgs/local_setup.sh
[1.838s] -- Up-to-date: /home/user/ros_workspaces/lab1/install/my_chatter_msgs/share/my_chatter_msgs/local_setup.zsh
[1.838s] -- Installing: /home/user/ros_workspaces/lab1/install/my_chatter_msgs/share/my_chatter_msgs/local_setup.dsv
[1.839s] -- Installing: /home/user/ros_workspaces/lab1/install/my_chatter_msgs/share/my_chatter_msgs/package.dsv
[1.839s] -- Up-to-date: /home/user/ros_workspaces/lab1/install/my_chatter_msgs/share/ament_index/resource_index/packages/my_chatter_msgs
[1.839s] -- Up-to-date: /home/user/ros_workspaces/lab1/install/my_chatter_msgs/share/my_chatter_msgs/cmake/export_my_chatter_msgs__rosidl_generator_cExport.cmake
[1.839s] -- Up-to-date: /home/user/ros_workspaces/lab1/install/my_chatter_msgs/share/my_chatter_msgs/cmake/export_my_chatter_msgs__rosidl_generator_cExport-noconfig.cmake
[1.839s] -- Up-to-date: /home/user/ros_workspaces/lab1/install/my_chatter_msgs/share/my_chatter_msgs/cmake/export_my_chatter_msgs__rosidl_typesupport_fastrtps_cExport.cmake
[1.840s] -- Up-to-date: /home/user/ros_workspaces/lab1/install/my_chatter_msgs/share/my_chatter_msgs/cmake/export_my_chatter_msgs__rosidl_typesupport_fastrtps_cExport-noconfig.cmake
[1.840s] -- Up-to-date: /home/user/ros_workspaces/lab1/install/my_chatter_msgs/share/my_chatter_msgs/cmake/my_chatter_msgs__rosidl_typesupport_introspection_cExport.cmake
[1.840s] -- Up-to-date: /home/user/ros_workspaces/lab1/install/my_chatter_msgs/share/my_chatter_msgs/cmake/my_chatter_msgs__rosidl_typesupport_introspection_cExport-noconfig.cmake
[1.840s] -- Up-to-date: /home/user/ros_workspaces/lab1/install/my_chatter_msgs/share/my_chatter_msgs/cmake/my_chatter_msgs__rosidl_typesupport_cExport.cmake
[1.841s] -- Up-to-date: /home/user/ros_workspaces/lab1/install/my_chatter_msgs/share/my_chatter_msgs/cmake/my_chatter_msgs__rosidl_typesupport_cExport-noconfig.cmake
[1.841s] -- Up-to-date: /home/user/ros_workspaces/lab1/install/my_chatter_msgs/share/my_chatter_msgs/cmake/export_my_chatter_msgs__rosidl_generator_cppExport.cmake
[1.841s] -- Up-to-date: /home/user/ros_workspaces/lab1/install/my_chatter_msgs/share/my_chatter_msgs/cmake/export_my_chatter_msgs__rosidl_typesupport_fastrtps_cppExport.cmake
[1.841s] -- Up-to-date: /home/user/ros_workspaces/lab1/install/my_chatter_msgs/share/my_chatter_msgs/cmake/export_my_chatter_msgs__rosidl_typesupport_fastrtps_cppExport-noconfig.cmake
[1.841s] -- Up-to-date: /home/user/ros_workspaces/lab1/install/my_chatter_msgs/share/my_chatter_msgs/cmake/my_chatter_msgs__rosidl_typesupport_introspection_cppExport.cmake
[1.841s] -- Up-to-date: /home/user/ros_workspaces/lab1/install/my_chatter_msgs/share/my_chatter_msgs/cmake/my_chatter_msgs__rosidl_typesupport_introspection_cppExport-noconfig.cmake
[1.841s] -- Up-to-date: /home/user/ros_workspaces/lab1/install/my_chatter_msgs/share/my_chatter_msgs/cmake/my_chatter_msgs__rosidl_typesupport_cppExport.cmake
[1.841s] -- Up-to-date: /home/user/ros_workspaces/lab1/install/my_chatter_msgs/share/my_chatter_msgs/cmake/my_chatter_msgs__rosidl_typesupport_cppExport-noconfig.cmake
[1.841s] -- Up-to-date: /home/user/ros_workspaces/lab1/install/my_chatter_msgs/share/my_chatter_msgs/cmake/export_my_chatter_msgs__rosidl_generator_pyExport.cmake
[1.841s] -- Up-to-date: /home/user/ros_workspaces/lab1/install/my_chatter_msgs/share/my_chatter_msgs/cmake/export_my_chatter_msgs__rosidl_generator_pyExport-noconfig.cmake
[1.841s] -- Up-to-date: /home/user/ros_workspaces/lab1/install/my_chatter_msgs/share/my_chatter_msgs/cmake/rosidl_cmake-extras.cmake
[1.841s] -- Up-to-date: /home/user/ros_workspaces/lab1/install/my_chatter_msgs/share/my_chatter_msgs/cmake/ament_cmake_export_include_directories-extras.cmake
[1.841s] -- Up-to-date: /home/user/ros_workspaces/lab1/install/my_chatter_msgs/share/my_chatter_msgs/cmake/ament_cmake_export_libraries-extras.cmake
[1.841s] -- Up-to-date: /home/user/ros_workspaces/lab1/install/my_chatter_msgs/share/my_chatter_msgs/cmake/ament_cmake_export_targets-extras.cmake
[1.841s] -- Up-to-date: /home/user/ros_workspaces/lab1/install/my_chatter_msgs/share/my_chatter_msgs/cmake/rosidl_cmake_export_typesupport_targets-extras.cmake
[1.842s] -- Up-to-date: /home/user/ros_workspaces/lab1/install/my_chatter_msgs/share/my_chatter_msgs/cmake/ament_cmake_export_dependencies-extras.cmake
[1.842s] -- Up-to-date: /home/user/ros_workspaces/lab1/install/my_chatter_msgs/share/my_chatter_msgs/cmake/rosidl_cmake_export_typesupport_libraries-extras.cmake
[1.842s] -- Up-to-date: /home/user/ros_workspaces/lab1/install/my_chatter_msgs/share/my_chatter_msgs/cmake/my_chatter_msgsConfig.cmake
[1.842s] -- Up-to-date: /home/user/ros_workspaces/lab1/install/my_chatter_msgs/share/my_chatter_msgs/cmake/my_chatter_msgsConfig-version.cmake
[1.842s] -- Up-to-date: /home/user/ros_workspaces/lab1/install/my_chatter_msgs/share/my_chatter_msgs/package.xml
[1.843s] Invoked command in '/home/user/ros_workspaces/lab1/build/my_chatter_msgs' returned '0': CMAKE_PREFIX_PATH=/opt/ros/humble _=/usr/bin/env /usr/bin/cmake --install /home/user/ros_workspaces/lab1/build/my_chatter_msgs
