[0.676s] Invoking command in '/home/user/ros_workspaces/lab1/src/chatter': PYTHONPATH=/home/user/ros_workspaces/lab1/build/chatter/prefix_override:/usr/lib/python3/dist-packages/colcon_core/task/python/colcon_distutils_commands:/home/user/ros_workspaces/lab1/install/chatter/lib/python3.10/site-packages:${PYTHONPATH} _=/usr/bin/env /usr/bin/python3 -W ignore:setup.py install is deprecated -W ignore:easy_install command is deprecated setup.py egg_info --egg-base ../../build/chatter build --build-base /home/user/ros_workspaces/lab1/build/chatter/build install --record /home/user/ros_workspaces/lab1/build/chatter/install.log --single-version-externally-managed install_data
[1.026s] running egg_info
[1.124s] writing ../../build/chatter/chatter.egg-info/PKG-INFO
[1.125s] writing dependency_links to ../../build/chatter/chatter.egg-info/dependency_links.txt
[1.125s] writing entry points to ../../build/chatter/chatter.egg-info/entry_points.txt
[1.125s] writing requirements to ../../build/chatter/chatter.egg-info/requires.txt
[1.125s] writing top-level names to ../../build/chatter/chatter.egg-info/top_level.txt
[1.164s] reading manifest file '../../build/chatter/chatter.egg-info/SOURCES.txt'
[1.165s] writing manifest file '../../build/chatter/chatter.egg-info/SOURCES.txt'
[1.165s] running build
[1.165s] running build_py
[1.165s] copying chatter/publisher_member_function.py -> /home/user/ros_workspaces/lab1/build/chatter/build/lib/chatter
[1.165s] copying chatter/__init__.py -> /home/user/ros_workspaces/lab1/build/chatter/build/lib/chatter
[1.165s] copying chatter/subscriber_member_function.py -> /home/user/ros_workspaces/lab1/build/chatter/build/lib/chatter
[1.166s] running install
[1.170s] running install_lib
[1.189s] copying /home/user/ros_workspaces/lab1/build/chatter/build/lib/chatter/subscriber_member_function.py -> /home/user/ros_workspaces/lab1/install/chatter/lib/python3.10/site-packages/chatter
[1.189s] byte-compiling /home/user/ros_workspaces/lab1/install/chatter/lib/python3.10/site-packages/chatter/subscriber_member_function.py to subscriber_member_function.cpython-310.pyc
[1.190s] running install_data
[1.190s] copying resource/chatter -> /home/user/ros_workspaces/lab1/install/chatter/share/ament_index/resource_index/packages
[1.190s] copying package.xml -> /home/user/ros_workspaces/lab1/install/chatter/share/chatter
[1.190s] running install_egg_info
[1.217s] removing '/home/user/ros_workspaces/lab1/install/chatter/lib/python3.10/site-packages/chatter-0.0.0-py3.10.egg-info' (and everything under it)
[1.218s] Copying ../../build/chatter/chatter.egg-info to /home/user/ros_workspaces/lab1/install/chatter/lib/python3.10/site-packages/chatter-0.0.0-py3.10.egg-info
[1.218s] running install_scripts
[1.323s] Installing listener script to /home/user/ros_workspaces/lab1/install/chatter/lib/chatter
[1.323s] Installing talker script to /home/user/ros_workspaces/lab1/install/chatter/lib/chatter
[1.324s] writing list of installed files to '/home/user/ros_workspaces/lab1/build/chatter/install.log'
[1.414s] Invoked command in '/home/user/ros_workspaces/lab1/src/chatter' returned '0': PYTHONPATH=/home/user/ros_workspaces/lab1/build/chatter/prefix_override:/usr/lib/python3/dist-packages/colcon_core/task/python/colcon_distutils_commands:/home/user/ros_workspaces/lab1/install/chatter/lib/python3.10/site-packages:${PYTHONPATH} _=/usr/bin/env /usr/bin/python3 -W ignore:setup.py install is deprecated -W ignore:easy_install command is deprecated setup.py egg_info --egg-base ../../build/chatter build --build-base /home/user/ros_workspaces/lab1/build/chatter/build install --record /home/user/ros_workspaces/lab1/build/chatter/install.log --single-version-externally-managed install_data
