[0.683s] Invoking command in '/home/user/ros_workspaces/lab1/src/chatter': PYTHONPATH=/home/user/ros_workspaces/lab1/build/chatter/prefix_override:/usr/lib/python3/dist-packages/colcon_core/task/python/colcon_distutils_commands:/home/user/ros_workspaces/lab1/install/chatter/lib/python3.10/site-packages:${PYTHONPATH} _=/usr/bin/env /usr/bin/python3 -W ignore:setup.py install is deprecated -W ignore:easy_install command is deprecated setup.py egg_info --egg-base ../../build/chatter build --build-base /home/user/ros_workspaces/lab1/build/chatter/build install --record /home/user/ros_workspaces/lab1/build/chatter/install.log --single-version-externally-managed install_data
[0.843s] /usr/local/lib/python3.10/dist-packages/setuptools/_distutils/dist.py:289: UserWarning: Unknown distribution option: 'tests_require'
[0.843s]   warnings.warn(msg)
[0.953s] running egg_info
[0.972s] writing ../../build/chatter/chatter.egg-info/PKG-INFO
[0.972s] writing dependency_links to ../../build/chatter/chatter.egg-info/dependency_links.txt
[0.972s] writing entry points to ../../build/chatter/chatter.egg-info/entry_points.txt
[0.972s] writing requirements to ../../build/chatter/chatter.egg-info/requires.txt
[0.973s] writing top-level names to ../../build/chatter/chatter.egg-info/top_level.txt
[1.009s] reading manifest file '../../build/chatter/chatter.egg-info/SOURCES.txt'
[1.010s] writing manifest file '../../build/chatter/chatter.egg-info/SOURCES.txt'
[1.010s] running build
[1.010s] running build_py
[1.010s] copying chatter/publisher_member_function.py -> /home/user/ros_workspaces/lab1/build/chatter/build/lib/chatter
[1.011s] copying chatter/__init__.py -> /home/user/ros_workspaces/lab1/build/chatter/build/lib/chatter
[1.011s] copying chatter/subscriber_member_function.py -> /home/user/ros_workspaces/lab1/build/chatter/build/lib/chatter
[1.011s] running install
[1.016s] running install_lib
[1.034s] running install_data
[1.034s] copying resource/chatter -> /home/user/ros_workspaces/lab1/install/chatter/share/ament_index/resource_index/packages
[1.035s] copying package.xml -> /home/user/ros_workspaces/lab1/install/chatter/share/chatter
[1.035s] running install_egg_info
[1.053s] removing '/home/user/ros_workspaces/lab1/install/chatter/lib/python3.10/site-packages/chatter-0.0.0-py3.10.egg-info' (and everything under it)
[1.053s] Copying ../../build/chatter/chatter.egg-info to /home/user/ros_workspaces/lab1/install/chatter/lib/python3.10/site-packages/chatter-0.0.0-py3.10.egg-info
[1.054s] running install_scripts
[1.094s] Installing listener script to /home/user/ros_workspaces/lab1/install/chatter/lib/chatter
[1.094s] Installing talker script to /home/user/ros_workspaces/lab1/install/chatter/lib/chatter
[1.094s] writing list of installed files to '/home/user/ros_workspaces/lab1/build/chatter/install.log'
[1.117s] Invoked command in '/home/user/ros_workspaces/lab1/src/chatter' returned '0': PYTHONPATH=/home/user/ros_workspaces/lab1/build/chatter/prefix_override:/usr/lib/python3/dist-packages/colcon_core/task/python/colcon_distutils_commands:/home/user/ros_workspaces/lab1/install/chatter/lib/python3.10/site-packages:${PYTHONPATH} _=/usr/bin/env /usr/bin/python3 -W ignore:setup.py install is deprecated -W ignore:easy_install command is deprecated setup.py egg_info --egg-base ../../build/chatter build --build-base /home/user/ros_workspaces/lab1/build/chatter/build install --record /home/user/ros_workspaces/lab1/build/chatter/install.log --single-version-externally-managed install_data
