[0.661s] Invoking command in '/home/user/ros_workspaces/lab1/src/chatter': PYTHONPATH=/home/user/ros_workspaces/lab1/build/chatter/prefix_override:/usr/lib/python3/dist-packages/colcon_core/task/python/colcon_distutils_commands:/home/user/ros_workspaces/lab1/install/chatter/lib/python3.10/site-packages:${PYTHONPATH} _=/usr/bin/env /usr/bin/python3 -W ignore:setup.py install is deprecated -W ignore:easy_install command is deprecated setup.py egg_info --egg-base ../../build/chatter build --build-base /home/user/ros_workspaces/lab1/build/chatter/build install --record /home/user/ros_workspaces/lab1/build/chatter/install.log --single-version-externally-managed install_data
[0.927s] running egg_info
[0.945s] writing ../../build/chatter/chatter.egg-info/PKG-INFO
[0.945s] writing dependency_links to ../../build/chatter/chatter.egg-info/dependency_links.txt
[0.946s] writing entry points to ../../build/chatter/chatter.egg-info/entry_points.txt
[0.946s] writing requirements to ../../build/chatter/chatter.egg-info/requires.txt
[0.946s] writing top-level names to ../../build/chatter/chatter.egg-info/top_level.txt
[0.983s] reading manifest file '../../build/chatter/chatter.egg-info/SOURCES.txt'
[0.984s] writing manifest file '../../build/chatter/chatter.egg-info/SOURCES.txt'
[0.984s] running build
[0.984s] running build_py
[0.984s] copying chatter/publisher_member_function.py -> /home/user/ros_workspaces/lab1/build/chatter/build/lib/chatter
[0.985s] copying chatter/__init__.py -> /home/user/ros_workspaces/lab1/build/chatter/build/lib/chatter
[0.985s] copying chatter/subscriber_member_function.py -> /home/user/ros_workspaces/lab1/build/chatter/build/lib/chatter
[0.985s] running install
[0.989s] running install_lib
[1.008s] running install_data
[1.008s] copying resource/chatter -> /home/user/ros_workspaces/lab1/install/chatter/share/ament_index/resource_index/packages
[1.008s] copying package.xml -> /home/user/ros_workspaces/lab1/install/chatter/share/chatter
[1.008s] running install_egg_info
[1.027s] removing '/home/user/ros_workspaces/lab1/install/chatter/lib/python3.10/site-packages/chatter-0.0.0-py3.10.egg-info' (and everything under it)
[1.027s] Copying ../../build/chatter/chatter.egg-info to /home/user/ros_workspaces/lab1/install/chatter/lib/python3.10/site-packages/chatter-0.0.0-py3.10.egg-info
[1.028s] running install_scripts
[1.065s] Installing listener script to /home/user/ros_workspaces/lab1/install/chatter/lib/chatter
[1.065s] Installing talker script to /home/user/ros_workspaces/lab1/install/chatter/lib/chatter
[1.066s] writing list of installed files to '/home/user/ros_workspaces/lab1/build/chatter/install.log'
[1.090s] Invoked command in '/home/user/ros_workspaces/lab1/src/chatter' returned '0': PYTHONPATH=/home/user/ros_workspaces/lab1/build/chatter/prefix_override:/usr/lib/python3/dist-packages/colcon_core/task/python/colcon_distutils_commands:/home/user/ros_workspaces/lab1/install/chatter/lib/python3.10/site-packages:${PYTHONPATH} _=/usr/bin/env /usr/bin/python3 -W ignore:setup.py install is deprecated -W ignore:easy_install command is deprecated setup.py egg_info --egg-base ../../build/chatter build --build-base /home/user/ros_workspaces/lab1/build/chatter/build install --record /home/user/ros_workspaces/lab1/build/chatter/install.log --single-version-externally-managed install_data
