[0.112s] DEBUG:colcon:Command line arguments: ['/usr/bin/colcon', 'build']
[0.112s] DEBUG:colcon:Parsed command line arguments: Namespace(log_base=None, log_level=None, verb_name='build', build_base='build', install_base='install', merge_install=False, symlink_install=False, test_result_base=None, continue_on_error=False, executor='parallel', parallel_workers=8, event_handlers=None, ignore_user_meta=False, metas=['./colcon.meta'], base_paths=['.'], packages_ignore=None, packages_ignore_regex=None, paths=None, packages_up_to=None, packages_up_to_regex=None, packages_above=None, packages_above_and_dependencies=None, packages_above_depth=None, packages_select_by_dep=None, packages_skip_by_dep=None, packages_skip_up_to=None, packages_select_build_failed=False, packages_skip_build_finished=False, packages_select_test_failures=False, packages_skip_test_passed=False, packages_select=None, packages_skip=None, packages_select_regex=None, packages_skip_regex=None, packages_start=None, packages_end=None, cmake_args=None, cmake_target=None, cmake_target_skip_unavailable=False, cmake_clean_cache=False, cmake_clean_first=False, cmake_force_configure=False, ament_cmake_args=None, catkin_cmake_args=None, catkin_skip_building_tests=False, mixin_files=None, mixin=None, verb_parser=<colcon_mixin.mixin.mixin_argument.MixinArgumentDecorator object at 0x7f1d7ca18a90>, verb_extension=<colcon_core.verb.build.BuildVerb object at 0x7f1d7c9e7f10>, main=<bound method BuildVerb.main of <colcon_core.verb.build.BuildVerb object at 0x7f1d7c9e7f10>>, mixin_verb=('build',))
[0.153s] Level 1:colcon.colcon_core.package_discovery:discover_packages(colcon_meta) check parameters
[0.153s] Level 1:colcon.colcon_core.package_discovery:discover_packages(recursive) check parameters
[0.153s] Level 1:colcon.colcon_core.package_discovery:discover_packages(ignore) check parameters
[0.153s] Level 1:colcon.colcon_core.package_discovery:discover_packages(path) check parameters
[0.153s] Level 1:colcon.colcon_core.package_discovery:discover_packages(colcon_meta) discover
[0.153s] Level 1:colcon.colcon_core.package_discovery:discover_packages(recursive) discover
[0.153s] INFO:colcon.colcon_core.package_discovery:Crawling recursively for packages in '/home/user/ros_workspaces/lab1'
[0.153s] Level 1:colcon.colcon_core.package_identification:_identify(.) by extensions ['ignore', 'ignore_ament_install']
[0.153s] Level 1:colcon.colcon_core.package_identification:_identify(.) by extension 'ignore'
[0.153s] Level 1:colcon.colcon_core.package_identification:_identify(.) by extension 'ignore_ament_install'
[0.153s] Level 1:colcon.colcon_core.package_identification:_identify(.) by extensions ['colcon_pkg']
[0.153s] Level 1:colcon.colcon_core.package_identification:_identify(.) by extension 'colcon_pkg'
[0.153s] Level 1:colcon.colcon_core.package_identification:_identify(.) by extensions ['colcon_meta']
[0.154s] Level 1:colcon.colcon_core.package_identification:_identify(.) by extension 'colcon_meta'
[0.154s] Level 1:colcon.colcon_core.package_identification:_identify(.) by extensions ['ros']
[0.154s] Level 1:colcon.colcon_core.package_identification:_identify(.) by extension 'ros'
[0.168s] Level 1:colcon.colcon_core.package_identification:_identify(.) by extensions ['cmake', 'python']
[0.168s] Level 1:colcon.colcon_core.package_identification:_identify(.) by extension 'cmake'
[0.168s] Level 1:colcon.colcon_core.package_identification:_identify(.) by extension 'python'
[0.168s] Level 1:colcon.colcon_core.package_identification:_identify(.) by extensions ['python_setup_py']
[0.168s] Level 1:colcon.colcon_core.package_identification:_identify(.) by extension 'python_setup_py'
[0.168s] Level 1:colcon.colcon_core.package_identification:_identify(build) by extensions ['ignore', 'ignore_ament_install']
[0.168s] Level 1:colcon.colcon_core.package_identification:_identify(build) by extension 'ignore'
[0.168s] Level 1:colcon.colcon_core.package_identification:_identify(build) ignored
[0.168s] Level 1:colcon.colcon_core.package_identification:_identify(install) by extensions ['ignore', 'ignore_ament_install']
[0.169s] Level 1:colcon.colcon_core.package_identification:_identify(install) by extension 'ignore'
[0.169s] Level 1:colcon.colcon_core.package_identification:_identify(install) ignored
[0.169s] Level 1:colcon.colcon_core.package_identification:_identify(log) by extensions ['ignore', 'ignore_ament_install']
[0.169s] Level 1:colcon.colcon_core.package_identification:_identify(log) by extension 'ignore'
[0.169s] Level 1:colcon.colcon_core.package_identification:_identify(log) ignored
[0.169s] Level 1:colcon.colcon_core.package_identification:_identify(src) by extensions ['ignore', 'ignore_ament_install']
[0.169s] Level 1:colcon.colcon_core.package_identification:_identify(src) by extension 'ignore'
[0.169s] Level 1:colcon.colcon_core.package_identification:_identify(src) by extension 'ignore_ament_install'
[0.169s] Level 1:colcon.colcon_core.package_identification:_identify(src) by extensions ['colcon_pkg']
[0.169s] Level 1:colcon.colcon_core.package_identification:_identify(src) by extension 'colcon_pkg'
[0.169s] Level 1:colcon.colcon_core.package_identification:_identify(src) by extensions ['colcon_meta']
[0.169s] Level 1:colcon.colcon_core.package_identification:_identify(src) by extension 'colcon_meta'
[0.169s] Level 1:colcon.colcon_core.package_identification:_identify(src) by extensions ['ros']
[0.169s] Level 1:colcon.colcon_core.package_identification:_identify(src) by extension 'ros'
[0.169s] Level 1:colcon.colcon_core.package_identification:_identify(src) by extensions ['cmake', 'python']
[0.169s] Level 1:colcon.colcon_core.package_identification:_identify(src) by extension 'cmake'
[0.169s] Level 1:colcon.colcon_core.package_identification:_identify(src) by extension 'python'
[0.169s] Level 1:colcon.colcon_core.package_identification:_identify(src) by extensions ['python_setup_py']
[0.169s] Level 1:colcon.colcon_core.package_identification:_identify(src) by extension 'python_setup_py'
[0.170s] Level 1:colcon.colcon_core.package_identification:_identify(src/chatter) by extensions ['ignore', 'ignore_ament_install']
[0.170s] Level 1:colcon.colcon_core.package_identification:_identify(src/chatter) by extension 'ignore'
[0.170s] Level 1:colcon.colcon_core.package_identification:_identify(src/chatter) by extension 'ignore_ament_install'
[0.170s] Level 1:colcon.colcon_core.package_identification:_identify(src/chatter) by extensions ['colcon_pkg']
[0.170s] Level 1:colcon.colcon_core.package_identification:_identify(src/chatter) by extension 'colcon_pkg'
[0.170s] Level 1:colcon.colcon_core.package_identification:_identify(src/chatter) by extensions ['colcon_meta']
[0.170s] Level 1:colcon.colcon_core.package_identification:_identify(src/chatter) by extension 'colcon_meta'
[0.170s] Level 1:colcon.colcon_core.package_identification:_identify(src/chatter) by extensions ['ros']
[0.170s] Level 1:colcon.colcon_core.package_identification:_identify(src/chatter) by extension 'ros'
[0.172s] DEBUG:colcon.colcon_core.package_identification:Package 'src/chatter' with type 'ros.ament_python' and name 'chatter'
[0.172s] Level 1:colcon.colcon_core.package_identification:_identify(src/my_chatter) by extensions ['ignore', 'ignore_ament_install']
[0.172s] Level 1:colcon.colcon_core.package_identification:_identify(src/my_chatter) by extension 'ignore'
[0.172s] Level 1:colcon.colcon_core.package_identification:_identify(src/my_chatter) by extension 'ignore_ament_install'
[0.173s] Level 1:colcon.colcon_core.package_identification:_identify(src/my_chatter) by extensions ['colcon_pkg']
[0.173s] Level 1:colcon.colcon_core.package_identification:_identify(src/my_chatter) by extension 'colcon_pkg'
[0.173s] Level 1:colcon.colcon_core.package_identification:_identify(src/my_chatter) by extensions ['colcon_meta']
[0.173s] Level 1:colcon.colcon_core.package_identification:_identify(src/my_chatter) by extension 'colcon_meta'
[0.173s] Level 1:colcon.colcon_core.package_identification:_identify(src/my_chatter) by extensions ['ros']
[0.173s] Level 1:colcon.colcon_core.package_identification:_identify(src/my_chatter) by extension 'ros'
[0.174s] DEBUG:colcon.colcon_core.package_identification:Package 'src/my_chatter' with type 'ros.ament_python' and name 'my_chatter'
[0.174s] Level 1:colcon.colcon_core.package_identification:_identify(src/my_chatter_msgs) by extensions ['ignore', 'ignore_ament_install']
[0.174s] Level 1:colcon.colcon_core.package_identification:_identify(src/my_chatter_msgs) by extension 'ignore'
[0.174s] Level 1:colcon.colcon_core.package_identification:_identify(src/my_chatter_msgs) by extension 'ignore_ament_install'
[0.174s] Level 1:colcon.colcon_core.package_identification:_identify(src/my_chatter_msgs) by extensions ['colcon_pkg']
[0.174s] Level 1:colcon.colcon_core.package_identification:_identify(src/my_chatter_msgs) by extension 'colcon_pkg'
[0.174s] Level 1:colcon.colcon_core.package_identification:_identify(src/my_chatter_msgs) by extensions ['colcon_meta']
[0.174s] Level 1:colcon.colcon_core.package_identification:_identify(src/my_chatter_msgs) by extension 'colcon_meta'
[0.174s] Level 1:colcon.colcon_core.package_identification:_identify(src/my_chatter_msgs) by extensions ['ros']
[0.174s] Level 1:colcon.colcon_core.package_identification:_identify(src/my_chatter_msgs) by extension 'ros'
[0.175s] DEBUG:colcon.colcon_core.package_identification:Package 'src/my_chatter_msgs' with type 'ros.ament_cmake' and name 'my_chatter_msgs'
[0.175s] Level 1:colcon.colcon_core.package_discovery:discover_packages(recursive) using defaults
[0.175s] Level 1:colcon.colcon_core.package_discovery:discover_packages(ignore) discover
[0.175s] Level 1:colcon.colcon_core.package_discovery:discover_packages(ignore) using defaults
[0.175s] Level 1:colcon.colcon_core.package_discovery:discover_packages(path) discover
[0.175s] Level 1:colcon.colcon_core.package_discovery:discover_packages(path) using defaults
[0.195s] Level 5:colcon.colcon_core.verb:set package 'chatter' build argument 'cmake_args' from command line to 'None'
[0.195s] Level 5:colcon.colcon_core.verb:set package 'chatter' build argument 'cmake_target' from command line to 'None'
[0.196s] Level 5:colcon.colcon_core.verb:set package 'chatter' build argument 'cmake_target_skip_unavailable' from command line to 'False'
[0.196s] Level 5:colcon.colcon_core.verb:set package 'chatter' build argument 'cmake_clean_cache' from command line to 'False'
[0.196s] Level 5:colcon.colcon_core.verb:set package 'chatter' build argument 'cmake_clean_first' from command line to 'False'
[0.196s] Level 5:colcon.colcon_core.verb:set package 'chatter' build argument 'cmake_force_configure' from command line to 'False'
[0.196s] Level 5:colcon.colcon_core.verb:set package 'chatter' build argument 'ament_cmake_args' from command line to 'None'
[0.196s] Level 5:colcon.colcon_core.verb:set package 'chatter' build argument 'catkin_cmake_args' from command line to 'None'
[0.196s] Level 5:colcon.colcon_core.verb:set package 'chatter' build argument 'catkin_skip_building_tests' from command line to 'False'
[0.196s] DEBUG:colcon.colcon_core.verb:Building package 'chatter' with the following arguments: {'ament_cmake_args': None, 'build_base': '/home/user/ros_workspaces/lab1/build/chatter', 'catkin_cmake_args': None, 'catkin_skip_building_tests': False, 'cmake_args': None, 'cmake_clean_cache': False, 'cmake_clean_first': False, 'cmake_force_configure': False, 'cmake_target': None, 'cmake_target_skip_unavailable': False, 'install_base': '/home/user/ros_workspaces/lab1/install/chatter', 'merge_install': False, 'path': '/home/user/ros_workspaces/lab1/src/chatter', 'symlink_install': False, 'test_result_base': None}
[0.196s] Level 5:colcon.colcon_core.verb:set package 'my_chatter_msgs' build argument 'cmake_args' from command line to 'None'
[0.196s] Level 5:colcon.colcon_core.verb:set package 'my_chatter_msgs' build argument 'cmake_target' from command line to 'None'
[0.196s] Level 5:colcon.colcon_core.verb:set package 'my_chatter_msgs' build argument 'cmake_target_skip_unavailable' from command line to 'False'
[0.196s] Level 5:colcon.colcon_core.verb:set package 'my_chatter_msgs' build argument 'cmake_clean_cache' from command line to 'False'
[0.196s] Level 5:colcon.colcon_core.verb:set package 'my_chatter_msgs' build argument 'cmake_clean_first' from command line to 'False'
[0.196s] Level 5:colcon.colcon_core.verb:set package 'my_chatter_msgs' build argument 'cmake_force_configure' from command line to 'False'
[0.196s] Level 5:colcon.colcon_core.verb:set package 'my_chatter_msgs' build argument 'ament_cmake_args' from command line to 'None'
[0.196s] Level 5:colcon.colcon_core.verb:set package 'my_chatter_msgs' build argument 'catkin_cmake_args' from command line to 'None'
[0.196s] Level 5:colcon.colcon_core.verb:set package 'my_chatter_msgs' build argument 'catkin_skip_building_tests' from command line to 'False'
[0.196s] DEBUG:colcon.colcon_core.verb:Building package 'my_chatter_msgs' with the following arguments: {'ament_cmake_args': None, 'build_base': '/home/user/ros_workspaces/lab1/build/my_chatter_msgs', 'catkin_cmake_args': None, 'catkin_skip_building_tests': False, 'cmake_args': None, 'cmake_clean_cache': False, 'cmake_clean_first': False, 'cmake_force_configure': False, 'cmake_target': None, 'cmake_target_skip_unavailable': False, 'install_base': '/home/user/ros_workspaces/lab1/install/my_chatter_msgs', 'merge_install': False, 'path': '/home/user/ros_workspaces/lab1/src/my_chatter_msgs', 'symlink_install': False, 'test_result_base': None}
[0.197s] Level 5:colcon.colcon_core.verb:set package 'my_chatter' build argument 'cmake_args' from command line to 'None'
[0.197s] Level 5:colcon.colcon_core.verb:set package 'my_chatter' build argument 'cmake_target' from command line to 'None'
[0.197s] Level 5:colcon.colcon_core.verb:set package 'my_chatter' build argument 'cmake_target_skip_unavailable' from command line to 'False'
[0.197s] Level 5:colcon.colcon_core.verb:set package 'my_chatter' build argument 'cmake_clean_cache' from command line to 'False'
[0.197s] Level 5:colcon.colcon_core.verb:set package 'my_chatter' build argument 'cmake_clean_first' from command line to 'False'
[0.197s] Level 5:colcon.colcon_core.verb:set package 'my_chatter' build argument 'cmake_force_configure' from command line to 'False'
[0.197s] Level 5:colcon.colcon_core.verb:set package 'my_chatter' build argument 'ament_cmake_args' from command line to 'None'
[0.197s] Level 5:colcon.colcon_core.verb:set package 'my_chatter' build argument 'catkin_cmake_args' from command line to 'None'
[0.197s] Level 5:colcon.colcon_core.verb:set package 'my_chatter' build argument 'catkin_skip_building_tests' from command line to 'False'
[0.197s] DEBUG:colcon.colcon_core.verb:Building package 'my_chatter' with the following arguments: {'ament_cmake_args': None, 'build_base': '/home/user/ros_workspaces/lab1/build/my_chatter', 'catkin_cmake_args': None, 'catkin_skip_building_tests': False, 'cmake_args': None, 'cmake_clean_cache': False, 'cmake_clean_first': False, 'cmake_force_configure': False, 'cmake_target': None, 'cmake_target_skip_unavailable': False, 'install_base': '/home/user/ros_workspaces/lab1/install/my_chatter', 'merge_install': False, 'path': '/home/user/ros_workspaces/lab1/src/my_chatter', 'symlink_install': False, 'test_result_base': None}
[0.197s] INFO:colcon.colcon_core.executor:Executing jobs using 'parallel' executor
[0.198s] DEBUG:colcon.colcon_parallel_executor.executor.parallel:run_until_complete
[0.198s] INFO:colcon.colcon_ros.task.ament_cmake.build:Building ROS package in '/home/user/ros_workspaces/lab1/src/my_chatter_msgs' with build type 'ament_cmake'
[0.199s] INFO:colcon.colcon_cmake.task.cmake.build:Building CMake package in '/home/user/ros_workspaces/lab1/src/my_chatter_msgs'
[0.201s] INFO:colcon.colcon_core.plugin_system:Skipping extension 'colcon_core.shell.bat': Not used on non-Windows systems
[0.201s] INFO:colcon.colcon_core.shell:Skip shell extension 'powershell' for command environment: Not usable outside of PowerShell
[0.201s] DEBUG:colcon.colcon_core.shell:Skip shell extension 'dsv' for command environment
[0.206s] INFO:colcon.colcon_ros.task.ament_python.build:Building ROS package in '/home/user/ros_workspaces/lab1/src/chatter' with build type 'ament_python'
[0.207s] Level 1:colcon.colcon_core.shell:create_environment_hook('chatter', 'ament_prefix_path')
[0.207s] INFO:colcon.colcon_core.shell:Creating environment hook '/home/user/ros_workspaces/lab1/install/chatter/share/chatter/hook/ament_prefix_path.ps1'
[0.208s] INFO:colcon.colcon_core.shell:Creating environment descriptor '/home/user/ros_workspaces/lab1/install/chatter/share/chatter/hook/ament_prefix_path.dsv'
[0.208s] INFO:colcon.colcon_core.shell:Creating environment hook '/home/user/ros_workspaces/lab1/install/chatter/share/chatter/hook/ament_prefix_path.sh'
[0.209s] INFO:colcon.colcon_core.shell:Skip shell extension 'powershell' for command environment: Not usable outside of PowerShell
[0.209s] DEBUG:colcon.colcon_core.shell:Skip shell extension 'dsv' for command environment
[0.219s] DEBUG:colcon.colcon_core.event_handler.log_command:Invoking command in '/home/user/ros_workspaces/lab1/build/my_chatter_msgs': CMAKE_PREFIX_PATH=/opt/ros/humble _=/usr/bin/env /usr/bin/cmake --build /home/user/ros_workspaces/lab1/build/my_chatter_msgs -- -j8 -l8
[0.636s] INFO:colcon.colcon_core.task.python.build:Building Python package in '/home/user/ros_workspaces/lab1/src/chatter'
[0.636s] INFO:colcon.colcon_core.shell:Skip shell extension 'powershell' for command environment: Not usable outside of PowerShell
[0.636s] DEBUG:colcon.colcon_core.shell:Skip shell extension 'dsv' for command environment
[0.811s] DEBUG:colcon.colcon_core.event_handler.log_command:Invoked command in '/home/user/ros_workspaces/lab1/build/my_chatter_msgs' returned '0': CMAKE_PREFIX_PATH=/opt/ros/humble _=/usr/bin/env /usr/bin/cmake --build /home/user/ros_workspaces/lab1/build/my_chatter_msgs -- -j8 -l8
[0.827s] DEBUG:colcon.colcon_core.event_handler.log_command:Invoking command in '/home/user/ros_workspaces/lab1/build/my_chatter_msgs': CMAKE_PREFIX_PATH=/opt/ros/humble _=/usr/bin/env /usr/bin/cmake --install /home/user/ros_workspaces/lab1/build/my_chatter_msgs
[0.882s] Level 1:colcon.colcon_core.environment:create_environment_scripts_only(my_chatter_msgs)
[0.882s] DEBUG:colcon.colcon_core.event_handler.log_command:Invoked command in '/home/user/ros_workspaces/lab1/build/my_chatter_msgs' returned '0': CMAKE_PREFIX_PATH=/opt/ros/humble _=/usr/bin/env /usr/bin/cmake --install /home/user/ros_workspaces/lab1/build/my_chatter_msgs
[0.886s] Level 1:colcon.colcon_core.environment:checking '/home/user/ros_workspaces/lab1/install/my_chatter_msgs' for CMake module files
[0.886s] Level 1:colcon.colcon_core.environment:checking '/home/user/ros_workspaces/lab1/install/my_chatter_msgs' for CMake config files
[0.887s] Level 1:colcon.colcon_core.shell:create_environment_hook('my_chatter_msgs', 'cmake_prefix_path')
[0.887s] INFO:colcon.colcon_core.shell:Creating environment hook '/home/user/ros_workspaces/lab1/install/my_chatter_msgs/share/my_chatter_msgs/hook/cmake_prefix_path.ps1'
[0.888s] INFO:colcon.colcon_core.shell:Creating environment descriptor '/home/user/ros_workspaces/lab1/install/my_chatter_msgs/share/my_chatter_msgs/hook/cmake_prefix_path.dsv'
[0.888s] INFO:colcon.colcon_core.shell:Creating environment hook '/home/user/ros_workspaces/lab1/install/my_chatter_msgs/share/my_chatter_msgs/hook/cmake_prefix_path.sh'
[0.889s] Level 1:colcon.colcon_core.environment:checking '/home/user/ros_workspaces/lab1/install/my_chatter_msgs/lib'
[0.889s] Level 1:colcon.colcon_core.shell:create_environment_hook('my_chatter_msgs', 'ld_library_path_lib')
[0.889s] INFO:colcon.colcon_core.shell:Creating environment hook '/home/user/ros_workspaces/lab1/install/my_chatter_msgs/share/my_chatter_msgs/hook/ld_library_path_lib.ps1'
[0.890s] INFO:colcon.colcon_core.shell:Creating environment descriptor '/home/user/ros_workspaces/lab1/install/my_chatter_msgs/share/my_chatter_msgs/hook/ld_library_path_lib.dsv'
[0.890s] INFO:colcon.colcon_core.shell:Creating environment hook '/home/user/ros_workspaces/lab1/install/my_chatter_msgs/share/my_chatter_msgs/hook/ld_library_path_lib.sh'
[0.890s] Level 1:colcon.colcon_core.environment:checking '/home/user/ros_workspaces/lab1/install/my_chatter_msgs/bin'
[0.891s] Level 1:colcon.colcon_core.environment:checking '/home/user/ros_workspaces/lab1/install/my_chatter_msgs/lib/pkgconfig/my_chatter_msgs.pc'
[0.891s] Level 1:colcon.colcon_core.environment:checking '/home/user/ros_workspaces/lab1/install/my_chatter_msgs/lib/python3.10/site-packages'
[0.891s] Level 1:colcon.colcon_core.environment:checking '/home/user/ros_workspaces/lab1/install/my_chatter_msgs/bin'
[0.891s] INFO:colcon.colcon_core.shell:Creating package script '/home/user/ros_workspaces/lab1/install/my_chatter_msgs/share/my_chatter_msgs/package.ps1'
[0.892s] INFO:colcon.colcon_core.shell:Creating package descriptor '/home/user/ros_workspaces/lab1/install/my_chatter_msgs/share/my_chatter_msgs/package.dsv'
[0.893s] INFO:colcon.colcon_core.shell:Creating package script '/home/user/ros_workspaces/lab1/install/my_chatter_msgs/share/my_chatter_msgs/package.sh'
[0.894s] INFO:colcon.colcon_core.shell:Creating package script '/home/user/ros_workspaces/lab1/install/my_chatter_msgs/share/my_chatter_msgs/package.bash'
[0.895s] INFO:colcon.colcon_core.shell:Creating package script '/home/user/ros_workspaces/lab1/install/my_chatter_msgs/share/my_chatter_msgs/package.zsh'
[0.895s] Level 1:colcon.colcon_core.environment:create_file_with_runtime_dependencies(/home/user/ros_workspaces/lab1/install/my_chatter_msgs/share/colcon-core/packages/my_chatter_msgs)
[0.896s] Level 1:colcon.colcon_core.environment:create_environment_scripts_only(my_chatter_msgs)
[0.896s] Level 1:colcon.colcon_core.environment:checking '/home/user/ros_workspaces/lab1/install/my_chatter_msgs' for CMake module files
[0.897s] Level 1:colcon.colcon_core.environment:checking '/home/user/ros_workspaces/lab1/install/my_chatter_msgs' for CMake config files
[0.897s] Level 1:colcon.colcon_core.shell:create_environment_hook('my_chatter_msgs', 'cmake_prefix_path')
[0.898s] INFO:colcon.colcon_core.shell:Creating environment hook '/home/user/ros_workspaces/lab1/install/my_chatter_msgs/share/my_chatter_msgs/hook/cmake_prefix_path.ps1'
[0.898s] INFO:colcon.colcon_core.shell:Creating environment descriptor '/home/user/ros_workspaces/lab1/install/my_chatter_msgs/share/my_chatter_msgs/hook/cmake_prefix_path.dsv'
[0.898s] INFO:colcon.colcon_core.shell:Creating environment hook '/home/user/ros_workspaces/lab1/install/my_chatter_msgs/share/my_chatter_msgs/hook/cmake_prefix_path.sh'
[0.899s] Level 1:colcon.colcon_core.environment:checking '/home/user/ros_workspaces/lab1/install/my_chatter_msgs/lib'
[0.899s] Level 1:colcon.colcon_core.shell:create_environment_hook('my_chatter_msgs', 'ld_library_path_lib')
[0.899s] INFO:colcon.colcon_core.shell:Creating environment hook '/home/user/ros_workspaces/lab1/install/my_chatter_msgs/share/my_chatter_msgs/hook/ld_library_path_lib.ps1'
[0.900s] INFO:colcon.colcon_core.shell:Creating environment descriptor '/home/user/ros_workspaces/lab1/install/my_chatter_msgs/share/my_chatter_msgs/hook/ld_library_path_lib.dsv'
[0.900s] INFO:colcon.colcon_core.shell:Creating environment hook '/home/user/ros_workspaces/lab1/install/my_chatter_msgs/share/my_chatter_msgs/hook/ld_library_path_lib.sh'
[0.900s] Level 1:colcon.colcon_core.environment:checking '/home/user/ros_workspaces/lab1/install/my_chatter_msgs/bin'
[0.900s] Level 1:colcon.colcon_core.environment:checking '/home/user/ros_workspaces/lab1/install/my_chatter_msgs/lib/pkgconfig/my_chatter_msgs.pc'
[0.901s] Level 1:colcon.colcon_core.environment:checking '/home/user/ros_workspaces/lab1/install/my_chatter_msgs/lib/python3.10/site-packages'
[0.901s] Level 1:colcon.colcon_core.environment:checking '/home/user/ros_workspaces/lab1/install/my_chatter_msgs/bin'
[0.901s] INFO:colcon.colcon_core.shell:Creating package script '/home/user/ros_workspaces/lab1/install/my_chatter_msgs/share/my_chatter_msgs/package.ps1'
[0.902s] INFO:colcon.colcon_core.shell:Creating package descriptor '/home/user/ros_workspaces/lab1/install/my_chatter_msgs/share/my_chatter_msgs/package.dsv'
[0.902s] INFO:colcon.colcon_core.shell:Creating package script '/home/user/ros_workspaces/lab1/install/my_chatter_msgs/share/my_chatter_msgs/package.sh'
[0.903s] INFO:colcon.colcon_core.shell:Creating package script '/home/user/ros_workspaces/lab1/install/my_chatter_msgs/share/my_chatter_msgs/package.bash'
[0.903s] INFO:colcon.colcon_core.shell:Creating package script '/home/user/ros_workspaces/lab1/install/my_chatter_msgs/share/my_chatter_msgs/package.zsh'
[0.904s] Level 1:colcon.colcon_core.environment:create_file_with_runtime_dependencies(/home/user/ros_workspaces/lab1/install/my_chatter_msgs/share/colcon-core/packages/my_chatter_msgs)
[0.904s] INFO:colcon.colcon_ros.task.ament_python.build:Building ROS package in '/home/user/ros_workspaces/lab1/src/my_chatter' with build type 'ament_python'
[0.904s] Level 1:colcon.colcon_core.shell:create_environment_hook('my_chatter', 'ament_prefix_path')
[0.904s] INFO:colcon.colcon_core.shell:Creating environment hook '/home/user/ros_workspaces/lab1/install/my_chatter/share/my_chatter/hook/ament_prefix_path.ps1'
[0.905s] INFO:colcon.colcon_core.shell:Creating environment descriptor '/home/user/ros_workspaces/lab1/install/my_chatter/share/my_chatter/hook/ament_prefix_path.dsv'
[0.918s] INFO:colcon.colcon_core.shell:Creating environment hook '/home/user/ros_workspaces/lab1/install/my_chatter/share/my_chatter/hook/ament_prefix_path.sh'
[0.918s] INFO:colcon.colcon_core.shell:Skip shell extension 'powershell' for command environment: Not usable outside of PowerShell
[0.918s] DEBUG:colcon.colcon_core.shell:Skip shell extension 'dsv' for command environment
[1.142s] INFO:colcon.colcon_core.task.python.build:Building Python package in '/home/user/ros_workspaces/lab1/src/my_chatter'
[1.143s] INFO:colcon.colcon_core.shell:Skip shell extension 'powershell' for command environment: Not usable outside of PowerShell
[1.143s] DEBUG:colcon.colcon_core.shell:Skip shell extension 'dsv' for command environment
[1.151s] DEBUG:colcon.colcon_core.event_handler.log_command:Invoking command in '/home/user/ros_workspaces/lab1/src/chatter': PYTHONPATH=/home/user/ros_workspaces/lab1/build/chatter/prefix_override:/usr/lib/python3/dist-packages/colcon_core/task/python/colcon_distutils_commands:/home/user/ros_workspaces/lab1/install/chatter/lib/python3.10/site-packages:${PYTHONPATH} _=/usr/bin/env /usr/bin/python3 -W ignore:setup.py install is deprecated -W ignore:easy_install command is deprecated setup.py egg_info --egg-base ../../build/chatter build --build-base /home/user/ros_workspaces/lab1/build/chatter/build install --record /home/user/ros_workspaces/lab1/build/chatter/install.log --single-version-externally-managed install_data
[1.589s] DEBUG:colcon.colcon_core.event_handler.log_command:Invoking command in '/home/user/ros_workspaces/lab1/src/my_chatter': AMENT_PREFIX_PATH=/home/user/ros_workspaces/lab1/install/my_chatter_msgs:${AMENT_PREFIX_PATH} CMAKE_PREFIX_PATH=/home/user/ros_workspaces/lab1/install/my_chatter_msgs LD_LIBRARY_PATH=/home/user/ros_workspaces/lab1/install/my_chatter_msgs/lib:/usr/local/cuda-10.2/lib64:/home/user/.catkin_ws_python3/src/TensorRT-7.0.0.11/lib:/opt/ros/humble/opt/rviz_ogre_vendor/lib:/opt/ros/humble/lib/x86_64-linux-gnu:/opt/ros/humble/lib:/usr/local/cuda-10.2/lib64:/home/user/.catkin_ws_python3/src/TensorRT-7.0.0.11/lib:/usr/lib/x86_64-linux-gnu/gazebo-11/plugins:/usr/lib/x86_64-linux-gnu/gazebo-11/plugins:/usr/lib/x86_64-linux-gnu/gazebo-11/plugins PYTHONPATH=/home/user/ros_workspaces/lab1/build/my_chatter/prefix_override:/usr/lib/python3/dist-packages/colcon_core/task/python/colcon_distutils_commands:/home/user/ros_workspaces/lab1/install/my_chatter/lib/python3.10/site-packages:/home/user/ros_workspaces/lab1/install/my_chatter_msgs/local/lib/python3.10/dist-packages:${PYTHONPATH} _=/usr/bin/env /usr/bin/python3 -W ignore:setup.py install is deprecated -W ignore:easy_install command is deprecated setup.py egg_info --egg-base ../../build/my_chatter build --build-base /home/user/ros_workspaces/lab1/build/my_chatter/build install --record /home/user/ros_workspaces/lab1/build/my_chatter/install.log --single-version-externally-managed install_data
[1.592s] Level 1:colcon.colcon_core.environment:checking '/home/user/ros_workspaces/lab1/install/chatter' for CMake module files
[1.592s] DEBUG:colcon.colcon_core.event_handler.log_command:Invoked command in '/home/user/ros_workspaces/lab1/src/chatter' returned '0': PYTHONPATH=/home/user/ros_workspaces/lab1/build/chatter/prefix_override:/usr/lib/python3/dist-packages/colcon_core/task/python/colcon_distutils_commands:/home/user/ros_workspaces/lab1/install/chatter/lib/python3.10/site-packages:${PYTHONPATH} _=/usr/bin/env /usr/bin/python3 -W ignore:setup.py install is deprecated -W ignore:easy_install command is deprecated setup.py egg_info --egg-base ../../build/chatter build --build-base /home/user/ros_workspaces/lab1/build/chatter/build install --record /home/user/ros_workspaces/lab1/build/chatter/install.log --single-version-externally-managed install_data
[1.593s] Level 1:colcon.colcon_core.environment:checking '/home/user/ros_workspaces/lab1/install/chatter' for CMake config files
[1.593s] Level 1:colcon.colcon_core.environment:checking '/home/user/ros_workspaces/lab1/install/chatter/lib'
[1.593s] Level 1:colcon.colcon_core.environment:checking '/home/user/ros_workspaces/lab1/install/chatter/bin'
[1.593s] Level 1:colcon.colcon_core.environment:checking '/home/user/ros_workspaces/lab1/install/chatter/lib/pkgconfig/chatter.pc'
[1.594s] Level 1:colcon.colcon_core.environment:checking '/home/user/ros_workspaces/lab1/install/chatter/lib/python3.10/site-packages'
[1.594s] Level 1:colcon.colcon_core.shell:create_environment_hook('chatter', 'pythonpath')
[1.594s] INFO:colcon.colcon_core.shell:Creating environment hook '/home/user/ros_workspaces/lab1/install/chatter/share/chatter/hook/pythonpath.ps1'
[1.594s] INFO:colcon.colcon_core.shell:Creating environment descriptor '/home/user/ros_workspaces/lab1/install/chatter/share/chatter/hook/pythonpath.dsv'
[1.595s] INFO:colcon.colcon_core.shell:Creating environment hook '/home/user/ros_workspaces/lab1/install/chatter/share/chatter/hook/pythonpath.sh'
[1.596s] Level 1:colcon.colcon_core.environment:checking '/home/user/ros_workspaces/lab1/install/chatter/bin'
[1.596s] Level 1:colcon.colcon_core.environment:create_environment_scripts_only(chatter)
[1.596s] INFO:colcon.colcon_core.shell:Creating package script '/home/user/ros_workspaces/lab1/install/chatter/share/chatter/package.ps1'
[1.596s] INFO:colcon.colcon_core.shell:Creating package descriptor '/home/user/ros_workspaces/lab1/install/chatter/share/chatter/package.dsv'
[1.597s] INFO:colcon.colcon_core.shell:Creating package script '/home/user/ros_workspaces/lab1/install/chatter/share/chatter/package.sh'
[1.597s] INFO:colcon.colcon_core.shell:Creating package script '/home/user/ros_workspaces/lab1/install/chatter/share/chatter/package.bash'
[1.598s] INFO:colcon.colcon_core.shell:Creating package script '/home/user/ros_workspaces/lab1/install/chatter/share/chatter/package.zsh'
[1.598s] Level 1:colcon.colcon_core.environment:create_file_with_runtime_dependencies(/home/user/ros_workspaces/lab1/install/chatter/share/colcon-core/packages/chatter)
[2.067s] Level 1:colcon.colcon_core.environment:checking '/home/user/ros_workspaces/lab1/install/my_chatter' for CMake module files
[2.068s] DEBUG:colcon.colcon_core.event_handler.log_command:Invoked command in '/home/user/ros_workspaces/lab1/src/my_chatter' returned '0': AMENT_PREFIX_PATH=/home/user/ros_workspaces/lab1/install/my_chatter_msgs:${AMENT_PREFIX_PATH} CMAKE_PREFIX_PATH=/home/user/ros_workspaces/lab1/install/my_chatter_msgs LD_LIBRARY_PATH=/home/user/ros_workspaces/lab1/install/my_chatter_msgs/lib:/usr/local/cuda-10.2/lib64:/home/user/.catkin_ws_python3/src/TensorRT-7.0.0.11/lib:/opt/ros/humble/opt/rviz_ogre_vendor/lib:/opt/ros/humble/lib/x86_64-linux-gnu:/opt/ros/humble/lib:/usr/local/cuda-10.2/lib64:/home/user/.catkin_ws_python3/src/TensorRT-7.0.0.11/lib:/usr/lib/x86_64-linux-gnu/gazebo-11/plugins:/usr/lib/x86_64-linux-gnu/gazebo-11/plugins:/usr/lib/x86_64-linux-gnu/gazebo-11/plugins PYTHONPATH=/home/user/ros_workspaces/lab1/build/my_chatter/prefix_override:/usr/lib/python3/dist-packages/colcon_core/task/python/colcon_distutils_commands:/home/user/ros_workspaces/lab1/install/my_chatter/lib/python3.10/site-packages:/home/user/ros_workspaces/lab1/install/my_chatter_msgs/local/lib/python3.10/dist-packages:${PYTHONPATH} _=/usr/bin/env /usr/bin/python3 -W ignore:setup.py install is deprecated -W ignore:easy_install command is deprecated setup.py egg_info --egg-base ../../build/my_chatter build --build-base /home/user/ros_workspaces/lab1/build/my_chatter/build install --record /home/user/ros_workspaces/lab1/build/my_chatter/install.log --single-version-externally-managed install_data
[2.068s] Level 1:colcon.colcon_core.environment:checking '/home/user/ros_workspaces/lab1/install/my_chatter' for CMake config files
[2.069s] Level 1:colcon.colcon_core.environment:checking '/home/user/ros_workspaces/lab1/install/my_chatter/lib'
[2.069s] Level 1:colcon.colcon_core.environment:checking '/home/user/ros_workspaces/lab1/install/my_chatter/bin'
[2.069s] Level 1:colcon.colcon_core.environment:checking '/home/user/ros_workspaces/lab1/install/my_chatter/lib/pkgconfig/my_chatter.pc'
[2.069s] Level 1:colcon.colcon_core.environment:checking '/home/user/ros_workspaces/lab1/install/my_chatter/lib/python3.10/site-packages'
[2.069s] Level 1:colcon.colcon_core.shell:create_environment_hook('my_chatter', 'pythonpath')
[2.070s] INFO:colcon.colcon_core.shell:Creating environment hook '/home/user/ros_workspaces/lab1/install/my_chatter/share/my_chatter/hook/pythonpath.ps1'
[2.070s] INFO:colcon.colcon_core.shell:Creating environment descriptor '/home/user/ros_workspaces/lab1/install/my_chatter/share/my_chatter/hook/pythonpath.dsv'
[2.070s] INFO:colcon.colcon_core.shell:Creating environment hook '/home/user/ros_workspaces/lab1/install/my_chatter/share/my_chatter/hook/pythonpath.sh'
[2.072s] Level 1:colcon.colcon_core.environment:checking '/home/user/ros_workspaces/lab1/install/my_chatter/bin'
[2.072s] Level 1:colcon.colcon_core.environment:create_environment_scripts_only(my_chatter)
[2.072s] INFO:colcon.colcon_core.shell:Creating package script '/home/user/ros_workspaces/lab1/install/my_chatter/share/my_chatter/package.ps1'
[2.072s] INFO:colcon.colcon_core.shell:Creating package descriptor '/home/user/ros_workspaces/lab1/install/my_chatter/share/my_chatter/package.dsv'
[2.073s] INFO:colcon.colcon_core.shell:Creating package script '/home/user/ros_workspaces/lab1/install/my_chatter/share/my_chatter/package.sh'
[2.073s] INFO:colcon.colcon_core.shell:Creating package script '/home/user/ros_workspaces/lab1/install/my_chatter/share/my_chatter/package.bash'
[2.074s] INFO:colcon.colcon_core.shell:Creating package script '/home/user/ros_workspaces/lab1/install/my_chatter/share/my_chatter/package.zsh'
[2.074s] Level 1:colcon.colcon_core.environment:create_file_with_runtime_dependencies(/home/user/ros_workspaces/lab1/install/my_chatter/share/colcon-core/packages/my_chatter)
[2.074s] DEBUG:colcon.colcon_parallel_executor.executor.parallel:closing loop
[2.075s] DEBUG:colcon.colcon_parallel_executor.executor.parallel:loop closed
[2.075s] DEBUG:colcon.colcon_parallel_executor.executor.parallel:run_until_complete finished with '0'
[2.075s] DEBUG:colcon.colcon_core.event_reactor:joining thread
[2.080s] INFO:colcon.colcon_core.plugin_system:Skipping extension 'colcon_notification.desktop_notification.notify_send': Could not find 'notify-send'
[2.080s] INFO:colcon.colcon_core.plugin_system:Skipping extension 'colcon_notification.desktop_notification.terminal_notifier': Not used on non-Darwin systems
[2.080s] INFO:colcon.colcon_core.plugin_system:Skipping extension 'colcon_notification.desktop_notification.win32': Not used on non-Windows systems
[2.080s] INFO:colcon.colcon_notification.desktop_notification:Sending desktop notification using 'notify2'
[2.082s] DEBUG:colcon.colcon_notification.desktop_notification.notify2:Failed to initialize notify2: org.freedesktop.DBus.Error.Spawn.ExecFailed: /usr/bin/dbus-launch terminated abnormally without any error message
[2.082s] DEBUG:colcon.colcon_core.event_reactor:joined thread
[2.083s] INFO:colcon.colcon_core.shell:Creating prefix script '/home/user/ros_workspaces/lab1/install/local_setup.ps1'
[2.084s] INFO:colcon.colcon_core.shell:Creating prefix util module '/home/user/ros_workspaces/lab1/install/_local_setup_util_ps1.py'
[2.086s] INFO:colcon.colcon_core.shell:Creating prefix chain script '/home/user/ros_workspaces/lab1/install/setup.ps1'
[2.087s] INFO:colcon.colcon_core.shell:Creating prefix script '/home/user/ros_workspaces/lab1/install/local_setup.sh'
[2.088s] INFO:colcon.colcon_core.shell:Creating prefix util module '/home/user/ros_workspaces/lab1/install/_local_setup_util_sh.py'
[2.088s] INFO:colcon.colcon_core.shell:Creating prefix chain script '/home/user/ros_workspaces/lab1/install/setup.sh'
[2.090s] INFO:colcon.colcon_core.shell:Creating prefix script '/home/user/ros_workspaces/lab1/install/local_setup.bash'
[2.090s] INFO:colcon.colcon_core.shell:Creating prefix chain script '/home/user/ros_workspaces/lab1/install/setup.bash'
[2.091s] INFO:colcon.colcon_core.shell:Creating prefix script '/home/user/ros_workspaces/lab1/install/local_setup.zsh'
[2.091s] INFO:colcon.colcon_core.shell:Creating prefix chain script '/home/user/ros_workspaces/lab1/install/setup.zsh'
