[0.000000] (-) TimerEvent: {}
[0.000483] (lab2_turtlesim) JobQueued: {'identifier': 'lab2_turtlesim', 'dependencies': OrderedDict()}
[0.000571] (turtle_patrol) JobQueued: {'identifier': 'turtle_patrol', 'dependencies': OrderedDict()}
[0.000630] (turtle_patrol_interface) JobQueued: {'identifier': 'turtle_patrol_interface', 'dependencies': OrderedDict()}
[0.000687] (lab2_turtlesim) JobStarted: {'identifier': 'lab2_turtlesim'}
[0.091358] (turtle_patrol) JobStarted: {'identifier': 'turtle_patrol'}
[0.098426] (-) TimerEvent: {}
[0.148462] (turtle_patrol_interface) JobStarted: {'identifier': 'turtle_patrol_interface'}
[0.198673] (-) TimerEvent: {}
[0.299559] (-) TimerEvent: {}
[0.400447] (-) TimerEvent: {}
[0.501968] (-) TimerEvent: {}
[0.603436] (-) TimerEvent: {}
[0.704157] (-) TimerEvent: {}
[0.804912] (-) TimerEvent: {}
[0.905616] (-) TimerEvent: {}
[1.006346] (-) TimerEvent: {}
[1.110348] (-) TimerEvent: {}
[1.211124] (-) TimerEvent: {}
[1.311824] (-) TimerEvent: {}
[1.412659] (-) TimerEvent: {}
[1.513357] (-) TimerEvent: {}
[1.614137] (-) TimerEvent: {}
[1.714779] (-) TimerEvent: {}
[1.815779] (-) TimerEvent: {}
[1.916585] (-) TimerEvent: {}
[2.017371] (-) TimerEvent: {}
[2.118108] (-) TimerEvent: {}
[2.219082] (-) TimerEvent: {}
[2.320769] (-) TimerEvent: {}
[2.422196] (-) TimerEvent: {}
[2.522886] (-) TimerEvent: {}
[2.623669] (-) TimerEvent: {}
[2.724931] (-) TimerEvent: {}
[2.825759] (-) TimerEvent: {}
[2.926544] (-) TimerEvent: {}
[3.027577] (-) TimerEvent: {}
[3.129066] (-) TimerEvent: {}
[3.229765] (-) TimerEvent: {}
[3.330837] (-) TimerEvent: {}
[3.431764] (-) TimerEvent: {}
[3.532537] (-) TimerEvent: {}
[3.633758] (-) TimerEvent: {}
[3.734704] (-) TimerEvent: {}
[3.836190] (-) TimerEvent: {}
[3.936985] (-) TimerEvent: {}
[4.037755] (-) TimerEvent: {}
[4.138564] (-) TimerEvent: {}
[4.239330] (-) TimerEvent: {}
[4.340155] (-) TimerEvent: {}
[4.440872] (-) TimerEvent: {}
[4.541544] (-) TimerEvent: {}
[4.642557] (-) TimerEvent: {}
[4.744207] (-) TimerEvent: {}
[4.824979] (turtle_patrol_interface) JobProgress: {'identifier': 'turtle_patrol_interface', 'progress': 'cmake'}
[4.837843] (turtle_patrol_interface) JobProgress: {'identifier': 'turtle_patrol_interface', 'progress': 'build'}
[4.840051] (turtle_patrol_interface) Command: {'cmd': ['/usr/bin/cmake', '--build', '/home/cc/ee106a/fa26/class/ee106a-aec/ros_workspaces/lab2/build/turtle_patrol_interface', '--', '-j24', '-l24'], 'cwd': '/home/cc/ee106a/fa26/class/ee106a-aec/ros_workspaces/lab2/build/turtle_patrol_interface', 'env': OrderedDict([('ARCH', 'x86_64'), ('QT_SCALE_FACTOR', '1'), ('USER', 'ee106a-aec'), ('HOSTNAME', 'lab12'), ('SSH_AGENT_PID', '2302702'), ('XDG_SESSION_TYPE', 'x11'), ('MASTERDIR', '/home/ff/ee106a'), ('XDG_CACHE_HOME', '/home/cc/ee106a/fa26/class/ee106a-aec/.cache'), ('SHLVL', '2'), ('LD_LIBRARY_PATH', '/home/cc/ee106a/fa26/class/ee106a-aec/ros_workspaces/lab2/install/turtle_patrol_interface/lib:/usr/lib/x86_64-linux-gnu/gazebo-11/plugins:/opt/ros/humble/opt/rviz_ogre_vendor/lib:/opt/ros/humble/lib/x86_64-linux-gnu:/opt/ros/humble/lib'), ('HOME', '/home/cc/ee106a/fa26/class/ee106a-aec'), ('OLDPWD', '/home/cc/ee106a/fa26/class/ee106a-aec/ros_workspaces'), ('ROS_PYTHON_VERSION', '3'), ('GTK_MODULES', 'appmenu-gtk-module:gail:atk-bridge'), ('MANAGERPID', '2302208'), ('DISTROBOX_ENTER_PATH', '/usr/local/bin/distrobox-enter'), ('DBUS_STARTER_BUS_TYPE', 'session'), ('SYSTEMD_EXEC_PID', '2302343'), ('XRDP_PULSE_SOURCE_SOCKET', 'xrdp_chansrv_audio_in_socket_81'), ('NNTPSERVER', 'news.csua.berkeley.edu'), ('VISUAL', 'emacs'), ('XRDP_PULSE_SINK_SOCKET', 'xrdp_chansrv_audio_out_socket_81'), ('XDG_STATE_HOME', '/home/cc/ee106a/fa26/class/ee106a-aec/.local/state'), ('DBUS_SESSION_BUS_ADDRESS', 'unix:path=/run/user/90971/bus,guid=e2a31596ee8bcd3d4f4b7ce86aab1b95'), ('COLORTERM', 'truecolor'), ('container', 'podman'), ('LIBVIRT_DEFAULT_URI', 'qemu:///system'), ('UBUNTU_MENUPROXY', '1'), ('PULSE_SCRIPT', '/etc/xrdp/pulse/default.pa'), ('IM_CONFIG_PHASE', '1'), ('COLCON_PREFIX_PATH', '/home/cc/ee106a/fa26/class/ee106a-aec/ros_workspaces/lab2/install:/home/ff/ee106a/robot_workspaces/ur/install'), ('ROS_DISTRO', 'humble'), ('GTK_IM_MODULE', 'ibus'), ('LOGNAME', 'ee106a-aec'), ('MASTER', 'ee106a'), ('WINDOWID', '73400326'), ('JOURNAL_STREAM', '8:86113062'), ('ROS_VERSION', '2'), ('XDG_SESSION_CLASS', 'user'), ('TERMINFO_DIRS', '/usr/share/terminfo:/run/host/usr/share/terminfo'), ('TERM', 'xterm-256color'), ('GTK_OVERLAY_SCROLLING', '0'), ('ROS_LOCALHOST_ONLY', '0'), ('GTK2_MODULES', 'overlay-scrollbar'), ('PATH', '/opt/ros/humble/bin:/share/b/grading/bin:/home/ff/ee106a/bin:/home/ff/ee106a/bin/arch/x86_64:/share/b/grading/bin:/home/ff/ee106a/bin:/home/ff/ee106a/bin/arch/x86_64:/usr/local/sbin:/usr/local/bin:/usr/sbin:/usr/bin:/sbin:/bin:/usr/games:/usr/local/games:/snap/bin:/share/b/grading/bin:/share/b/grading/sbin:/share/b/runas/x86_64:/share/b/bin:/home/ff/ee106a/venvs/all:/usr/local/sbin:/usr/local/bin:/usr/sbin:/usr/bin:/sbin:/bin:/share/b/grading/bin:/share/b/grading/sbin:/share/b/runas/x86_64:/share/b/bin:/home/ff/ee106a/venvs/all'), ('SESSION_MANAGER', 'local/derby:@/tmp/.ICE-unix/2302357,unix/derby:/tmp/.ICE-unix/2302357'), ('INVOCATION_ID', '919b76bcdc0040e38de578c52b2f2cf6'), ('OS', 'Linux'), ('XRDP_SOCKET_PATH', '/run/xrdp/sockdir'), ('XDG_RUNTIME_DIR', '/run/user/90971'), ('DISPLAY', ':81.0'), ('LANG', 'en_US.UTF-8'), ('XDG_CURRENT_DESKTOP', 'MATE'), ('XDG_DATA_HOME', '/home/cc/ee106a/fa26/class/ee106a-aec/.local/share'), ('XDG_CONFIG_HOME', '/home/cc/ee106a/fa26/class/ee106a-aec/.config'), ('XMODIFIERS', '@im=ibus'), ('SSH_AUTH_SOCK', '/run/user/90971/keyring/ssh'), ('AMENT_PREFIX_PATH', '/home/cc/ee106a/fa26/class/ee106a-aec/ros_workspaces/lab2/install/turtle_patrol_interface:/home/cc/ee106a/fa26/class/ee106a-aec/ros_workspaces/lab2/install/turtle_patrol:/home/cc/ee106a/fa26/class/ee106a-aec/ros_workspaces/lab2/install/lab2_turtlesim:/home/ff/ee106a/robot_workspaces/ur/install/ur7e_utils:/opt/ros/humble'), ('UID', '90971'), ('SHELL', '/usr/bin/bash'), ('QT_ACCESSIBILITY', '1'), ('RUNAS', '/share/b/runas/x86_64'), ('XRDP_SESSION', '1'), ('GPG_AGENT_INFO', '/run/user/90971/gnupg/S.gpg-agent:0:1'), ('CONFIG_SHELL', '/usr/bin/ksh'), ('QT_IM_MODULE', 'ibus'), ('PWD', '/home/cc/ee106a/fa26/class/ee106a-aec/ros_workspaces/lab2/build/turtle_patrol_interface'), ('EE106_ENV_SETUP', 'lab12'), ('CONTAINER_ID', 'lab12'), ('LC_ALL', 'C.UTF-8'), ('XDG_CONFIG_DIRS', '/etc/xdg'), ('CLUTTER_IM_MODULE', 'ibus'), ('DBUS_STARTER_ADDRESS', 'unix:path=/run/user/90971/bus,guid=e2a31596ee8bcd3d4f4b7ce86aab1b95'), ('XDG_DATA_DIRS', '/usr/share/mate:/usr/share/gnome:/home/cc/ee106a/fa26/class/ee106a-aec/.local/share/flatpak/exports/share:/var/lib/flatpak/exports/share:/usr/local/share:/usr/share:/var/lib/snapd/desktop'), ('PYTHONPATH', '/home/cc/ee106a/fa26/class/ee106a-aec/ros_workspaces/lab2/install/turtle_patrol_interface/local/lib/python3.10/dist-packages:/home/cc/ee106a/fa26/class/ee106a-aec/ros_workspaces/lab2/install/turtle_patrol/lib/python3.10/site-packages:/home/cc/ee106a/fa26/class/ee106a-aec/ros_workspaces/lab2/install/lab2_turtlesim/lib/python3.10/site-packages:/home/ff/ee106a/robot_workspaces/ur/install/ur7e_utils/lib/python3.10/site-packages:/opt/ros/humble/lib/python3.10/site-packages:/opt/ros/humble/local/lib/python3.10/dist-packages'), ('MATE_DESKTOP_SESSION_ID', 'this-is-deprecated'), ('COLCON', '1'), ('MANPATH', '/usr/local/man:/usr/man:/usr/X11/man:/usr/local/man:/share/b/grading/man:/usr/local/man:/usr/man:/usr/X11/man:/usr/local/man:/share/b/grading/man:'), ('VTE_VERSION', '6800'), ('EDITOR', 'emacs'), ('CMAKE_PREFIX_PATH', '/home/cc/ee106a/fa26/class/ee106a-aec/ros_workspaces/lab2/install/turtle_patrol_interface:/home/cc/ee106a/fa26/class/ee106a-aec/ros_workspaces/lab2/install/turtle_patrol:/home/cc/ee106a/fa26/class/ee106a-aec/ros_workspaces/lab2/install/lab2_turtlesim:/home/ff/ee106a/robot_workspaces/ur/install/ur7e_utils:/opt/ros/humble'), ('QT_FONT_DPI', '96')]), 'shell': False}
[4.861578] (-) TimerEvent: {}
[4.962796] (-) TimerEvent: {}
[5.064194] (-) TimerEvent: {}
[5.165328] (-) TimerEvent: {}
[5.267256] (-) TimerEvent: {}
[5.368391] (-) TimerEvent: {}
[5.469564] (-) TimerEvent: {}
[5.570369] (-) TimerEvent: {}
[5.671165] (-) TimerEvent: {}
[5.773590] (-) TimerEvent: {}
[5.874677] (-) TimerEvent: {}
[5.975663] (-) TimerEvent: {}
[6.016110] (turtle_patrol_interface) StdoutLine: {'line': b'[  3%] Built target turtle_patrol_interface__rs\n'}
[6.050190] (turtle_patrol_interface) StdoutLine: {'line': b'[ 12%] Built target turtle_patrol_interface__rosidl_generator_c\n'}
[6.058076] (turtle_patrol_interface) StdoutLine: {'line': b'[ 15%] Built target turtle_patrol_interface__cpp\n'}
[6.075924] (-) TimerEvent: {}
[6.176947] (-) TimerEvent: {}
[6.277649] (-) TimerEvent: {}
[6.378547] (-) TimerEvent: {}
[6.481102] (-) TimerEvent: {}
[6.559829] (turtle_patrol_interface) StdoutLine: {'line': b'[ 15%] Built target ament_cmake_python_copy_turtle_patrol_interface\n'}
[6.582983] (-) TimerEvent: {}
[6.684726] (-) TimerEvent: {}
[6.789256] (-) TimerEvent: {}
[6.889909] (-) TimerEvent: {}
[6.990572] (-) TimerEvent: {}
[7.049540] (turtle_patrol_interface) StdoutLine: {'line': b'[ 25%] Built target turtle_patrol_interface__rosidl_typesupport_c\n'}
[7.091298] (-) TimerEvent: {}
[7.134851] (turtle_patrol_interface) StdoutLine: {'line': b'[ 43%] Built target turtle_patrol_interface__rosidl_typesupport_introspection_cpp\n'}
[7.138767] (turtle_patrol_interface) StdoutLine: {'line': b'[ 43%] Built target turtle_patrol_interface__rosidl_typesupport_introspection_c\n'}
[7.155939] (turtle_patrol_interface) StdoutLine: {'line': b'[ 59%] Built target turtle_patrol_interface__rosidl_typesupport_fastrtps_c\n'}
[7.165885] (turtle_patrol_interface) StdoutLine: {'line': b'[ 62%] Built target turtle_patrol_interface__rosidl_typesupport_cpp\n'}
[7.191903] (-) TimerEvent: {}
[7.292981] (-) TimerEvent: {}
[7.360525] (turtle_patrol_interface) StdoutLine: {'line': b'[ 71%] Built target turtle_patrol_interface__rosidl_typesupport_fastrtps_cpp\n'}
[7.393189] (-) TimerEvent: {}
[7.494099] (-) TimerEvent: {}
[7.594728] (-) TimerEvent: {}
[7.695885] (-) TimerEvent: {}
[7.729195] (turtle_patrol_interface) StdoutLine: {'line': b'[ 71%] Built target turtle_patrol_interface\n'}
[7.796165] (-) TimerEvent: {}
[7.896999] (-) TimerEvent: {}
[7.997807] (-) TimerEvent: {}
[8.044823] (turtle_patrol_interface) StdoutLine: {'line': b'[ 75%] Built target turtle_patrol_interface__py\n'}
[8.098442] (-) TimerEvent: {}
[8.199300] (-) TimerEvent: {}
[8.300118] (-) TimerEvent: {}
[8.402131] (-) TimerEvent: {}
[8.456074] (turtle_patrol_interface) StdoutLine: {'line': b'[ 81%] Built target turtle_patrol_interface__rosidl_generator_py\n'}
[8.502340] (-) TimerEvent: {}
[8.603759] (-) TimerEvent: {}
[8.704820] (-) TimerEvent: {}
[8.805851] (-) TimerEvent: {}
[8.907431] (-) TimerEvent: {}
[9.009715] (-) TimerEvent: {}
[9.012303] (turtle_patrol_interface) StdoutLine: {'line': b'[ 87%] Built target turtle_patrol_interface__rosidl_typesupport_fastrtps_c__pyext\n'}
[9.091190] (turtle_patrol_interface) StdoutLine: {'line': b'[ 93%] Built target turtle_patrol_interface__rosidl_typesupport_c__pyext\n'}
[9.103820] (turtle_patrol_interface) StdoutLine: {'line': b'[100%] Built target turtle_patrol_interface__rosidl_typesupport_introspection_c__pyext\n'}
[9.109879] (-) TimerEvent: {}
[9.210578] (-) TimerEvent: {}
[9.311427] (-) TimerEvent: {}
[9.412155] (-) TimerEvent: {}
[9.512911] (-) TimerEvent: {}
[9.613726] (-) TimerEvent: {}
[9.714697] (-) TimerEvent: {}
[9.815595] (-) TimerEvent: {}
[9.916484] (-) TimerEvent: {}
[10.018523] (-) TimerEvent: {}
[10.120178] (-) TimerEvent: {}
[10.139382] (turtle_patrol_interface) StdoutLine: {'line': b'running egg_info\n'}
[10.144235] (turtle_patrol_interface) StdoutLine: {'line': b'writing turtle_patrol_interface.egg-info/PKG-INFO\n'}
[10.151741] (turtle_patrol_interface) StdoutLine: {'line': b'writing dependency_links to turtle_patrol_interface.egg-info/dependency_links.txt\n'}
[10.161502] (turtle_patrol_interface) StdoutLine: {'line': b'writing top-level names to turtle_patrol_interface.egg-info/top_level.txt\n'}
[10.181499] (turtle_patrol_interface) StdoutLine: {'line': b"reading manifest file 'turtle_patrol_interface.egg-info/SOURCES.txt'\n"}
[10.186899] (turtle_patrol_interface) StdoutLine: {'line': b"writing manifest file 'turtle_patrol_interface.egg-info/SOURCES.txt'\n"}
[10.221130] (-) TimerEvent: {}
[10.321811] (-) TimerEvent: {}
[10.366617] (turtle_patrol_interface) StdoutLine: {'line': b'[100%] Built target ament_cmake_python_build_turtle_patrol_interface_egg\n'}
[10.422293] (-) TimerEvent: {}
[10.466595] (turtle_patrol) Command: {'cmd': ['/usr/bin/python3', '-W', 'ignore:setup.py install is deprecated', '-W', 'ignore:easy_install command is deprecated', 'setup.py', 'egg_info', '--egg-base', '../../build/turtle_patrol', 'build', '--build-base', '/home/cc/ee106a/fa26/class/ee106a-aec/ros_workspaces/lab2/build/turtle_patrol/build', 'install', '--record', '/home/cc/ee106a/fa26/class/ee106a-aec/ros_workspaces/lab2/build/turtle_patrol/install.log', '--install-scripts', '$base/lib/turtle_patrol', '--single-version-externally-managed', 'install_data'], 'cwd': '/home/cc/ee106a/fa26/class/ee106a-aec/ros_workspaces/lab2/src/turtle_patrol', 'env': {'ARCH': 'x86_64', 'QT_SCALE_FACTOR': '1', 'USER': 'ee106a-aec', 'HOSTNAME': 'lab12', 'SSH_AGENT_PID': '2302702', 'XDG_SESSION_TYPE': 'x11', 'MASTERDIR': '/home/ff/ee106a', 'XDG_CACHE_HOME': '/home/cc/ee106a/fa26/class/ee106a-aec/.cache', 'SHLVL': '2', 'LD_LIBRARY_PATH': '/home/cc/ee106a/fa26/class/ee106a-aec/ros_workspaces/lab2/install/turtle_patrol_interface/lib:/usr/lib/x86_64-linux-gnu/gazebo-11/plugins:/opt/ros/humble/opt/rviz_ogre_vendor/lib:/opt/ros/humble/lib/x86_64-linux-gnu:/opt/ros/humble/lib', 'HOME': '/home/cc/ee106a/fa26/class/ee106a-aec', 'OLDPWD': '/home/cc/ee106a/fa26/class/ee106a-aec/ros_workspaces', 'ROS_PYTHON_VERSION': '3', 'GTK_MODULES': 'appmenu-gtk-module:gail:atk-bridge', 'MANAGERPID': '2302208', 'DISTROBOX_ENTER_PATH': '/usr/local/bin/distrobox-enter', 'DBUS_STARTER_BUS_TYPE': 'session', 'SYSTEMD_EXEC_PID': '2302343', 'XRDP_PULSE_SOURCE_SOCKET': 'xrdp_chansrv_audio_in_socket_81', 'NNTPSERVER': 'news.csua.berkeley.edu', 'VISUAL': 'emacs', 'XRDP_PULSE_SINK_SOCKET': 'xrdp_chansrv_audio_out_socket_81', 'XDG_STATE_HOME': '/home/cc/ee106a/fa26/class/ee106a-aec/.local/state', 'DBUS_SESSION_BUS_ADDRESS': 'unix:path=/run/user/90971/bus,guid=e2a31596ee8bcd3d4f4b7ce86aab1b95', 'COLORTERM': 'truecolor', 'container': 'podman', 'LIBVIRT_DEFAULT_URI': 'qemu:///system', 'UBUNTU_MENUPROXY': '1', 'PULSE_SCRIPT': '/etc/xrdp/pulse/default.pa', 'IM_CONFIG_PHASE': '1', 'COLCON_PREFIX_PATH': '/home/cc/ee106a/fa26/class/ee106a-aec/ros_workspaces/lab2/install:/home/ff/ee106a/robot_workspaces/ur/install', 'ROS_DISTRO': 'humble', 'GTK_IM_MODULE': 'ibus', 'LOGNAME': 'ee106a-aec', 'MASTER': 'ee106a', 'WINDOWID': '73400326', 'JOURNAL_STREAM': '8:86113062', 'ROS_VERSION': '2', 'XDG_SESSION_CLASS': 'user', 'TERMINFO_DIRS': '/usr/share/terminfo:/run/host/usr/share/terminfo', 'TERM': 'xterm-256color', 'GTK_OVERLAY_SCROLLING': '0', 'ROS_LOCALHOST_ONLY': '0', 'GTK2_MODULES': 'overlay-scrollbar', 'PATH': '/opt/ros/humble/bin:/share/b/grading/bin:/home/ff/ee106a/bin:/home/ff/ee106a/bin/arch/x86_64:/share/b/grading/bin:/home/ff/ee106a/bin:/home/ff/ee106a/bin/arch/x86_64:/usr/local/sbin:/usr/local/bin:/usr/sbin:/usr/bin:/sbin:/bin:/usr/games:/usr/local/games:/snap/bin:/share/b/grading/bin:/share/b/grading/sbin:/share/b/runas/x86_64:/share/b/bin:/home/ff/ee106a/venvs/all:/usr/local/sbin:/usr/local/bin:/usr/sbin:/usr/bin:/sbin:/bin:/share/b/grading/bin:/share/b/grading/sbin:/share/b/runas/x86_64:/share/b/bin:/home/ff/ee106a/venvs/all', 'SESSION_MANAGER': 'local/derby:@/tmp/.ICE-unix/2302357,unix/derby:/tmp/.ICE-unix/2302357', 'INVOCATION_ID': '919b76bcdc0040e38de578c52b2f2cf6', 'OS': 'Linux', 'XRDP_SOCKET_PATH': '/run/xrdp/sockdir', 'XDG_RUNTIME_DIR': '/run/user/90971', 'DISPLAY': ':81.0', 'LANG': 'en_US.UTF-8', 'XDG_CURRENT_DESKTOP': 'MATE', 'XDG_DATA_HOME': '/home/cc/ee106a/fa26/class/ee106a-aec/.local/share', 'XDG_CONFIG_HOME': '/home/cc/ee106a/fa26/class/ee106a-aec/.config', 'XMODIFIERS': '@im=ibus', 'SSH_AUTH_SOCK': '/run/user/90971/keyring/ssh', 'AMENT_PREFIX_PATH': '/home/cc/ee106a/fa26/class/ee106a-aec/ros_workspaces/lab2/install/turtle_patrol_interface:/home/cc/ee106a/fa26/class/ee106a-aec/ros_workspaces/lab2/install/turtle_patrol:/home/cc/ee106a/fa26/class/ee106a-aec/ros_workspaces/lab2/install/lab2_turtlesim:/home/ff/ee106a/robot_workspaces/ur/install/ur7e_utils:/opt/ros/humble', 'UID': '90971', 'SHELL': '/usr/bin/bash', 'QT_ACCESSIBILITY': '1', 'RUNAS': '/share/b/runas/x86_64', 'XRDP_SESSION': '1', 'GPG_AGENT_INFO': '/run/user/90971/gnupg/S.gpg-agent:0:1', 'CONFIG_SHELL': '/usr/bin/ksh', 'QT_IM_MODULE': 'ibus', 'PWD': '/home/cc/ee106a/fa26/class/ee106a-aec/ros_workspaces/lab2/build/turtle_patrol', 'EE106_ENV_SETUP': 'lab12', 'CONTAINER_ID': 'lab12', 'LC_ALL': 'C.UTF-8', 'XDG_CONFIG_DIRS': '/etc/xdg', 'CLUTTER_IM_MODULE': 'ibus', 'DBUS_STARTER_ADDRESS': 'unix:path=/run/user/90971/bus,guid=e2a31596ee8bcd3d4f4b7ce86aab1b95', 'XDG_DATA_DIRS': '/usr/share/mate:/usr/share/gnome:/home/cc/ee106a/fa26/class/ee106a-aec/.local/share/flatpak/exports/share:/var/lib/flatpak/exports/share:/usr/local/share:/usr/share:/var/lib/snapd/desktop', 'PYTHONPATH': '/home/cc/ee106a/fa26/class/ee106a-aec/ros_workspaces/lab2/build/turtle_patrol/prefix_override:/usr/lib/python3/dist-packages/colcon_core/task/python/colcon_distutils_commands:/home/cc/ee106a/fa26/class/ee106a-aec/ros_workspaces/lab2/install/turtle_patrol/lib/python3.10/site-packages:/home/cc/ee106a/fa26/class/ee106a-aec/ros_workspaces/lab2/install/turtle_patrol_interface/local/lib/python3.10/dist-packages:/home/cc/ee106a/fa26/class/ee106a-aec/ros_workspaces/lab2/install/turtle_patrol/lib/python3.10/site-packages:/home/cc/ee106a/fa26/class/ee106a-aec/ros_workspaces/lab2/install/lab2_turtlesim/lib/python3.10/site-packages:/home/ff/ee106a/robot_workspaces/ur/install/ur7e_utils/lib/python3.10/site-packages:/opt/ros/humble/lib/python3.10/site-packages:/opt/ros/humble/local/lib/python3.10/dist-packages', 'MATE_DESKTOP_SESSION_ID': 'this-is-deprecated', 'COLCON': '1', 'MANPATH': '/usr/local/man:/usr/man:/usr/X11/man:/usr/local/man:/share/b/grading/man:/usr/local/man:/usr/man:/usr/X11/man:/usr/local/man:/share/b/grading/man:', 'VTE_VERSION': '6800', 'EDITOR': 'emacs', 'CMAKE_PREFIX_PATH': '/home/cc/ee106a/fa26/class/ee106a-aec/ros_workspaces/lab2/install/turtle_patrol_interface', 'QT_FONT_DPI': '96'}, 'shell': False}
[10.515647] (lab2_turtlesim) Command: {'cmd': ['/usr/bin/python3', '-W', 'ignore:setup.py install is deprecated', '-W', 'ignore:easy_install command is deprecated', 'setup.py', 'egg_info', '--egg-base', '../../build/lab2_turtlesim', 'build', '--build-base', '/home/cc/ee106a/fa26/class/ee106a-aec/ros_workspaces/lab2/build/lab2_turtlesim/build', 'install', '--record', '/home/cc/ee106a/fa26/class/ee106a-aec/ros_workspaces/lab2/build/lab2_turtlesim/install.log', '--install-scripts', '$base/lib/lab2_turtlesim', '--single-version-externally-managed', 'install_data'], 'cwd': '/home/cc/ee106a/fa26/class/ee106a-aec/ros_workspaces/lab2/src/lab2_turtlesim', 'env': {'ARCH': 'x86_64', 'QT_SCALE_FACTOR': '1', 'USER': 'ee106a-aec', 'HOSTNAME': 'lab12', 'SSH_AGENT_PID': '2302702', 'XDG_SESSION_TYPE': 'x11', 'MASTERDIR': '/home/ff/ee106a', 'XDG_CACHE_HOME': '/home/cc/ee106a/fa26/class/ee106a-aec/.cache', 'SHLVL': '2', 'LD_LIBRARY_PATH': '/home/cc/ee106a/fa26/class/ee106a-aec/ros_workspaces/lab2/install/turtle_patrol_interface/lib:/usr/lib/x86_64-linux-gnu/gazebo-11/plugins:/opt/ros/humble/opt/rviz_ogre_vendor/lib:/opt/ros/humble/lib/x86_64-linux-gnu:/opt/ros/humble/lib', 'HOME': '/home/cc/ee106a/fa26/class/ee106a-aec', 'OLDPWD': '/home/cc/ee106a/fa26/class/ee106a-aec/ros_workspaces', 'ROS_PYTHON_VERSION': '3', 'GTK_MODULES': 'appmenu-gtk-module:gail:atk-bridge', 'MANAGERPID': '2302208', 'DISTROBOX_ENTER_PATH': '/usr/local/bin/distrobox-enter', 'DBUS_STARTER_BUS_TYPE': 'session', 'SYSTEMD_EXEC_PID': '2302343', 'XRDP_PULSE_SOURCE_SOCKET': 'xrdp_chansrv_audio_in_socket_81', 'NNTPSERVER': 'news.csua.berkeley.edu', 'VISUAL': 'emacs', 'XRDP_PULSE_SINK_SOCKET': 'xrdp_chansrv_audio_out_socket_81', 'XDG_STATE_HOME': '/home/cc/ee106a/fa26/class/ee106a-aec/.local/state', 'DBUS_SESSION_BUS_ADDRESS': 'unix:path=/run/user/90971/bus,guid=e2a31596ee8bcd3d4f4b7ce86aab1b95', 'COLORTERM': 'truecolor', 'container': 'podman', 'LIBVIRT_DEFAULT_URI': 'qemu:///system', 'UBUNTU_MENUPROXY': '1', 'PULSE_SCRIPT': '/etc/xrdp/pulse/default.pa', 'IM_CONFIG_PHASE': '1', 'COLCON_PREFIX_PATH': '/home/cc/ee106a/fa26/class/ee106a-aec/ros_workspaces/lab2/install:/home/ff/ee106a/robot_workspaces/ur/install', 'ROS_DISTRO': 'humble', 'GTK_IM_MODULE': 'ibus', 'LOGNAME': 'ee106a-aec', 'MASTER': 'ee106a', 'WINDOWID': '73400326', 'JOURNAL_STREAM': '8:86113062', 'ROS_VERSION': '2', 'XDG_SESSION_CLASS': 'user', 'TERMINFO_DIRS': '/usr/share/terminfo:/run/host/usr/share/terminfo', 'TERM': 'xterm-256color', 'GTK_OVERLAY_SCROLLING': '0', 'ROS_LOCALHOST_ONLY': '0', 'GTK2_MODULES': 'overlay-scrollbar', 'PATH': '/opt/ros/humble/bin:/share/b/grading/bin:/home/ff/ee106a/bin:/home/ff/ee106a/bin/arch/x86_64:/share/b/grading/bin:/home/ff/ee106a/bin:/home/ff/ee106a/bin/arch/x86_64:/usr/local/sbin:/usr/local/bin:/usr/sbin:/usr/bin:/sbin:/bin:/usr/games:/usr/local/games:/snap/bin:/share/b/grading/bin:/share/b/grading/sbin:/share/b/runas/x86_64:/share/b/bin:/home/ff/ee106a/venvs/all:/usr/local/sbin:/usr/local/bin:/usr/sbin:/usr/bin:/sbin:/bin:/share/b/grading/bin:/share/b/grading/sbin:/share/b/runas/x86_64:/share/b/bin:/home/ff/ee106a/venvs/all', 'SESSION_MANAGER': 'local/derby:@/tmp/.ICE-unix/2302357,unix/derby:/tmp/.ICE-unix/2302357', 'INVOCATION_ID': '919b76bcdc0040e38de578c52b2f2cf6', 'OS': 'Linux', 'XRDP_SOCKET_PATH': '/run/xrdp/sockdir', 'XDG_RUNTIME_DIR': '/run/user/90971', 'DISPLAY': ':81.0', 'LANG': 'en_US.UTF-8', 'XDG_CURRENT_DESKTOP': 'MATE', 'XDG_DATA_HOME': '/home/cc/ee106a/fa26/class/ee106a-aec/.local/share', 'XDG_CONFIG_HOME': '/home/cc/ee106a/fa26/class/ee106a-aec/.config', 'XMODIFIERS': '@im=ibus', 'SSH_AUTH_SOCK': '/run/user/90971/keyring/ssh', 'AMENT_PREFIX_PATH': '/home/cc/ee106a/fa26/class/ee106a-aec/ros_workspaces/lab2/install/turtle_patrol_interface:/home/cc/ee106a/fa26/class/ee106a-aec/ros_workspaces/lab2/install/turtle_patrol:/home/cc/ee106a/fa26/class/ee106a-aec/ros_workspaces/lab2/install/lab2_turtlesim:/home/ff/ee106a/robot_workspaces/ur/install/ur7e_utils:/opt/ros/humble', 'UID': '90971', 'SHELL': '/usr/bin/bash', 'QT_ACCESSIBILITY': '1', 'RUNAS': '/share/b/runas/x86_64', 'XRDP_SESSION': '1', 'GPG_AGENT_INFO': '/run/user/90971/gnupg/S.gpg-agent:0:1', 'CONFIG_SHELL': '/usr/bin/ksh', 'QT_IM_MODULE': 'ibus', 'PWD': '/home/cc/ee106a/fa26/class/ee106a-aec/ros_workspaces/lab2/build/lab2_turtlesim', 'EE106_ENV_SETUP': 'lab12', 'CONTAINER_ID': 'lab12', 'LC_ALL': 'C.UTF-8', 'XDG_CONFIG_DIRS': '/etc/xdg', 'CLUTTER_IM_MODULE': 'ibus', 'DBUS_STARTER_ADDRESS': 'unix:path=/run/user/90971/bus,guid=e2a31596ee8bcd3d4f4b7ce86aab1b95', 'XDG_DATA_DIRS': '/usr/share/mate:/usr/share/gnome:/home/cc/ee106a/fa26/class/ee106a-aec/.local/share/flatpak/exports/share:/var/lib/flatpak/exports/share:/usr/local/share:/usr/share:/var/lib/snapd/desktop', 'PYTHONPATH': '/home/cc/ee106a/fa26/class/ee106a-aec/ros_workspaces/lab2/build/lab2_turtlesim/prefix_override:/usr/lib/python3/dist-packages/colcon_core/task/python/colcon_distutils_commands:/home/cc/ee106a/fa26/class/ee106a-aec/ros_workspaces/lab2/install/lab2_turtlesim/lib/python3.10/site-packages:/home/cc/ee106a/fa26/class/ee106a-aec/ros_workspaces/lab2/install/turtle_patrol_interface/local/lib/python3.10/dist-packages:/home/cc/ee106a/fa26/class/ee106a-aec/ros_workspaces/lab2/install/turtle_patrol/lib/python3.10/site-packages:/home/cc/ee106a/fa26/class/ee106a-aec/ros_workspaces/lab2/install/lab2_turtlesim/lib/python3.10/site-packages:/home/ff/ee106a/robot_workspaces/ur/install/ur7e_utils/lib/python3.10/site-packages:/opt/ros/humble/lib/python3.10/site-packages:/opt/ros/humble/local/lib/python3.10/dist-packages', 'MATE_DESKTOP_SESSION_ID': 'this-is-deprecated', 'COLCON': '1', 'MANPATH': '/usr/local/man:/usr/man:/usr/X11/man:/usr/local/man:/share/b/grading/man:/usr/local/man:/usr/man:/usr/X11/man:/usr/local/man:/share/b/grading/man:', 'VTE_VERSION': '6800', 'EDITOR': 'emacs', 'CMAKE_PREFIX_PATH': '/home/cc/ee106a/fa26/class/ee106a-aec/ros_workspaces/lab2/install/turtle_patrol_interface', 'QT_FONT_DPI': '96'}, 'shell': False}
[10.533076] (-) TimerEvent: {}
[10.571210] (turtle_patrol_interface) CommandEnded: {'returncode': 0}
[10.576431] (turtle_patrol_interface) JobProgress: {'identifier': 'turtle_patrol_interface', 'progress': 'install'}
[10.633369] (-) TimerEvent: {}
[10.687128] (turtle_patrol_interface) Command: {'cmd': ['/usr/bin/cmake', '--install', '/home/cc/ee106a/fa26/class/ee106a-aec/ros_workspaces/lab2/build/turtle_patrol_interface'], 'cwd': '/home/cc/ee106a/fa26/class/ee106a-aec/ros_workspaces/lab2/build/turtle_patrol_interface', 'env': OrderedDict([('ARCH', 'x86_64'), ('QT_SCALE_FACTOR', '1'), ('USER', 'ee106a-aec'), ('HOSTNAME', 'lab12'), ('SSH_AGENT_PID', '2302702'), ('XDG_SESSION_TYPE', 'x11'), ('MASTERDIR', '/home/ff/ee106a'), ('XDG_CACHE_HOME', '/home/cc/ee106a/fa26/class/ee106a-aec/.cache'), ('SHLVL', '2'), ('LD_LIBRARY_PATH', '/home/cc/ee106a/fa26/class/ee106a-aec/ros_workspaces/lab2/install/turtle_patrol_interface/lib:/usr/lib/x86_64-linux-gnu/gazebo-11/plugins:/opt/ros/humble/opt/rviz_ogre_vendor/lib:/opt/ros/humble/lib/x86_64-linux-gnu:/opt/ros/humble/lib'), ('HOME', '/home/cc/ee106a/fa26/class/ee106a-aec'), ('OLDPWD', '/home/cc/ee106a/fa26/class/ee106a-aec/ros_workspaces'), ('ROS_PYTHON_VERSION', '3'), ('GTK_MODULES', 'appmenu-gtk-module:gail:atk-bridge'), ('MANAGERPID', '2302208'), ('DISTROBOX_ENTER_PATH', '/usr/local/bin/distrobox-enter'), ('DBUS_STARTER_BUS_TYPE', 'session'), ('SYSTEMD_EXEC_PID', '2302343'), ('XRDP_PULSE_SOURCE_SOCKET', 'xrdp_chansrv_audio_in_socket_81'), ('NNTPSERVER', 'news.csua.berkeley.edu'), ('VISUAL', 'emacs'), ('XRDP_PULSE_SINK_SOCKET', 'xrdp_chansrv_audio_out_socket_81'), ('XDG_STATE_HOME', '/home/cc/ee106a/fa26/class/ee106a-aec/.local/state'), ('DBUS_SESSION_BUS_ADDRESS', 'unix:path=/run/user/90971/bus,guid=e2a31596ee8bcd3d4f4b7ce86aab1b95'), ('COLORTERM', 'truecolor'), ('container', 'podman'), ('LIBVIRT_DEFAULT_URI', 'qemu:///system'), ('UBUNTU_MENUPROXY', '1'), ('PULSE_SCRIPT', '/etc/xrdp/pulse/default.pa'), ('IM_CONFIG_PHASE', '1'), ('COLCON_PREFIX_PATH', '/home/cc/ee106a/fa26/class/ee106a-aec/ros_workspaces/lab2/install:/home/ff/ee106a/robot_workspaces/ur/install'), ('ROS_DISTRO', 'humble'), ('GTK_IM_MODULE', 'ibus'), ('LOGNAME', 'ee106a-aec'), ('MASTER', 'ee106a'), ('WINDOWID', '73400326'), ('JOURNAL_STREAM', '8:86113062'), ('ROS_VERSION', '2'), ('XDG_SESSION_CLASS', 'user'), ('TERMINFO_DIRS', '/usr/share/terminfo:/run/host/usr/share/terminfo'), ('TERM', 'xterm-256color'), ('GTK_OVERLAY_SCROLLING', '0'), ('ROS_LOCALHOST_ONLY', '0'), ('GTK2_MODULES', 'overlay-scrollbar'), ('PATH', '/opt/ros/humble/bin:/share/b/grading/bin:/home/ff/ee106a/bin:/home/ff/ee106a/bin/arch/x86_64:/share/b/grading/bin:/home/ff/ee106a/bin:/home/ff/ee106a/bin/arch/x86_64:/usr/local/sbin:/usr/local/bin:/usr/sbin:/usr/bin:/sbin:/bin:/usr/games:/usr/local/games:/snap/bin:/share/b/grading/bin:/share/b/grading/sbin:/share/b/runas/x86_64:/share/b/bin:/home/ff/ee106a/venvs/all:/usr/local/sbin:/usr/local/bin:/usr/sbin:/usr/bin:/sbin:/bin:/share/b/grading/bin:/share/b/grading/sbin:/share/b/runas/x86_64:/share/b/bin:/home/ff/ee106a/venvs/all'), ('SESSION_MANAGER', 'local/derby:@/tmp/.ICE-unix/2302357,unix/derby:/tmp/.ICE-unix/2302357'), ('INVOCATION_ID', '919b76bcdc0040e38de578c52b2f2cf6'), ('OS', 'Linux'), ('XRDP_SOCKET_PATH', '/run/xrdp/sockdir'), ('XDG_RUNTIME_DIR', '/run/user/90971'), ('DISPLAY', ':81.0'), ('LANG', 'en_US.UTF-8'), ('XDG_CURRENT_DESKTOP', 'MATE'), ('XDG_DATA_HOME', '/home/cc/ee106a/fa26/class/ee106a-aec/.local/share'), ('XDG_CONFIG_HOME', '/home/cc/ee106a/fa26/class/ee106a-aec/.config'), ('XMODIFIERS', '@im=ibus'), ('SSH_AUTH_SOCK', '/run/user/90971/keyring/ssh'), ('AMENT_PREFIX_PATH', '/home/cc/ee106a/fa26/class/ee106a-aec/ros_workspaces/lab2/install/turtle_patrol_interface:/home/cc/ee106a/fa26/class/ee106a-aec/ros_workspaces/lab2/install/turtle_patrol:/home/cc/ee106a/fa26/class/ee106a-aec/ros_workspaces/lab2/install/lab2_turtlesim:/home/ff/ee106a/robot_workspaces/ur/install/ur7e_utils:/opt/ros/humble'), ('UID', '90971'), ('SHELL', '/usr/bin/bash'), ('QT_ACCESSIBILITY', '1'), ('RUNAS', '/share/b/runas/x86_64'), ('XRDP_SESSION', '1'), ('GPG_AGENT_INFO', '/run/user/90971/gnupg/S.gpg-agent:0:1'), ('CONFIG_SHELL', '/usr/bin/ksh'), ('QT_IM_MODULE', 'ibus'), ('PWD', '/home/cc/ee106a/fa26/class/ee106a-aec/ros_workspaces/lab2/build/turtle_patrol_interface'), ('EE106_ENV_SETUP', 'lab12'), ('CONTAINER_ID', 'lab12'), ('LC_ALL', 'C.UTF-8'), ('XDG_CONFIG_DIRS', '/etc/xdg'), ('CLUTTER_IM_MODULE', 'ibus'), ('DBUS_STARTER_ADDRESS', 'unix:path=/run/user/90971/bus,guid=e2a31596ee8bcd3d4f4b7ce86aab1b95'), ('XDG_DATA_DIRS', '/usr/share/mate:/usr/share/gnome:/home/cc/ee106a/fa26/class/ee106a-aec/.local/share/flatpak/exports/share:/var/lib/flatpak/exports/share:/usr/local/share:/usr/share:/var/lib/snapd/desktop'), ('PYTHONPATH', '/home/cc/ee106a/fa26/class/ee106a-aec/ros_workspaces/lab2/install/turtle_patrol_interface/local/lib/python3.10/dist-packages:/home/cc/ee106a/fa26/class/ee106a-aec/ros_workspaces/lab2/install/turtle_patrol/lib/python3.10/site-packages:/home/cc/ee106a/fa26/class/ee106a-aec/ros_workspaces/lab2/install/lab2_turtlesim/lib/python3.10/site-packages:/home/ff/ee106a/robot_workspaces/ur/install/ur7e_utils/lib/python3.10/site-packages:/opt/ros/humble/lib/python3.10/site-packages:/opt/ros/humble/local/lib/python3.10/dist-packages'), ('MATE_DESKTOP_SESSION_ID', 'this-is-deprecated'), ('COLCON', '1'), ('MANPATH', '/usr/local/man:/usr/man:/usr/X11/man:/usr/local/man:/share/b/grading/man:/usr/local/man:/usr/man:/usr/X11/man:/usr/local/man:/share/b/grading/man:'), ('VTE_VERSION', '6800'), ('EDITOR', 'emacs'), ('CMAKE_PREFIX_PATH', '/home/cc/ee106a/fa26/class/ee106a-aec/ros_workspaces/lab2/install/turtle_patrol_interface:/home/cc/ee106a/fa26/class/ee106a-aec/ros_workspaces/lab2/install/turtle_patrol:/home/cc/ee106a/fa26/class/ee106a-aec/ros_workspaces/lab2/install/lab2_turtlesim:/home/ff/ee106a/robot_workspaces/ur/install/ur7e_utils:/opt/ros/humble'), ('QT_FONT_DPI', '96')]), 'shell': False}
[10.733787] (-) TimerEvent: {}
[10.800153] (turtle_patrol_interface) StdoutLine: {'line': b'-- Install configuration: ""\n'}
[10.805833] (turtle_patrol_interface) StdoutLine: {'line': b'-- Up-to-date: /home/cc/ee106a/fa26/class/ee106a-aec/ros_workspaces/lab2/install/turtle_patrol_interface/share/ament_index/resource_index/rosidl_interfaces/turtle_patrol_interface\n'}
[10.807128] (turtle_patrol_interface) StdoutLine: {'line': b'-- Up-to-date: /home/cc/ee106a/fa26/class/ee106a-aec/ros_workspaces/lab2/install/turtle_patrol_interface/include/turtle_patrol_interface/turtle_patrol_interface\n'}
[10.809439] (turtle_patrol_interface) StdoutLine: {'line': b'-- Up-to-date: /home/cc/ee106a/fa26/class/ee106a-aec/ros_workspaces/lab2/install/turtle_patrol_interface/include/turtle_patrol_interface/turtle_patrol_interface/msg\n'}
[10.812819] (turtle_patrol_interface) StdoutLine: {'line': b'-- Up-to-date: /home/cc/ee106a/fa26/class/ee106a-aec/ros_workspaces/lab2/install/turtle_patrol_interface/include/turtle_patrol_interface/turtle_patrol_interface/msg/rosidl_generator_c__visibility_control.h\n'}
[10.815040] (turtle_patrol_interface) StdoutLine: {'line': b'-- Up-to-date: /home/cc/ee106a/fa26/class/ee106a-aec/ros_workspaces/lab2/install/turtle_patrol_interface/include/turtle_patrol_interface/turtle_patrol_interface/srv\n'}
[10.818999] (turtle_patrol_interface) StdoutLine: {'line': b'-- Up-to-date: /home/cc/ee106a/fa26/class/ee106a-aec/ros_workspaces/lab2/install/turtle_patrol_interface/include/turtle_patrol_interface/turtle_patrol_interface/srv/detail\n'}
[10.822769] (turtle_patrol_interface) StdoutLine: {'line': b'-- Up-to-date: /home/cc/ee106a/fa26/class/ee106a-aec/ros_workspaces/lab2/install/turtle_patrol_interface/include/turtle_patrol_interface/turtle_patrol_interface/srv/detail/patrol__struct.h\n'}
[10.824454] (turtle_patrol_interface) StdoutLine: {'line': b'-- Up-to-date: /home/cc/ee106a/fa26/class/ee106a-aec/ros_workspaces/lab2/install/turtle_patrol_interface/include/turtle_patrol_interface/turtle_patrol_interface/srv/detail/patrol__functions.c\n'}
[10.826672] (turtle_patrol_interface) StdoutLine: {'line': b'-- Up-to-date: /home/cc/ee106a/fa26/class/ee106a-aec/ros_workspaces/lab2/install/turtle_patrol_interface/include/turtle_patrol_interface/turtle_patrol_interface/srv/detail/patrol__type_support.h\n'}
[10.829249] (turtle_patrol_interface) StdoutLine: {'line': b'-- Up-to-date: /home/cc/ee106a/fa26/class/ee106a-aec/ros_workspaces/lab2/install/turtle_patrol_interface/include/turtle_patrol_interface/turtle_patrol_interface/srv/detail/patrol__functions.h\n'}
[10.831705] (turtle_patrol_interface) StdoutLine: {'line': b'-- Up-to-date: /home/cc/ee106a/fa26/class/ee106a-aec/ros_workspaces/lab2/install/turtle_patrol_interface/include/turtle_patrol_interface/turtle_patrol_interface/srv/patrol.h\n'}
[10.833778] (turtle_patrol_interface) StdoutLine: {'line': b'-- Up-to-date: /home/cc/ee106a/fa26/class/ee106a-aec/ros_workspaces/lab2/install/turtle_patrol_interface/share/turtle_patrol_interface/environment/library_path.sh\n'}
[10.835619] (-) TimerEvent: {}
[10.837765] (turtle_patrol_interface) StdoutLine: {'line': b'-- Up-to-date: /home/cc/ee106a/fa26/class/ee106a-aec/ros_workspaces/lab2/install/turtle_patrol_interface/share/turtle_patrol_interface/environment/library_path.dsv\n'}
[10.843806] (turtle_patrol_interface) StdoutLine: {'line': b'-- Up-to-date: /home/cc/ee106a/fa26/class/ee106a-aec/ros_workspaces/lab2/install/turtle_patrol_interface/lib/libturtle_patrol_interface__rosidl_generator_c.so\n'}
[10.854836] (turtle_patrol_interface) StdoutLine: {'line': b'-- Up-to-date: /home/cc/ee106a/fa26/class/ee106a-aec/ros_workspaces/lab2/install/turtle_patrol_interface/include/turtle_patrol_interface/turtle_patrol_interface\n'}
[10.857330] (turtle_patrol_interface) StdoutLine: {'line': b'-- Up-to-date: /home/cc/ee106a/fa26/class/ee106a-aec/ros_workspaces/lab2/install/turtle_patrol_interface/include/turtle_patrol_interface/turtle_patrol_interface/msg\n'}
[10.860207] (turtle_patrol_interface) StdoutLine: {'line': b'-- Up-to-date: /home/cc/ee106a/fa26/class/ee106a-aec/ros_workspaces/lab2/install/turtle_patrol_interface/include/turtle_patrol_interface/turtle_patrol_interface/msg/rosidl_typesupport_fastrtps_c__visibility_control.h\n'}
[10.862344] (turtle_patrol_interface) StdoutLine: {'line': b'-- Up-to-date: /home/cc/ee106a/fa26/class/ee106a-aec/ros_workspaces/lab2/install/turtle_patrol_interface/include/turtle_patrol_interface/turtle_patrol_interface/srv\n'}
[10.865094] (turtle_patrol_interface) StdoutLine: {'line': b'-- Up-to-date: /home/cc/ee106a/fa26/class/ee106a-aec/ros_workspaces/lab2/install/turtle_patrol_interface/include/turtle_patrol_interface/turtle_patrol_interface/srv/detail\n'}
[10.869500] (turtle_patrol_interface) StdoutLine: {'line': b'-- Up-to-date: /home/cc/ee106a/fa26/class/ee106a-aec/ros_workspaces/lab2/install/turtle_patrol_interface/include/turtle_patrol_interface/turtle_patrol_interface/srv/detail/patrol__rosidl_typesupport_fastrtps_c.h\n'}
[10.875094] (turtle_patrol_interface) StdoutLine: {'line': b'-- Up-to-date: /home/cc/ee106a/fa26/class/ee106a-aec/ros_workspaces/lab2/install/turtle_patrol_interface/lib/libturtle_patrol_interface__rosidl_typesupport_fastrtps_c.so\n'}
[10.883411] (turtle_patrol_interface) StdoutLine: {'line': b'-- Up-to-date: /home/cc/ee106a/fa26/class/ee106a-aec/ros_workspaces/lab2/install/turtle_patrol_interface/include/turtle_patrol_interface/turtle_patrol_interface\n'}
[10.887626] (turtle_patrol_interface) StdoutLine: {'line': b'-- Up-to-date: /home/cc/ee106a/fa26/class/ee106a-aec/ros_workspaces/lab2/install/turtle_patrol_interface/include/turtle_patrol_interface/turtle_patrol_interface/srv\n'}
[10.890279] (turtle_patrol_interface) StdoutLine: {'line': b'-- Up-to-date: /home/cc/ee106a/fa26/class/ee106a-aec/ros_workspaces/lab2/install/turtle_patrol_interface/include/turtle_patrol_interface/turtle_patrol_interface/srv/detail\n'}
[10.892981] (turtle_patrol_interface) StdoutLine: {'line': b'-- Up-to-date: /home/cc/ee106a/fa26/class/ee106a-aec/ros_workspaces/lab2/install/turtle_patrol_interface/include/turtle_patrol_interface/turtle_patrol_interface/srv/detail/patrol__type_support.hpp\n'}
[10.894796] (turtle_patrol_interface) StdoutLine: {'line': b'-- Up-to-date: /home/cc/ee106a/fa26/class/ee106a-aec/ros_workspaces/lab2/install/turtle_patrol_interface/include/turtle_patrol_interface/turtle_patrol_interface/srv/detail/patrol__struct.hpp\n'}
[10.896362] (turtle_patrol_interface) StdoutLine: {'line': b'-- Up-to-date: /home/cc/ee106a/fa26/class/ee106a-aec/ros_workspaces/lab2/install/turtle_patrol_interface/include/turtle_patrol_interface/turtle_patrol_interface/srv/detail/patrol__traits.hpp\n'}
[10.898442] (turtle_patrol_interface) StdoutLine: {'line': b'-- Up-to-date: /home/cc/ee106a/fa26/class/ee106a-aec/ros_workspaces/lab2/install/turtle_patrol_interface/include/turtle_patrol_interface/turtle_patrol_interface/srv/detail/patrol__builder.hpp\n'}
[10.900585] (turtle_patrol_interface) StdoutLine: {'line': b'-- Up-to-date: /home/cc/ee106a/fa26/class/ee106a-aec/ros_workspaces/lab2/install/turtle_patrol_interface/include/turtle_patrol_interface/turtle_patrol_interface/srv/patrol.hpp\n'}
[10.903087] (turtle_patrol_interface) StdoutLine: {'line': b'-- Up-to-date: /home/cc/ee106a/fa26/class/ee106a-aec/ros_workspaces/lab2/install/turtle_patrol_interface/include/turtle_patrol_interface/turtle_patrol_interface/msg\n'}
[10.906840] (turtle_patrol_interface) StdoutLine: {'line': b'-- Up-to-date: /home/cc/ee106a/fa26/class/ee106a-aec/ros_workspaces/lab2/install/turtle_patrol_interface/include/turtle_patrol_interface/turtle_patrol_interface/msg/rosidl_generator_cpp__visibility_control.hpp\n'}
[10.908649] (turtle_patrol_interface) StdoutLine: {'line': b'-- Up-to-date: /home/cc/ee106a/fa26/class/ee106a-aec/ros_workspaces/lab2/install/turtle_patrol_interface/include/turtle_patrol_interface/turtle_patrol_interface\n'}
[10.911351] (turtle_patrol_interface) StdoutLine: {'line': b'-- Up-to-date: /home/cc/ee106a/fa26/class/ee106a-aec/ros_workspaces/lab2/install/turtle_patrol_interface/include/turtle_patrol_interface/turtle_patrol_interface/msg\n'}
[10.915400] (turtle_patrol_interface) StdoutLine: {'line': b'-- Up-to-date: /home/cc/ee106a/fa26/class/ee106a-aec/ros_workspaces/lab2/install/turtle_patrol_interface/include/turtle_patrol_interface/turtle_patrol_interface/msg/rosidl_typesupport_fastrtps_cpp__visibility_control.h\n'}
[10.917441] (turtle_patrol_interface) StdoutLine: {'line': b'-- Up-to-date: /home/cc/ee106a/fa26/class/ee106a-aec/ros_workspaces/lab2/install/turtle_patrol_interface/include/turtle_patrol_interface/turtle_patrol_interface/srv\n'}
[10.920171] (turtle_patrol_interface) StdoutLine: {'line': b'-- Up-to-date: /home/cc/ee106a/fa26/class/ee106a-aec/ros_workspaces/lab2/install/turtle_patrol_interface/include/turtle_patrol_interface/turtle_patrol_interface/srv/detail\n'}
[10.922960] (turtle_patrol_interface) StdoutLine: {'line': b'-- Up-to-date: /home/cc/ee106a/fa26/class/ee106a-aec/ros_workspaces/lab2/install/turtle_patrol_interface/include/turtle_patrol_interface/turtle_patrol_interface/srv/detail/patrol__rosidl_typesupport_fastrtps_cpp.hpp\n'}
[10.924804] (turtle_patrol_interface) StdoutLine: {'line': b'-- Up-to-date: /home/cc/ee106a/fa26/class/ee106a-aec/ros_workspaces/lab2/install/turtle_patrol_interface/include/turtle_patrol_interface/turtle_patrol_interface/srv/detail/dds_fastrtps\n'}
[10.932036] (turtle_patrol_interface) StdoutLine: {'line': b'-- Up-to-date: /home/cc/ee106a/fa26/class/ee106a-aec/ros_workspaces/lab2/install/turtle_patrol_interface/lib/libturtle_patrol_interface__rosidl_typesupport_fastrtps_cpp.so\n'}
[10.935768] (-) TimerEvent: {}
[10.939316] (turtle_patrol_interface) StdoutLine: {'line': b'-- Up-to-date: /home/cc/ee106a/fa26/class/ee106a-aec/ros_workspaces/lab2/install/turtle_patrol_interface/include/turtle_patrol_interface/turtle_patrol_interface\n'}
[10.942980] (turtle_patrol_interface) StdoutLine: {'line': b'-- Up-to-date: /home/cc/ee106a/fa26/class/ee106a-aec/ros_workspaces/lab2/install/turtle_patrol_interface/include/turtle_patrol_interface/turtle_patrol_interface/msg\n'}
[10.946295] (turtle_patrol_interface) StdoutLine: {'line': b'-- Up-to-date: /home/cc/ee106a/fa26/class/ee106a-aec/ros_workspaces/lab2/install/turtle_patrol_interface/include/turtle_patrol_interface/turtle_patrol_interface/msg/rosidl_typesupport_introspection_c__visibility_control.h\n'}
[10.948140] (turtle_patrol_interface) StdoutLine: {'line': b'-- Up-to-date: /home/cc/ee106a/fa26/class/ee106a-aec/ros_workspaces/lab2/install/turtle_patrol_interface/include/turtle_patrol_interface/turtle_patrol_interface/srv\n'}
[10.951284] (turtle_patrol_interface) StdoutLine: {'line': b'-- Up-to-date: /home/cc/ee106a/fa26/class/ee106a-aec/ros_workspaces/lab2/install/turtle_patrol_interface/include/turtle_patrol_interface/turtle_patrol_interface/srv/detail\n'}
[10.954173] (turtle_patrol_interface) StdoutLine: {'line': b'-- Up-to-date: /home/cc/ee106a/fa26/class/ee106a-aec/ros_workspaces/lab2/install/turtle_patrol_interface/include/turtle_patrol_interface/turtle_patrol_interface/srv/detail/patrol__type_support.c\n'}
[10.956368] (turtle_patrol_interface) StdoutLine: {'line': b'-- Up-to-date: /home/cc/ee106a/fa26/class/ee106a-aec/ros_workspaces/lab2/install/turtle_patrol_interface/include/turtle_patrol_interface/turtle_patrol_interface/srv/detail/patrol__rosidl_typesupport_introspection_c.h\n'}
[10.962187] (turtle_patrol_interface) StdoutLine: {'line': b'-- Up-to-date: /home/cc/ee106a/fa26/class/ee106a-aec/ros_workspaces/lab2/install/turtle_patrol_interface/lib/libturtle_patrol_interface__rosidl_typesupport_introspection_c.so\n'}
[10.974358] (turtle_patrol_interface) StdoutLine: {'line': b'-- Up-to-date: /home/cc/ee106a/fa26/class/ee106a-aec/ros_workspaces/lab2/install/turtle_patrol_interface/lib/libturtle_patrol_interface__rosidl_typesupport_c.so\n'}
[10.981908] (turtle_patrol_interface) StdoutLine: {'line': b'-- Up-to-date: /home/cc/ee106a/fa26/class/ee106a-aec/ros_workspaces/lab2/install/turtle_patrol_interface/include/turtle_patrol_interface/turtle_patrol_interface\n'}
[10.984596] (turtle_patrol_interface) StdoutLine: {'line': b'-- Up-to-date: /home/cc/ee106a/fa26/class/ee106a-aec/ros_workspaces/lab2/install/turtle_patrol_interface/include/turtle_patrol_interface/turtle_patrol_interface/srv\n'}
[10.987444] (turtle_patrol_interface) StdoutLine: {'line': b'-- Up-to-date: /home/cc/ee106a/fa26/class/ee106a-aec/ros_workspaces/lab2/install/turtle_patrol_interface/include/turtle_patrol_interface/turtle_patrol_interface/srv/detail\n'}
[10.990242] (turtle_patrol_interface) StdoutLine: {'line': b'-- Up-to-date: /home/cc/ee106a/fa26/class/ee106a-aec/ros_workspaces/lab2/install/turtle_patrol_interface/include/turtle_patrol_interface/turtle_patrol_interface/srv/detail/patrol__rosidl_typesupport_introspection_cpp.hpp\n'}
[10.993472] (turtle_patrol_interface) StdoutLine: {'line': b'-- Up-to-date: /home/cc/ee106a/fa26/class/ee106a-aec/ros_workspaces/lab2/install/turtle_patrol_interface/include/turtle_patrol_interface/turtle_patrol_interface/srv/detail/patrol__type_support.cpp\n'}
[10.998214] (turtle_patrol_interface) StdoutLine: {'line': b'-- Up-to-date: /home/cc/ee106a/fa26/class/ee106a-aec/ros_workspaces/lab2/install/turtle_patrol_interface/lib/libturtle_patrol_interface__rosidl_typesupport_introspection_cpp.so\n'}
[11.014586] (turtle_patrol_interface) StdoutLine: {'line': b'-- Up-to-date: /home/cc/ee106a/fa26/class/ee106a-aec/ros_workspaces/lab2/install/turtle_patrol_interface/lib/libturtle_patrol_interface__rosidl_typesupport_cpp.so\n'}
[11.025262] (turtle_patrol_interface) StdoutLine: {'line': b'-- Up-to-date: /home/cc/ee106a/fa26/class/ee106a-aec/ros_workspaces/lab2/install/turtle_patrol_interface/share/turtle_patrol_interface/environment/pythonpath.sh\n'}
[11.027395] (turtle_patrol_interface) StdoutLine: {'line': b'-- Up-to-date: /home/cc/ee106a/fa26/class/ee106a-aec/ros_workspaces/lab2/install/turtle_patrol_interface/share/turtle_patrol_interface/environment/pythonpath.dsv\n'}
[11.029275] (turtle_patrol_interface) StdoutLine: {'line': b'-- Up-to-date: /home/cc/ee106a/fa26/class/ee106a-aec/ros_workspaces/lab2/install/turtle_patrol_interface/local/lib/python3.10/dist-packages/turtle_patrol_interface-0.0.0-py3.10.egg-info\n'}
[11.034394] (turtle_patrol_interface) StdoutLine: {'line': b'-- Installing: /home/cc/ee106a/fa26/class/ee106a-aec/ros_workspaces/lab2/install/turtle_patrol_interface/local/lib/python3.10/dist-packages/turtle_patrol_interface-0.0.0-py3.10.egg-info/top_level.txt\n'}
[11.036070] (-) TimerEvent: {}
[11.046435] (turtle_patrol_interface) StdoutLine: {'line': b'-- Installing: /home/cc/ee106a/fa26/class/ee106a-aec/ros_workspaces/lab2/install/turtle_patrol_interface/local/lib/python3.10/dist-packages/turtle_patrol_interface-0.0.0-py3.10.egg-info/SOURCES.txt\n'}
[11.060965] (turtle_patrol_interface) StdoutLine: {'line': b'-- Installing: /home/cc/ee106a/fa26/class/ee106a-aec/ros_workspaces/lab2/install/turtle_patrol_interface/local/lib/python3.10/dist-packages/turtle_patrol_interface-0.0.0-py3.10.egg-info/PKG-INFO\n'}
[11.072540] (turtle_patrol_interface) StdoutLine: {'line': b'-- Installing: /home/cc/ee106a/fa26/class/ee106a-aec/ros_workspaces/lab2/install/turtle_patrol_interface/local/lib/python3.10/dist-packages/turtle_patrol_interface-0.0.0-py3.10.egg-info/dependency_links.txt\n'}
[11.085257] (turtle_patrol_interface) StdoutLine: {'line': b'-- Up-to-date: /home/cc/ee106a/fa26/class/ee106a-aec/ros_workspaces/lab2/install/turtle_patrol_interface/local/lib/python3.10/dist-packages/turtle_patrol_interface\n'}
[11.089781] (turtle_patrol_interface) StdoutLine: {'line': b'-- Up-to-date: /home/cc/ee106a/fa26/class/ee106a-aec/ros_workspaces/lab2/install/turtle_patrol_interface/local/lib/python3.10/dist-packages/turtle_patrol_interface/__init__.py\n'}
[11.091687] (turtle_patrol_interface) StdoutLine: {'line': b'-- Up-to-date: /home/cc/ee106a/fa26/class/ee106a-aec/ros_workspaces/lab2/install/turtle_patrol_interface/local/lib/python3.10/dist-packages/turtle_patrol_interface/srv\n'}
[11.095353] (turtle_patrol_interface) StdoutLine: {'line': b'-- Up-to-date: /home/cc/ee106a/fa26/class/ee106a-aec/ros_workspaces/lab2/install/turtle_patrol_interface/local/lib/python3.10/dist-packages/turtle_patrol_interface/srv/__init__.py\n'}
[11.097882] (turtle_patrol_interface) StdoutLine: {'line': b'-- Up-to-date: /home/cc/ee106a/fa26/class/ee106a-aec/ros_workspaces/lab2/install/turtle_patrol_interface/local/lib/python3.10/dist-packages/turtle_patrol_interface/srv/_patrol_s.c\n'}
[11.099214] (turtle_patrol_interface) StdoutLine: {'line': b'-- Up-to-date: /home/cc/ee106a/fa26/class/ee106a-aec/ros_workspaces/lab2/install/turtle_patrol_interface/local/lib/python3.10/dist-packages/turtle_patrol_interface/srv/_patrol.py\n'}
[11.100456] (turtle_patrol_interface) StdoutLine: {'line': b'-- Up-to-date: /home/cc/ee106a/fa26/class/ee106a-aec/ros_workspaces/lab2/install/turtle_patrol_interface/local/lib/python3.10/dist-packages/turtle_patrol_interface/turtle_patrol_interface_s__rosidl_typesupport_fastrtps_c.cpython-310-x86_64-linux-gnu.so\n'}
[11.103235] (turtle_patrol_interface) StdoutLine: {'line': b'-- Up-to-date: /home/cc/ee106a/fa26/class/ee106a-aec/ros_workspaces/lab2/install/turtle_patrol_interface/local/lib/python3.10/dist-packages/turtle_patrol_interface/_turtle_patrol_interface_s.ep.rosidl_typesupport_fastrtps_c.c\n'}
[11.104839] (turtle_patrol_interface) StdoutLine: {'line': b'-- Up-to-date: /home/cc/ee106a/fa26/class/ee106a-aec/ros_workspaces/lab2/install/turtle_patrol_interface/local/lib/python3.10/dist-packages/turtle_patrol_interface/_turtle_patrol_interface_s.ep.rosidl_typesupport_introspection_c.c\n'}
[11.106676] (turtle_patrol_interface) StdoutLine: {'line': b'-- Up-to-date: /home/cc/ee106a/fa26/class/ee106a-aec/ros_workspaces/lab2/install/turtle_patrol_interface/local/lib/python3.10/dist-packages/turtle_patrol_interface/turtle_patrol_interface_s__rosidl_typesupport_introspection_c.cpython-310-x86_64-linux-gnu.so\n'}
[11.109201] (turtle_patrol_interface) StdoutLine: {'line': b'-- Up-to-date: /home/cc/ee106a/fa26/class/ee106a-aec/ros_workspaces/lab2/install/turtle_patrol_interface/local/lib/python3.10/dist-packages/turtle_patrol_interface/_turtle_patrol_interface_s.ep.rosidl_typesupport_c.c\n'}
[11.111204] (turtle_patrol_interface) StdoutLine: {'line': b'-- Up-to-date: /home/cc/ee106a/fa26/class/ee106a-aec/ros_workspaces/lab2/install/turtle_patrol_interface/local/lib/python3.10/dist-packages/turtle_patrol_interface/turtle_patrol_interface_s__rosidl_typesupport_c.cpython-310-x86_64-linux-gnu.so\n'}
[11.113796] (turtle_patrol_interface) StdoutLine: {'line': b'-- Up-to-date: /home/cc/ee106a/fa26/class/ee106a-aec/ros_workspaces/lab2/install/turtle_patrol_interface/local/lib/python3.10/dist-packages/turtle_patrol_interface/libturtle_patrol_interface__rosidl_generator_py.so\n'}
[11.136253] (-) TimerEvent: {}
[11.237149] (-) TimerEvent: {}
[11.338109] (-) TimerEvent: {}
[11.440223] (-) TimerEvent: {}
[11.442549] (turtle_patrol_interface) StdoutLine: {'line': b"Listing '/home/cc/ee106a/fa26/class/ee106a-aec/ros_workspaces/lab2/install/turtle_patrol_interface/local/lib/python3.10/dist-packages/turtle_patrol_interface'...\n"}
[11.442951] (turtle_patrol_interface) StdoutLine: {'line': b"Listing '/home/cc/ee106a/fa26/class/ee106a-aec/ros_workspaces/lab2/install/turtle_patrol_interface/local/lib/python3.10/dist-packages/turtle_patrol_interface/srv'...\n"}
[11.461735] (turtle_patrol_interface) StdoutLine: {'line': b'-- Up-to-date: /home/cc/ee106a/fa26/class/ee106a-aec/ros_workspaces/lab2/install/turtle_patrol_interface/local/lib/python3.10/dist-packages/turtle_patrol_interface/turtle_patrol_interface_s__rosidl_typesupport_fastrtps_c.cpython-310-x86_64-linux-gnu.so\n'}
[11.474605] (turtle_patrol_interface) StdoutLine: {'line': b'-- Up-to-date: /home/cc/ee106a/fa26/class/ee106a-aec/ros_workspaces/lab2/install/turtle_patrol_interface/local/lib/python3.10/dist-packages/turtle_patrol_interface/turtle_patrol_interface_s__rosidl_typesupport_introspection_c.cpython-310-x86_64-linux-gnu.so\n'}
[11.489309] (turtle_patrol_interface) StdoutLine: {'line': b'-- Up-to-date: /home/cc/ee106a/fa26/class/ee106a-aec/ros_workspaces/lab2/install/turtle_patrol_interface/local/lib/python3.10/dist-packages/turtle_patrol_interface/turtle_patrol_interface_s__rosidl_typesupport_c.cpython-310-x86_64-linux-gnu.so\n'}
[11.508753] (turtle_patrol_interface) StdoutLine: {'line': b'-- Up-to-date: /home/cc/ee106a/fa26/class/ee106a-aec/ros_workspaces/lab2/install/turtle_patrol_interface/lib/libturtle_patrol_interface__rosidl_generator_py.so\n'}
[11.519364] (turtle_patrol_interface) StdoutLine: {'line': b'-- Up-to-date: /home/cc/ee106a/fa26/class/ee106a-aec/ros_workspaces/lab2/install/turtle_patrol_interface/share/ament_index/resource_index/rust_packages/turtle_patrol_interface\n'}
[11.520522] (turtle_patrol_interface) StdoutLine: {'line': b'-- Up-to-date: /home/cc/ee106a/fa26/class/ee106a-aec/ros_workspaces/lab2/install/turtle_patrol_interface/share/turtle_patrol_interface/rust\n'}
[11.524119] (turtle_patrol_interface) StdoutLine: {'line': b'-- Up-to-date: /home/cc/ee106a/fa26/class/ee106a-aec/ros_workspaces/lab2/install/turtle_patrol_interface/share/turtle_patrol_interface/rust/build.rs\n'}
[11.527122] (turtle_patrol_interface) StdoutLine: {'line': b'-- Up-to-date: /home/cc/ee106a/fa26/class/ee106a-aec/ros_workspaces/lab2/install/turtle_patrol_interface/share/turtle_patrol_interface/rust/Cargo.toml\n'}
[11.529489] (turtle_patrol_interface) StdoutLine: {'line': b'-- Up-to-date: /home/cc/ee106a/fa26/class/ee106a-aec/ros_workspaces/lab2/install/turtle_patrol_interface/share/turtle_patrol_interface/rust/src\n'}
[11.535910] (turtle_patrol_interface) StdoutLine: {'line': b'-- Up-to-date: /home/cc/ee106a/fa26/class/ee106a-aec/ros_workspaces/lab2/install/turtle_patrol_interface/share/turtle_patrol_interface/rust/src/srv.rs\n'}
[11.537867] (turtle_patrol_interface) StdoutLine: {'line': b'-- Up-to-date: /home/cc/ee106a/fa26/class/ee106a-aec/ros_workspaces/lab2/install/turtle_patrol_interface/share/turtle_patrol_interface/rust/src/srv\n'}
[11.540344] (-) TimerEvent: {}
[11.540821] (turtle_patrol_interface) StdoutLine: {'line': b'-- Up-to-date: /home/cc/ee106a/fa26/class/ee106a-aec/ros_workspaces/lab2/install/turtle_patrol_interface/share/turtle_patrol_interface/rust/src/srv/rmw.rs\n'}
[11.543077] (turtle_patrol_interface) StdoutLine: {'line': b'-- Up-to-date: /home/cc/ee106a/fa26/class/ee106a-aec/ros_workspaces/lab2/install/turtle_patrol_interface/share/turtle_patrol_interface/rust/src/lib.rs\n'}
[11.546080] (turtle_patrol_interface) StdoutLine: {'line': b'-- Up-to-date: /home/cc/ee106a/fa26/class/ee106a-aec/ros_workspaces/lab2/install/turtle_patrol_interface/share/turtle_patrol_interface/srv/Patrol.idl\n'}
[11.547908] (turtle_patrol_interface) StdoutLine: {'line': b'-- Up-to-date: /home/cc/ee106a/fa26/class/ee106a-aec/ros_workspaces/lab2/install/turtle_patrol_interface/share/turtle_patrol_interface/srv/Patrol.srv\n'}
[11.550544] (turtle_patrol_interface) StdoutLine: {'line': b'-- Up-to-date: /home/cc/ee106a/fa26/class/ee106a-aec/ros_workspaces/lab2/install/turtle_patrol_interface/share/turtle_patrol_interface/srv/Patrol_Request.msg\n'}
[11.552206] (turtle_patrol_interface) StdoutLine: {'line': b'-- Up-to-date: /home/cc/ee106a/fa26/class/ee106a-aec/ros_workspaces/lab2/install/turtle_patrol_interface/share/turtle_patrol_interface/srv/Patrol_Response.msg\n'}
[11.554626] (turtle_patrol_interface) StdoutLine: {'line': b'-- Up-to-date: /home/cc/ee106a/fa26/class/ee106a-aec/ros_workspaces/lab2/install/turtle_patrol_interface/share/ament_index/resource_index/package_run_dependencies/turtle_patrol_interface\n'}
[11.558357] (turtle_patrol_interface) StdoutLine: {'line': b'-- Up-to-date: /home/cc/ee106a/fa26/class/ee106a-aec/ros_workspaces/lab2/install/turtle_patrol_interface/share/ament_index/resource_index/parent_prefix_path/turtle_patrol_interface\n'}
[11.559900] (turtle_patrol_interface) StdoutLine: {'line': b'-- Up-to-date: /home/cc/ee106a/fa26/class/ee106a-aec/ros_workspaces/lab2/install/turtle_patrol_interface/share/turtle_patrol_interface/environment/ament_prefix_path.sh\n'}
[11.562256] (turtle_patrol_interface) StdoutLine: {'line': b'-- Up-to-date: /home/cc/ee106a/fa26/class/ee106a-aec/ros_workspaces/lab2/install/turtle_patrol_interface/share/turtle_patrol_interface/environment/ament_prefix_path.dsv\n'}
[11.566649] (turtle_patrol_interface) StdoutLine: {'line': b'-- Up-to-date: /home/cc/ee106a/fa26/class/ee106a-aec/ros_workspaces/lab2/install/turtle_patrol_interface/share/turtle_patrol_interface/environment/path.sh\n'}
[11.569392] (turtle_patrol_interface) StdoutLine: {'line': b'-- Up-to-date: /home/cc/ee106a/fa26/class/ee106a-aec/ros_workspaces/lab2/install/turtle_patrol_interface/share/turtle_patrol_interface/environment/path.dsv\n'}
[11.572395] (turtle_patrol_interface) StdoutLine: {'line': b'-- Up-to-date: /home/cc/ee106a/fa26/class/ee106a-aec/ros_workspaces/lab2/install/turtle_patrol_interface/share/turtle_patrol_interface/local_setup.bash\n'}
[11.574529] (turtle_patrol_interface) StdoutLine: {'line': b'-- Up-to-date: /home/cc/ee106a/fa26/class/ee106a-aec/ros_workspaces/lab2/install/turtle_patrol_interface/share/turtle_patrol_interface/local_setup.sh\n'}
[11.577547] (turtle_patrol_interface) StdoutLine: {'line': b'-- Up-to-date: /home/cc/ee106a/fa26/class/ee106a-aec/ros_workspaces/lab2/install/turtle_patrol_interface/share/turtle_patrol_interface/local_setup.zsh\n'}
[11.579638] (turtle_patrol_interface) StdoutLine: {'line': b'-- Up-to-date: /home/cc/ee106a/fa26/class/ee106a-aec/ros_workspaces/lab2/install/turtle_patrol_interface/share/turtle_patrol_interface/local_setup.dsv\n'}
[11.580842] (turtle_patrol_interface) StdoutLine: {'line': b'-- Installing: /home/cc/ee106a/fa26/class/ee106a-aec/ros_workspaces/lab2/install/turtle_patrol_interface/share/turtle_patrol_interface/package.dsv\n'}
[11.594440] (turtle_patrol_interface) StdoutLine: {'line': b'-- Up-to-date: /home/cc/ee106a/fa26/class/ee106a-aec/ros_workspaces/lab2/install/turtle_patrol_interface/share/ament_index/resource_index/packages/turtle_patrol_interface\n'}
[11.601533] (turtle_patrol_interface) StdoutLine: {'line': b'-- Up-to-date: /home/cc/ee106a/fa26/class/ee106a-aec/ros_workspaces/lab2/install/turtle_patrol_interface/share/turtle_patrol_interface/cmake/export_turtle_patrol_interface__rosidl_generator_cExport.cmake\n'}
[11.605888] (turtle_patrol_interface) StdoutLine: {'line': b'-- Up-to-date: /home/cc/ee106a/fa26/class/ee106a-aec/ros_workspaces/lab2/install/turtle_patrol_interface/share/turtle_patrol_interface/cmake/export_turtle_patrol_interface__rosidl_generator_cExport-noconfig.cmake\n'}
[11.611115] (turtle_patrol_interface) StdoutLine: {'line': b'-- Up-to-date: /home/cc/ee106a/fa26/class/ee106a-aec/ros_workspaces/lab2/install/turtle_patrol_interface/share/turtle_patrol_interface/cmake/export_turtle_patrol_interface__rosidl_typesupport_fastrtps_cExport.cmake\n'}
[11.615227] (turtle_patrol_interface) StdoutLine: {'line': b'-- Up-to-date: /home/cc/ee106a/fa26/class/ee106a-aec/ros_workspaces/lab2/install/turtle_patrol_interface/share/turtle_patrol_interface/cmake/export_turtle_patrol_interface__rosidl_typesupport_fastrtps_cExport-noconfig.cmake\n'}
[11.623799] (turtle_patrol_interface) StdoutLine: {'line': b'-- Up-to-date: /home/cc/ee106a/fa26/class/ee106a-aec/ros_workspaces/lab2/install/turtle_patrol_interface/share/turtle_patrol_interface/cmake/export_turtle_patrol_interface__rosidl_generator_cppExport.cmake\n'}
[11.632158] (turtle_patrol_interface) StdoutLine: {'line': b'-- Up-to-date: /home/cc/ee106a/fa26/class/ee106a-aec/ros_workspaces/lab2/install/turtle_patrol_interface/share/turtle_patrol_interface/cmake/export_turtle_patrol_interface__rosidl_typesupport_fastrtps_cppExport.cmake\n'}
[11.636355] (turtle_patrol_interface) StdoutLine: {'line': b'-- Up-to-date: /home/cc/ee106a/fa26/class/ee106a-aec/ros_workspaces/lab2/install/turtle_patrol_interface/share/turtle_patrol_interface/cmake/export_turtle_patrol_interface__rosidl_typesupport_fastrtps_cppExport-noconfig.cmake\n'}
[11.640483] (-) TimerEvent: {}
[11.643542] (turtle_patrol_interface) StdoutLine: {'line': b'-- Up-to-date: /home/cc/ee106a/fa26/class/ee106a-aec/ros_workspaces/lab2/install/turtle_patrol_interface/share/turtle_patrol_interface/cmake/turtle_patrol_interface__rosidl_typesupport_introspection_cExport.cmake\n'}
[11.652262] (turtle_patrol_interface) StdoutLine: {'line': b'-- Up-to-date: /home/cc/ee106a/fa26/class/ee106a-aec/ros_workspaces/lab2/install/turtle_patrol_interface/share/turtle_patrol_interface/cmake/turtle_patrol_interface__rosidl_typesupport_introspection_cExport-noconfig.cmake\n'}
[11.662087] (turtle_patrol_interface) StdoutLine: {'line': b'-- Up-to-date: /home/cc/ee106a/fa26/class/ee106a-aec/ros_workspaces/lab2/install/turtle_patrol_interface/share/turtle_patrol_interface/cmake/turtle_patrol_interface__rosidl_typesupport_cExport.cmake\n'}
[11.664669] (turtle_patrol_interface) StdoutLine: {'line': b'-- Up-to-date: /home/cc/ee106a/fa26/class/ee106a-aec/ros_workspaces/lab2/install/turtle_patrol_interface/share/turtle_patrol_interface/cmake/turtle_patrol_interface__rosidl_typesupport_cExport-noconfig.cmake\n'}
[11.673090] (turtle_patrol_interface) StdoutLine: {'line': b'-- Up-to-date: /home/cc/ee106a/fa26/class/ee106a-aec/ros_workspaces/lab2/install/turtle_patrol_interface/share/turtle_patrol_interface/cmake/turtle_patrol_interface__rosidl_typesupport_introspection_cppExport.cmake\n'}
[11.675914] (turtle_patrol_interface) StdoutLine: {'line': b'-- Up-to-date: /home/cc/ee106a/fa26/class/ee106a-aec/ros_workspaces/lab2/install/turtle_patrol_interface/share/turtle_patrol_interface/cmake/turtle_patrol_interface__rosidl_typesupport_introspection_cppExport-noconfig.cmake\n'}
[11.682494] (turtle_patrol_interface) StdoutLine: {'line': b'-- Up-to-date: /home/cc/ee106a/fa26/class/ee106a-aec/ros_workspaces/lab2/install/turtle_patrol_interface/share/turtle_patrol_interface/cmake/turtle_patrol_interface__rosidl_typesupport_cppExport.cmake\n'}
[11.687473] (turtle_patrol_interface) StdoutLine: {'line': b'-- Up-to-date: /home/cc/ee106a/fa26/class/ee106a-aec/ros_workspaces/lab2/install/turtle_patrol_interface/share/turtle_patrol_interface/cmake/turtle_patrol_interface__rosidl_typesupport_cppExport-noconfig.cmake\n'}
[11.694514] (turtle_patrol_interface) StdoutLine: {'line': b'-- Up-to-date: /home/cc/ee106a/fa26/class/ee106a-aec/ros_workspaces/lab2/install/turtle_patrol_interface/share/turtle_patrol_interface/cmake/export_turtle_patrol_interface__rosidl_generator_pyExport.cmake\n'}
[11.697221] (turtle_patrol_interface) StdoutLine: {'line': b'-- Up-to-date: /home/cc/ee106a/fa26/class/ee106a-aec/ros_workspaces/lab2/install/turtle_patrol_interface/share/turtle_patrol_interface/cmake/export_turtle_patrol_interface__rosidl_generator_pyExport-noconfig.cmake\n'}
[11.699594] (turtle_patrol_interface) StdoutLine: {'line': b'-- Up-to-date: /home/cc/ee106a/fa26/class/ee106a-aec/ros_workspaces/lab2/install/turtle_patrol_interface/share/turtle_patrol_interface/cmake/rosidl_cmake-extras.cmake\n'}
[11.704346] (turtle_patrol_interface) StdoutLine: {'line': b'-- Up-to-date: /home/cc/ee106a/fa26/class/ee106a-aec/ros_workspaces/lab2/install/turtle_patrol_interface/share/turtle_patrol_interface/cmake/ament_cmake_export_dependencies-extras.cmake\n'}
[11.706367] (turtle_patrol_interface) StdoutLine: {'line': b'-- Up-to-date: /home/cc/ee106a/fa26/class/ee106a-aec/ros_workspaces/lab2/install/turtle_patrol_interface/share/turtle_patrol_interface/cmake/ament_cmake_export_include_directories-extras.cmake\n'}
[11.708864] (turtle_patrol_interface) StdoutLine: {'line': b'-- Up-to-date: /home/cc/ee106a/fa26/class/ee106a-aec/ros_workspaces/lab2/install/turtle_patrol_interface/share/turtle_patrol_interface/cmake/ament_cmake_export_libraries-extras.cmake\n'}
[11.711627] (turtle_patrol_interface) StdoutLine: {'line': b'-- Up-to-date: /home/cc/ee106a/fa26/class/ee106a-aec/ros_workspaces/lab2/install/turtle_patrol_interface/share/turtle_patrol_interface/cmake/ament_cmake_export_targets-extras.cmake\n'}
[11.715453] (turtle_patrol_interface) StdoutLine: {'line': b'-- Up-to-date: /home/cc/ee106a/fa26/class/ee106a-aec/ros_workspaces/lab2/install/turtle_patrol_interface/share/turtle_patrol_interface/cmake/rosidl_cmake_export_typesupport_targets-extras.cmake\n'}
[11.717231] (turtle_patrol_interface) StdoutLine: {'line': b'-- Up-to-date: /home/cc/ee106a/fa26/class/ee106a-aec/ros_workspaces/lab2/install/turtle_patrol_interface/share/turtle_patrol_interface/cmake/rosidl_cmake_export_typesupport_libraries-extras.cmake\n'}
[11.720419] (turtle_patrol_interface) StdoutLine: {'line': b'-- Up-to-date: /home/cc/ee106a/fa26/class/ee106a-aec/ros_workspaces/lab2/install/turtle_patrol_interface/share/turtle_patrol_interface/cmake/rosidl_cmake_aggregate_target-extras.cmake\n'}
[11.722437] (turtle_patrol_interface) StdoutLine: {'line': b'-- Up-to-date: /home/cc/ee106a/fa26/class/ee106a-aec/ros_workspaces/lab2/install/turtle_patrol_interface/share/turtle_patrol_interface/cmake/turtle_patrol_interfaceConfig.cmake\n'}
[11.725745] (turtle_patrol_interface) StdoutLine: {'line': b'-- Up-to-date: /home/cc/ee106a/fa26/class/ee106a-aec/ros_workspaces/lab2/install/turtle_patrol_interface/share/turtle_patrol_interface/cmake/turtle_patrol_interfaceConfig-version.cmake\n'}
[11.728258] (turtle_patrol_interface) StdoutLine: {'line': b'-- Up-to-date: /home/cc/ee106a/fa26/class/ee106a-aec/ros_workspaces/lab2/install/turtle_patrol_interface/share/turtle_patrol_interface/package.xml\n'}
[11.740873] (-) TimerEvent: {}
[11.751350] (turtle_patrol_interface) CommandEnded: {'returncode': 0}
[11.841100] (-) TimerEvent: {}
[11.942875] (-) TimerEvent: {}
[12.043534] (-) TimerEvent: {}
[12.085493] (turtle_patrol_interface) JobEnded: {'identifier': 'turtle_patrol_interface', 'rc': 0}
[12.143727] (-) TimerEvent: {}
[12.244387] (-) TimerEvent: {}
[12.345210] (-) TimerEvent: {}
[12.446259] (-) TimerEvent: {}
[12.547253] (-) TimerEvent: {}
[12.648171] (-) TimerEvent: {}
[12.749212] (-) TimerEvent: {}
[12.777368] (turtle_patrol) StdoutLine: {'line': b'running egg_info\n'}
[12.784972] (turtle_patrol) StdoutLine: {'line': b'writing ../../build/turtle_patrol/turtle_patrol.egg-info/PKG-INFO\n'}
[12.790326] (lab2_turtlesim) StdoutLine: {'line': b'running egg_info\n'}
[12.792414] (turtle_patrol) StdoutLine: {'line': b'writing dependency_links to ../../build/turtle_patrol/turtle_patrol.egg-info/dependency_links.txt\n'}
[12.798416] (lab2_turtlesim) StdoutLine: {'line': b'writing ../../build/lab2_turtlesim/lab2_turtlesim.egg-info/PKG-INFO\n'}
[12.801251] (turtle_patrol) StdoutLine: {'line': b'writing entry points to ../../build/turtle_patrol/turtle_patrol.egg-info/entry_points.txt\n'}
[12.806340] (turtle_patrol) StdoutLine: {'line': b'writing requirements to ../../build/turtle_patrol/turtle_patrol.egg-info/requires.txt\n'}
[12.807739] (lab2_turtlesim) StdoutLine: {'line': b'writing dependency_links to ../../build/lab2_turtlesim/lab2_turtlesim.egg-info/dependency_links.txt\n'}
[12.810105] (turtle_patrol) StdoutLine: {'line': b'writing top-level names to ../../build/turtle_patrol/turtle_patrol.egg-info/top_level.txt\n'}
[12.811175] (lab2_turtlesim) StdoutLine: {'line': b'writing entry points to ../../build/lab2_turtlesim/lab2_turtlesim.egg-info/entry_points.txt\n'}
[12.820176] (lab2_turtlesim) StdoutLine: {'line': b'writing requirements to ../../build/lab2_turtlesim/lab2_turtlesim.egg-info/requires.txt\n'}
[12.827451] (lab2_turtlesim) StdoutLine: {'line': b'writing top-level names to ../../build/lab2_turtlesim/lab2_turtlesim.egg-info/top_level.txt\n'}
[12.829915] (turtle_patrol) StdoutLine: {'line': b"reading manifest file '../../build/turtle_patrol/turtle_patrol.egg-info/SOURCES.txt'\n"}
[12.842419] (turtle_patrol) StdoutLine: {'line': b"writing manifest file '../../build/turtle_patrol/turtle_patrol.egg-info/SOURCES.txt'\n"}
[12.842836] (lab2_turtlesim) StdoutLine: {'line': b"reading manifest file '../../build/lab2_turtlesim/lab2_turtlesim.egg-info/SOURCES.txt'\n"}
[12.848427] (turtle_patrol) StdoutLine: {'line': b'running build\n'}
[12.849434] (-) TimerEvent: {}
[12.849718] (turtle_patrol) StdoutLine: {'line': b'running build_py\n'}
[12.850801] (lab2_turtlesim) StdoutLine: {'line': b"writing manifest file '../../build/lab2_turtlesim/lab2_turtlesim.egg-info/SOURCES.txt'\n"}
[12.852749] (turtle_patrol) StdoutLine: {'line': b'copying turtle_patrol/multi_patrol_client.py -> /home/cc/ee106a/fa26/class/ee106a-aec/ros_workspaces/lab2/build/turtle_patrol/build/lib/turtle_patrol\n'}
[12.855210] (lab2_turtlesim) StdoutLine: {'line': b'running build\n'}
[12.856977] (lab2_turtlesim) StdoutLine: {'line': b'running build_py\n'}
[12.858361] (lab2_turtlesim) StdoutLine: {'line': b'running install\n'}
[12.859887] (lab2_turtlesim) StdoutLine: {'line': b'running install_lib\n'}
[12.862253] (turtle_patrol) StdoutLine: {'line': b'running install\n'}
[12.863393] (turtle_patrol) StdoutLine: {'line': b'running install_lib\n'}
[12.866315] (lab2_turtlesim) StdoutLine: {'line': b'running install_data\n'}
[12.867622] (lab2_turtlesim) StdoutLine: {'line': b'running install_egg_info\n'}
[12.874602] (turtle_patrol) StdoutLine: {'line': b'copying /home/cc/ee106a/fa26/class/ee106a-aec/ros_workspaces/lab2/build/turtle_patrol/build/lib/turtle_patrol/multi_patrol_client.py -> /home/cc/ee106a/fa26/class/ee106a-aec/ros_workspaces/lab2/install/turtle_patrol/lib/python3.10/site-packages/turtle_patrol\n'}
[12.882993] (lab2_turtlesim) StdoutLine: {'line': b"removing '/home/cc/ee106a/fa26/class/ee106a-aec/ros_workspaces/lab2/install/lab2_turtlesim/lib/python3.10/site-packages/lab2_turtlesim-0.0.0-py3.10.egg-info' (and everything under it)\n"}
[12.887627] (turtle_patrol) StdoutLine: {'line': b'byte-compiling /home/cc/ee106a/fa26/class/ee106a-aec/ros_workspaces/lab2/install/turtle_patrol/lib/python3.10/site-packages/turtle_patrol/multi_patrol_client.py to multi_patrol_client.cpython-310.pyc\n'}
[12.898446] (turtle_patrol) StdoutLine: {'line': b'running install_data\n'}
[12.899164] (turtle_patrol) StdoutLine: {'line': b'running install_egg_info\n'}
[12.900171] (lab2_turtlesim) StdoutLine: {'line': b'Copying ../../build/lab2_turtlesim/lab2_turtlesim.egg-info to /home/cc/ee106a/fa26/class/ee106a-aec/ros_workspaces/lab2/install/lab2_turtlesim/lib/python3.10/site-packages/lab2_turtlesim-0.0.0-py3.10.egg-info\n'}
[12.915655] (turtle_patrol) StdoutLine: {'line': b"removing '/home/cc/ee106a/fa26/class/ee106a-aec/ros_workspaces/lab2/install/turtle_patrol/lib/python3.10/site-packages/turtle_patrol-0.0.0-py3.10.egg-info' (and everything under it)\n"}
[12.936869] (turtle_patrol) StdoutLine: {'line': b'Copying ../../build/turtle_patrol/turtle_patrol.egg-info to /home/cc/ee106a/fa26/class/ee106a-aec/ros_workspaces/lab2/install/turtle_patrol/lib/python3.10/site-packages/turtle_patrol-0.0.0-py3.10.egg-info\n'}
[12.949765] (-) TimerEvent: {}
[12.970240] (lab2_turtlesim) StdoutLine: {'line': b'running install_scripts\n'}
[13.006634] (turtle_patrol) StdoutLine: {'line': b'running install_scripts\n'}
[13.049998] (-) TimerEvent: {}
[13.072895] (lab2_turtlesim) StdoutLine: {'line': b'Installing turtle_controller script to /home/cc/ee106a/fa26/class/ee106a-aec/ros_workspaces/lab2/install/lab2_turtlesim/lib/lab2_turtlesim\n'}
[13.079325] (lab2_turtlesim) StdoutLine: {'line': b"writing list of installed files to '/home/cc/ee106a/fa26/class/ee106a-aec/ros_workspaces/lab2/build/lab2_turtlesim/install.log'\n"}
[13.123142] (turtle_patrol) StdoutLine: {'line': b'Installing multi_patrol_client script to /home/cc/ee106a/fa26/class/ee106a-aec/ros_workspaces/lab2/install/turtle_patrol/lib/turtle_patrol\n'}
[13.132313] (turtle_patrol) StdoutLine: {'line': b'Installing multi_patrol_server = turtle_patrol.multi_patrol_server:mainpatrol_client_sol script to /home/cc/ee106a/fa26/class/ee106a-aec/ros_workspaces/lab2/install/turtle_patrol/lib/turtle_patrol\n'}
[13.139561] (turtle_patrol) StdoutLine: {'line': b'Installing patrol_client script to /home/cc/ee106a/fa26/class/ee106a-aec/ros_workspaces/lab2/install/turtle_patrol/lib/turtle_patrol\n'}
[13.149090] (turtle_patrol) StdoutLine: {'line': b'Installing patrol_server script to /home/cc/ee106a/fa26/class/ee106a-aec/ros_workspaces/lab2/install/turtle_patrol/lib/turtle_patrol\n'}
[13.150145] (-) TimerEvent: {}
[13.158627] (turtle_patrol) StdoutLine: {'line': b'Installing patrol_server_sol script to /home/cc/ee106a/fa26/class/ee106a-aec/ros_workspaces/lab2/install/turtle_patrol/lib/turtle_patrol\n'}
[13.163543] (turtle_patrol) StdoutLine: {'line': b"writing list of installed files to '/home/cc/ee106a/fa26/class/ee106a-aec/ros_workspaces/lab2/build/turtle_patrol/install.log'\n"}
[13.176281] (lab2_turtlesim) CommandEnded: {'returncode': 0}
[13.250455] (-) TimerEvent: {}
[13.265102] (lab2_turtlesim) JobEnded: {'identifier': 'lab2_turtlesim', 'rc': 0}
[13.274474] (turtle_patrol) CommandEnded: {'returncode': 0}
[13.350517] (-) TimerEvent: {}
[13.353560] (turtle_patrol) JobEnded: {'identifier': 'turtle_patrol', 'rc': 0}
[13.363466] (-) EventReactorShutdown: {}
