[0.896s] DEBUG:colcon:Command line arguments: ['/usr/bin/colcon', 'build']
[0.897s] DEBUG:colcon:Parsed command line arguments: Namespace(log_base=None, log_level=None, verb_name='build', build_base='build', install_base='install', merge_install=False, symlink_install=False, test_result_base=None, continue_on_error=False, executor='parallel', parallel_workers=24, event_handlers=None, ignore_user_meta=False, metas=['./colcon.meta'], base_paths=['.'], packages_ignore=None, packages_ignore_regex=None, paths=None, packages_up_to=None, packages_up_to_regex=None, packages_above=None, packages_above_and_dependencies=None, packages_above_depth=None, packages_select_by_dep=None, packages_skip_by_dep=None, packages_skip_up_to=None, packages_select_build_failed=False, packages_skip_build_finished=False, packages_select_test_failures=False, packages_skip_test_passed=False, packages_select=None, packages_skip=None, packages_select_regex=None, packages_skip_regex=None, packages_start=None, packages_end=None, cmake_args=None, cmake_target=None, cmake_target_skip_unavailable=False, cmake_clean_cache=False, cmake_clean_first=False, cmake_force_configure=False, ament_cmake_args=None, catkin_cmake_args=None, catkin_skip_building_tests=False, mixin_files=None, mixin=None, verb_parser=<colcon_mixin.mixin.mixin_argument.MixinArgumentDecorator object at 0x75510e4394b0>, verb_extension=<colcon_core.verb.build.BuildVerb object at 0x75510e438fd0>, main=<bound method BuildVerb.main of <colcon_core.verb.build.BuildVerb object at 0x75510e438fd0>>, mixin_verb=('build',))
[2.633s] Level 1:colcon.colcon_core.package_discovery:discover_packages(colcon_meta) check parameters
[2.633s] Level 1:colcon.colcon_core.package_discovery:discover_packages(recursive) check parameters
[2.635s] Level 1:colcon.colcon_core.package_discovery:discover_packages(ignore) check parameters
[2.635s] Level 1:colcon.colcon_core.package_discovery:discover_packages(path) check parameters
[2.635s] Level 1:colcon.colcon_core.package_discovery:discover_packages(colcon_meta) discover
[2.636s] Level 1:colcon.colcon_core.package_discovery:discover_packages(recursive) discover
[2.637s] INFO:colcon.colcon_core.package_discovery:Crawling recursively for packages in '/home/cc/ee106a/fa26/class/ee106a-aec/ros_workspaces/lab2'
[2.639s] Level 1:colcon.colcon_core.package_identification:_identify(.) by extensions ['ignore', 'ignore_ament_install']
[2.640s] Level 1:colcon.colcon_core.package_identification:_identify(.) by extension 'ignore'
[2.640s] Level 1:colcon.colcon_core.package_identification:_identify(.) by extension 'ignore_ament_install'
[2.641s] Level 1:colcon.colcon_core.package_identification:_identify(.) by extensions ['colcon_pkg']
[2.642s] Level 1:colcon.colcon_core.package_identification:_identify(.) by extension 'colcon_pkg'
[2.642s] Level 1:colcon.colcon_core.package_identification:_identify(.) by extensions ['colcon_meta']
[2.642s] Level 1:colcon.colcon_core.package_identification:_identify(.) by extension 'colcon_meta'
[2.642s] Level 1:colcon.colcon_core.package_identification:_identify(.) by extensions ['ros']
[2.643s] Level 1:colcon.colcon_core.package_identification:_identify(.) by extension 'ros'
[2.705s] Level 1:colcon.colcon_core.package_identification:_identify(.) by extensions ['cmake', 'python']
[2.705s] Level 1:colcon.colcon_core.package_identification:_identify(.) by extension 'cmake'
[2.705s] Level 1:colcon.colcon_core.package_identification:_identify(.) by extension 'python'
[2.706s] Level 1:colcon.colcon_core.package_identification:_identify(.) by extensions ['python_setup_py']
[2.706s] Level 1:colcon.colcon_core.package_identification:_identify(.) by extension 'python_setup_py'
[2.710s] Level 1:colcon.colcon_core.package_identification:_identify(build) by extensions ['ignore', 'ignore_ament_install']
[2.711s] Level 1:colcon.colcon_core.package_identification:_identify(build) by extension 'ignore'
[2.712s] Level 1:colcon.colcon_core.package_identification:_identify(build) ignored
[2.715s] Level 1:colcon.colcon_core.package_identification:_identify(install) by extensions ['ignore', 'ignore_ament_install']
[2.716s] Level 1:colcon.colcon_core.package_identification:_identify(install) by extension 'ignore'
[2.716s] Level 1:colcon.colcon_core.package_identification:_identify(install) ignored
[2.719s] Level 1:colcon.colcon_core.package_identification:_identify(log) by extensions ['ignore', 'ignore_ament_install']
[2.719s] Level 1:colcon.colcon_core.package_identification:_identify(log) by extension 'ignore'
[2.719s] Level 1:colcon.colcon_core.package_identification:_identify(log) ignored
[2.720s] Level 1:colcon.colcon_core.package_identification:_identify(src) by extensions ['ignore', 'ignore_ament_install']
[2.722s] Level 1:colcon.colcon_core.package_identification:_identify(src) by extension 'ignore'
[2.722s] Level 1:colcon.colcon_core.package_identification:_identify(src) by extension 'ignore_ament_install'
[2.722s] Level 1:colcon.colcon_core.package_identification:_identify(src) by extensions ['colcon_pkg']
[2.723s] Level 1:colcon.colcon_core.package_identification:_identify(src) by extension 'colcon_pkg'
[2.723s] Level 1:colcon.colcon_core.package_identification:_identify(src) by extensions ['colcon_meta']
[2.724s] Level 1:colcon.colcon_core.package_identification:_identify(src) by extension 'colcon_meta'
[2.724s] Level 1:colcon.colcon_core.package_identification:_identify(src) by extensions ['ros']
[2.724s] Level 1:colcon.colcon_core.package_identification:_identify(src) by extension 'ros'
[2.724s] Level 1:colcon.colcon_core.package_identification:_identify(src) by extensions ['cmake', 'python']
[2.726s] Level 1:colcon.colcon_core.package_identification:_identify(src) by extension 'cmake'
[2.726s] Level 1:colcon.colcon_core.package_identification:_identify(src) by extension 'python'
[2.727s] Level 1:colcon.colcon_core.package_identification:_identify(src) by extensions ['python_setup_py']
[2.727s] Level 1:colcon.colcon_core.package_identification:_identify(src) by extension 'python_setup_py'
[2.729s] Level 1:colcon.colcon_core.package_identification:_identify(src/build) by extensions ['ignore', 'ignore_ament_install']
[2.729s] Level 1:colcon.colcon_core.package_identification:_identify(src/build) by extension 'ignore'
[2.731s] Level 1:colcon.colcon_core.package_identification:_identify(src/build) ignored
[2.734s] Level 1:colcon.colcon_core.package_identification:_identify(src/install) by extensions ['ignore', 'ignore_ament_install']
[2.734s] Level 1:colcon.colcon_core.package_identification:_identify(src/install) by extension 'ignore'
[2.737s] Level 1:colcon.colcon_core.package_identification:_identify(src/install) ignored
[2.738s] Level 1:colcon.colcon_core.package_identification:_identify(src/lab2_turtlesim) by extensions ['ignore', 'ignore_ament_install']
[2.740s] Level 1:colcon.colcon_core.package_identification:_identify(src/lab2_turtlesim) by extension 'ignore'
[2.740s] Level 1:colcon.colcon_core.package_identification:_identify(src/lab2_turtlesim) by extension 'ignore_ament_install'
[2.740s] Level 1:colcon.colcon_core.package_identification:_identify(src/lab2_turtlesim) by extensions ['colcon_pkg']
[2.742s] Level 1:colcon.colcon_core.package_identification:_identify(src/lab2_turtlesim) by extension 'colcon_pkg'
[2.742s] Level 1:colcon.colcon_core.package_identification:_identify(src/lab2_turtlesim) by extensions ['colcon_meta']
[2.743s] Level 1:colcon.colcon_core.package_identification:_identify(src/lab2_turtlesim) by extension 'colcon_meta'
[2.744s] Level 1:colcon.colcon_core.package_identification:_identify(src/lab2_turtlesim) by extensions ['ros']
[2.744s] Level 1:colcon.colcon_core.package_identification:_identify(src/lab2_turtlesim) by extension 'ros'
[2.764s] DEBUG:colcon.colcon_core.package_identification:Package 'src/lab2_turtlesim' with type 'ros.ament_python' and name 'lab2_turtlesim'
[2.769s] Level 1:colcon.colcon_core.package_identification:_identify(src/log) by extensions ['ignore', 'ignore_ament_install']
[2.771s] Level 1:colcon.colcon_core.package_identification:_identify(src/log) by extension 'ignore'
[2.776s] Level 1:colcon.colcon_core.package_identification:_identify(src/log) ignored
[2.779s] Level 1:colcon.colcon_core.package_identification:_identify(src/turtle_patrol) by extensions ['ignore', 'ignore_ament_install']
[2.780s] Level 1:colcon.colcon_core.package_identification:_identify(src/turtle_patrol) by extension 'ignore'
[2.780s] Level 1:colcon.colcon_core.package_identification:_identify(src/turtle_patrol) by extension 'ignore_ament_install'
[2.781s] Level 1:colcon.colcon_core.package_identification:_identify(src/turtle_patrol) by extensions ['colcon_pkg']
[2.781s] Level 1:colcon.colcon_core.package_identification:_identify(src/turtle_patrol) by extension 'colcon_pkg'
[2.781s] Level 1:colcon.colcon_core.package_identification:_identify(src/turtle_patrol) by extensions ['colcon_meta']
[2.781s] Level 1:colcon.colcon_core.package_identification:_identify(src/turtle_patrol) by extension 'colcon_meta'
[2.783s] Level 1:colcon.colcon_core.package_identification:_identify(src/turtle_patrol) by extensions ['ros']
[2.783s] Level 1:colcon.colcon_core.package_identification:_identify(src/turtle_patrol) by extension 'ros'
[2.789s] DEBUG:colcon.colcon_core.package_identification:Package 'src/turtle_patrol' with type 'ros.ament_python' and name 'turtle_patrol'
[2.792s] Level 1:colcon.colcon_core.package_identification:_identify(src/turtle_patrol_interface) by extensions ['ignore', 'ignore_ament_install']
[2.792s] Level 1:colcon.colcon_core.package_identification:_identify(src/turtle_patrol_interface) by extension 'ignore'
[2.792s] Level 1:colcon.colcon_core.package_identification:_identify(src/turtle_patrol_interface) by extension 'ignore_ament_install'
[2.793s] Level 1:colcon.colcon_core.package_identification:_identify(src/turtle_patrol_interface) by extensions ['colcon_pkg']
[2.793s] Level 1:colcon.colcon_core.package_identification:_identify(src/turtle_patrol_interface) by extension 'colcon_pkg'
[2.795s] Level 1:colcon.colcon_core.package_identification:_identify(src/turtle_patrol_interface) by extensions ['colcon_meta']
[2.795s] Level 1:colcon.colcon_core.package_identification:_identify(src/turtle_patrol_interface) by extension 'colcon_meta'
[2.795s] Level 1:colcon.colcon_core.package_identification:_identify(src/turtle_patrol_interface) by extensions ['ros']
[2.797s] Level 1:colcon.colcon_core.package_identification:_identify(src/turtle_patrol_interface) by extension 'ros'
[2.801s] DEBUG:colcon.colcon_core.package_identification:Package 'src/turtle_patrol_interface' with type 'ros.ament_cmake' and name 'turtle_patrol_interface'
[2.801s] Level 1:colcon.colcon_core.package_discovery:discover_packages(recursive) using defaults
[2.804s] Level 1:colcon.colcon_core.package_discovery:discover_packages(ignore) discover
[2.805s] Level 1:colcon.colcon_core.package_discovery:discover_packages(ignore) using defaults
[2.805s] Level 1:colcon.colcon_core.package_discovery:discover_packages(path) discover
[2.805s] Level 1:colcon.colcon_core.package_discovery:discover_packages(path) using defaults
[2.971s] Level 5:colcon.colcon_core.verb:set package 'lab2_turtlesim' build argument 'cmake_args' from command line to 'None'
[2.971s] Level 5:colcon.colcon_core.verb:set package 'lab2_turtlesim' build argument 'cmake_target' from command line to 'None'
[2.971s] Level 5:colcon.colcon_core.verb:set package 'lab2_turtlesim' build argument 'cmake_target_skip_unavailable' from command line to 'False'
[2.973s] Level 5:colcon.colcon_core.verb:set package 'lab2_turtlesim' build argument 'cmake_clean_cache' from command line to 'False'
[2.973s] Level 5:colcon.colcon_core.verb:set package 'lab2_turtlesim' build argument 'cmake_clean_first' from command line to 'False'
[2.973s] Level 5:colcon.colcon_core.verb:set package 'lab2_turtlesim' build argument 'cmake_force_configure' from command line to 'False'
[2.973s] Level 5:colcon.colcon_core.verb:set package 'lab2_turtlesim' build argument 'ament_cmake_args' from command line to 'None'
[2.973s] Level 5:colcon.colcon_core.verb:set package 'lab2_turtlesim' build argument 'catkin_cmake_args' from command line to 'None'
[2.973s] Level 5:colcon.colcon_core.verb:set package 'lab2_turtlesim' build argument 'catkin_skip_building_tests' from command line to 'False'
[2.974s] DEBUG:colcon.colcon_core.verb:Building package 'lab2_turtlesim' with the following arguments: {'ament_cmake_args': None, 'build_base': '/home/cc/ee106a/fa26/class/ee106a-aec/ros_workspaces/lab2/build/lab2_turtlesim', 'catkin_cmake_args': None, 'catkin_skip_building_tests': False, 'cmake_args': None, 'cmake_clean_cache': False, 'cmake_clean_first': False, 'cmake_force_configure': False, 'cmake_target': None, 'cmake_target_skip_unavailable': False, 'install_base': '/home/cc/ee106a/fa26/class/ee106a-aec/ros_workspaces/lab2/install/lab2_turtlesim', 'merge_install': False, 'path': '/home/cc/ee106a/fa26/class/ee106a-aec/ros_workspaces/lab2/src/lab2_turtlesim', 'symlink_install': False, 'test_result_base': None}
[2.975s] Level 5:colcon.colcon_core.verb:set package 'turtle_patrol' build argument 'cmake_args' from command line to 'None'
[2.976s] Level 5:colcon.colcon_core.verb:set package 'turtle_patrol' build argument 'cmake_target' from command line to 'None'
[2.976s] Level 5:colcon.colcon_core.verb:set package 'turtle_patrol' build argument 'cmake_target_skip_unavailable' from command line to 'False'
[2.976s] Level 5:colcon.colcon_core.verb:set package 'turtle_patrol' build argument 'cmake_clean_cache' from command line to 'False'
[2.976s] Level 5:colcon.colcon_core.verb:set package 'turtle_patrol' build argument 'cmake_clean_first' from command line to 'False'
[2.976s] Level 5:colcon.colcon_core.verb:set package 'turtle_patrol' build argument 'cmake_force_configure' from command line to 'False'
[2.978s] Level 5:colcon.colcon_core.verb:set package 'turtle_patrol' build argument 'ament_cmake_args' from command line to 'None'
[2.978s] Level 5:colcon.colcon_core.verb:set package 'turtle_patrol' build argument 'catkin_cmake_args' from command line to 'None'
[2.978s] Level 5:colcon.colcon_core.verb:set package 'turtle_patrol' build argument 'catkin_skip_building_tests' from command line to 'False'
[2.981s] DEBUG:colcon.colcon_core.verb:Building package 'turtle_patrol' with the following arguments: {'ament_cmake_args': None, 'build_base': '/home/cc/ee106a/fa26/class/ee106a-aec/ros_workspaces/lab2/build/turtle_patrol', 'catkin_cmake_args': None, 'catkin_skip_building_tests': False, 'cmake_args': None, 'cmake_clean_cache': False, 'cmake_clean_first': False, 'cmake_force_configure': False, 'cmake_target': None, 'cmake_target_skip_unavailable': False, 'install_base': '/home/cc/ee106a/fa26/class/ee106a-aec/ros_workspaces/lab2/install/turtle_patrol', 'merge_install': False, 'path': '/home/cc/ee106a/fa26/class/ee106a-aec/ros_workspaces/lab2/src/turtle_patrol', 'symlink_install': False, 'test_result_base': None}
[2.984s] Level 5:colcon.colcon_core.verb:set package 'turtle_patrol_interface' build argument 'cmake_args' from command line to 'None'
[2.985s] Level 5:colcon.colcon_core.verb:set package 'turtle_patrol_interface' build argument 'cmake_target' from command line to 'None'
[2.985s] Level 5:colcon.colcon_core.verb:set package 'turtle_patrol_interface' build argument 'cmake_target_skip_unavailable' from command line to 'False'
[2.986s] Level 5:colcon.colcon_core.verb:set package 'turtle_patrol_interface' build argument 'cmake_clean_cache' from command line to 'False'
[2.987s] Level 5:colcon.colcon_core.verb:set package 'turtle_patrol_interface' build argument 'cmake_clean_first' from command line to 'False'
[2.987s] Level 5:colcon.colcon_core.verb:set package 'turtle_patrol_interface' build argument 'cmake_force_configure' from command line to 'False'
[2.987s] Level 5:colcon.colcon_core.verb:set package 'turtle_patrol_interface' build argument 'ament_cmake_args' from command line to 'None'
[2.988s] Level 5:colcon.colcon_core.verb:set package 'turtle_patrol_interface' build argument 'catkin_cmake_args' from command line to 'None'
[2.988s] Level 5:colcon.colcon_core.verb:set package 'turtle_patrol_interface' build argument 'catkin_skip_building_tests' from command line to 'False'
[2.988s] DEBUG:colcon.colcon_core.verb:Building package 'turtle_patrol_interface' with the following arguments: {'ament_cmake_args': None, 'build_base': '/home/cc/ee106a/fa26/class/ee106a-aec/ros_workspaces/lab2/build/turtle_patrol_interface', 'catkin_cmake_args': None, 'catkin_skip_building_tests': False, 'cmake_args': None, 'cmake_clean_cache': False, 'cmake_clean_first': False, 'cmake_force_configure': False, 'cmake_target': None, 'cmake_target_skip_unavailable': False, 'install_base': '/home/cc/ee106a/fa26/class/ee106a-aec/ros_workspaces/lab2/install/turtle_patrol_interface', 'merge_install': False, 'path': '/home/cc/ee106a/fa26/class/ee106a-aec/ros_workspaces/lab2/src/turtle_patrol_interface', 'symlink_install': False, 'test_result_base': None}
[2.990s] INFO:colcon.colcon_core.executor:Executing jobs using 'parallel' executor
[2.995s] DEBUG:colcon.colcon_parallel_executor.executor.parallel:run_until_complete
[2.995s] INFO:colcon.colcon_ros.task.ament_python.build:Building ROS package in '/home/cc/ee106a/fa26/class/ee106a-aec/ros_workspaces/lab2/src/lab2_turtlesim' with build type 'ament_python'
[2.998s] Level 1:colcon.colcon_core.shell:create_environment_hook('lab2_turtlesim', 'ament_prefix_path')
[3.028s] INFO:colcon.colcon_core.plugin_system:Skipping extension 'colcon_core.shell.bat': Not used on non-Windows systems
[3.029s] INFO:colcon.colcon_core.shell:Creating environment hook '/home/cc/ee106a/fa26/class/ee106a-aec/ros_workspaces/lab2/install/lab2_turtlesim/share/lab2_turtlesim/hook/ament_prefix_path.ps1'
[3.047s] INFO:colcon.colcon_core.shell:Creating environment descriptor '/home/cc/ee106a/fa26/class/ee106a-aec/ros_workspaces/lab2/install/lab2_turtlesim/share/lab2_turtlesim/hook/ament_prefix_path.dsv'
[3.059s] INFO:colcon.colcon_core.shell:Creating environment hook '/home/cc/ee106a/fa26/class/ee106a-aec/ros_workspaces/lab2/install/lab2_turtlesim/share/lab2_turtlesim/hook/ament_prefix_path.sh'
[3.069s] INFO:colcon.colcon_core.shell:Skip shell extension 'powershell' for command environment: Not usable outside of PowerShell
[3.069s] DEBUG:colcon.colcon_core.shell:Skip shell extension 'dsv' for command environment
[3.121s] INFO:colcon.colcon_ros.task.ament_python.build:Building ROS package in '/home/cc/ee106a/fa26/class/ee106a-aec/ros_workspaces/lab2/src/turtle_patrol' with build type 'ament_python'
[3.121s] Level 1:colcon.colcon_core.shell:create_environment_hook('turtle_patrol', 'ament_prefix_path')
[3.127s] INFO:colcon.colcon_core.shell:Creating environment hook '/home/cc/ee106a/fa26/class/ee106a-aec/ros_workspaces/lab2/install/turtle_patrol/share/turtle_patrol/hook/ament_prefix_path.ps1'
[3.145s] INFO:colcon.colcon_core.shell:Creating environment descriptor '/home/cc/ee106a/fa26/class/ee106a-aec/ros_workspaces/lab2/install/turtle_patrol/share/turtle_patrol/hook/ament_prefix_path.dsv'
[3.154s] INFO:colcon.colcon_core.shell:Creating environment hook '/home/cc/ee106a/fa26/class/ee106a-aec/ros_workspaces/lab2/install/turtle_patrol/share/turtle_patrol/hook/ament_prefix_path.sh'
[3.165s] INFO:colcon.colcon_core.shell:Skip shell extension 'powershell' for command environment: Not usable outside of PowerShell
[3.165s] DEBUG:colcon.colcon_core.shell:Skip shell extension 'dsv' for command environment
[3.201s] INFO:colcon.colcon_ros.task.ament_cmake.build:Building ROS package in '/home/cc/ee106a/fa26/class/ee106a-aec/ros_workspaces/lab2/src/turtle_patrol_interface' with build type 'ament_cmake'
[3.202s] INFO:colcon.colcon_cmake.task.cmake.build:Building CMake package in '/home/cc/ee106a/fa26/class/ee106a-aec/ros_workspaces/lab2/src/turtle_patrol_interface'
[3.204s] INFO:colcon.colcon_core.shell:Skip shell extension 'powershell' for command environment: Not usable outside of PowerShell
[3.204s] DEBUG:colcon.colcon_core.shell:Skip shell extension 'dsv' for command environment
[5.830s] INFO:colcon.colcon_core.task.python.build:Building Python package in '/home/cc/ee106a/fa26/class/ee106a-aec/ros_workspaces/lab2/src/lab2_turtlesim'
[5.831s] INFO:colcon.colcon_core.shell:Skip shell extension 'powershell' for command environment: Not usable outside of PowerShell
[5.832s] DEBUG:colcon.colcon_core.shell:Skip shell extension 'dsv' for command environment
[8.782s] INFO:colcon.colcon_core.task.python.build:Building Python package in '/home/cc/ee106a/fa26/class/ee106a-aec/ros_workspaces/lab2/src/turtle_patrol'
[8.783s] INFO:colcon.colcon_core.shell:Skip shell extension 'powershell' for command environment: Not usable outside of PowerShell
[8.784s] DEBUG:colcon.colcon_core.shell:Skip shell extension 'dsv' for command environment
[8.858s] DEBUG:colcon.colcon_core.event_handler.log_command:Invoking command in '/home/cc/ee106a/fa26/class/ee106a-aec/ros_workspaces/lab2/build/turtle_patrol_interface': CMAKE_PREFIX_PATH=/home/ff/ee106a/robot_workspaces/ur/install/ur7e_utils:/opt/ros/humble /usr/bin/cmake --build /home/cc/ee106a/fa26/class/ee106a-aec/ros_workspaces/lab2/build/turtle_patrol_interface -- -j24 -l24
[14.471s] DEBUG:colcon.colcon_core.task.python.build:Available setuptools commands: install, alias, symlink_data, update_catalog, install_lib, install_headers, install_scripts, saveopts, install_egg_info, easy_install, extract_messages, bdist_dumb, rotate, register, sdist, bdist, develop, compile_catalog, build_py, bdist_wheel, test, clean, setopt, build_clib, egg_info, dist_info, check, upload, build, build_scripts, bdist_egg, upload_docs, build_ext, init_catalog, install_data, bdist_rpm
[14.505s] DEBUG:colcon.colcon_core.event_handler.log_command:Invoking command in '/home/cc/ee106a/fa26/class/ee106a-aec/ros_workspaces/lab2/src/lab2_turtlesim': PYTHONPATH=/home/cc/ee106a/fa26/class/ee106a-aec/ros_workspaces/lab2/build/lab2_turtlesim/prefix_override:/usr/lib/python3/dist-packages/colcon_core/task/python/colcon_distutils_commands:/home/cc/ee106a/fa26/class/ee106a-aec/ros_workspaces/lab2/install/lab2_turtlesim/lib/python3.10/site-packages:${PYTHONPATH} /usr/bin/python3 -W ignore:setup.py install is deprecated -W ignore:easy_install command is deprecated setup.py egg_info --egg-base ../../build/lab2_turtlesim build --build-base /home/cc/ee106a/fa26/class/ee106a-aec/ros_workspaces/lab2/build/lab2_turtlesim/build install --record /home/cc/ee106a/fa26/class/ee106a-aec/ros_workspaces/lab2/build/lab2_turtlesim/install.log --install-scripts $base/lib/lab2_turtlesim --single-version-externally-managed install_data
[14.530s] DEBUG:colcon.colcon_core.task.python.build:Available setuptools commands: install, alias, symlink_data, update_catalog, install_lib, install_headers, install_scripts, saveopts, install_egg_info, easy_install, extract_messages, bdist_dumb, rotate, register, sdist, bdist, develop, compile_catalog, build_py, bdist_wheel, test, clean, setopt, build_clib, egg_info, dist_info, check, upload, build, build_scripts, bdist_egg, upload_docs, build_ext, init_catalog, install_data, bdist_rpm
[14.558s] DEBUG:colcon.colcon_core.event_handler.log_command:Invoking command in '/home/cc/ee106a/fa26/class/ee106a-aec/ros_workspaces/lab2/src/turtle_patrol': PYTHONPATH=/home/cc/ee106a/fa26/class/ee106a-aec/ros_workspaces/lab2/build/turtle_patrol/prefix_override:/usr/lib/python3/dist-packages/colcon_core/task/python/colcon_distutils_commands:/home/cc/ee106a/fa26/class/ee106a-aec/ros_workspaces/lab2/install/turtle_patrol/lib/python3.10/site-packages:${PYTHONPATH} /usr/bin/python3 -W ignore:setup.py install is deprecated -W ignore:easy_install command is deprecated setup.py egg_info --egg-base ../../build/turtle_patrol build --build-base /home/cc/ee106a/fa26/class/ee106a-aec/ros_workspaces/lab2/build/turtle_patrol/build install --record /home/cc/ee106a/fa26/class/ee106a-aec/ros_workspaces/lab2/build/turtle_patrol/install.log --install-scripts $base/lib/turtle_patrol --single-version-externally-managed install_data
[14.567s] DEBUG:colcon.colcon_core.event_handler.log_command:Invoked command in '/home/cc/ee106a/fa26/class/ee106a-aec/ros_workspaces/lab2/build/turtle_patrol_interface' returned '0': CMAKE_PREFIX_PATH=/home/ff/ee106a/robot_workspaces/ur/install/ur7e_utils:/opt/ros/humble /usr/bin/cmake --build /home/cc/ee106a/fa26/class/ee106a-aec/ros_workspaces/lab2/build/turtle_patrol_interface -- -j24 -l24
[14.747s] DEBUG:colcon.colcon_core.event_handler.log_command:Invoking command in '/home/cc/ee106a/fa26/class/ee106a-aec/ros_workspaces/lab2/build/turtle_patrol_interface': CMAKE_PREFIX_PATH=/home/ff/ee106a/robot_workspaces/ur/install/ur7e_utils:/opt/ros/humble /usr/bin/cmake --install /home/cc/ee106a/fa26/class/ee106a-aec/ros_workspaces/lab2/build/turtle_patrol_interface
[15.870s] Level 1:colcon.colcon_core.environment:create_environment_scripts_only(turtle_patrol_interface)
[15.873s] DEBUG:colcon.colcon_core.event_handler.log_command:Invoked command in '/home/cc/ee106a/fa26/class/ee106a-aec/ros_workspaces/lab2/build/turtle_patrol_interface' returned '0': CMAKE_PREFIX_PATH=/home/ff/ee106a/robot_workspaces/ur/install/ur7e_utils:/opt/ros/humble /usr/bin/cmake --install /home/cc/ee106a/fa26/class/ee106a-aec/ros_workspaces/lab2/build/turtle_patrol_interface
[15.894s] Level 1:colcon.colcon_core.environment:checking '/home/cc/ee106a/fa26/class/ee106a-aec/ros_workspaces/lab2/install/turtle_patrol_interface' for CMake module files
[15.903s] Level 1:colcon.colcon_core.environment:checking '/home/cc/ee106a/fa26/class/ee106a-aec/ros_workspaces/lab2/install/turtle_patrol_interface' for CMake config files
[15.929s] Level 1:colcon.colcon_core.shell:create_environment_hook('turtle_patrol_interface', 'cmake_prefix_path')
[15.930s] INFO:colcon.colcon_core.shell:Creating environment hook '/home/cc/ee106a/fa26/class/ee106a-aec/ros_workspaces/lab2/install/turtle_patrol_interface/share/turtle_patrol_interface/hook/cmake_prefix_path.ps1'
[15.939s] INFO:colcon.colcon_core.shell:Creating environment descriptor '/home/cc/ee106a/fa26/class/ee106a-aec/ros_workspaces/lab2/install/turtle_patrol_interface/share/turtle_patrol_interface/hook/cmake_prefix_path.dsv'
[15.950s] INFO:colcon.colcon_core.shell:Creating environment hook '/home/cc/ee106a/fa26/class/ee106a-aec/ros_workspaces/lab2/install/turtle_patrol_interface/share/turtle_patrol_interface/hook/cmake_prefix_path.sh'
[15.963s] Level 1:colcon.colcon_core.environment:checking '/home/cc/ee106a/fa26/class/ee106a-aec/ros_workspaces/lab2/install/turtle_patrol_interface/lib'
[15.965s] Level 1:colcon.colcon_core.shell:create_environment_hook('turtle_patrol_interface', 'ld_library_path_lib')
[15.966s] INFO:colcon.colcon_core.shell:Creating environment hook '/home/cc/ee106a/fa26/class/ee106a-aec/ros_workspaces/lab2/install/turtle_patrol_interface/share/turtle_patrol_interface/hook/ld_library_path_lib.ps1'
[15.975s] INFO:colcon.colcon_core.shell:Creating environment descriptor '/home/cc/ee106a/fa26/class/ee106a-aec/ros_workspaces/lab2/install/turtle_patrol_interface/share/turtle_patrol_interface/hook/ld_library_path_lib.dsv'
[15.987s] INFO:colcon.colcon_core.shell:Creating environment hook '/home/cc/ee106a/fa26/class/ee106a-aec/ros_workspaces/lab2/install/turtle_patrol_interface/share/turtle_patrol_interface/hook/ld_library_path_lib.sh'
[15.997s] Level 1:colcon.colcon_core.environment:checking '/home/cc/ee106a/fa26/class/ee106a-aec/ros_workspaces/lab2/install/turtle_patrol_interface/bin'
[15.997s] Level 1:colcon.colcon_core.environment:checking '/home/cc/ee106a/fa26/class/ee106a-aec/ros_workspaces/lab2/install/turtle_patrol_interface/lib/pkgconfig/turtle_patrol_interface.pc'
[15.997s] Level 1:colcon.colcon_core.environment:checking '/home/cc/ee106a/fa26/class/ee106a-aec/ros_workspaces/lab2/install/turtle_patrol_interface/lib/python3.10/site-packages'
[15.998s] Level 1:colcon.colcon_core.environment:checking '/home/cc/ee106a/fa26/class/ee106a-aec/ros_workspaces/lab2/install/turtle_patrol_interface/bin'
[16.000s] INFO:colcon.colcon_core.shell:Creating package script '/home/cc/ee106a/fa26/class/ee106a-aec/ros_workspaces/lab2/install/turtle_patrol_interface/share/turtle_patrol_interface/package.ps1'
[16.009s] INFO:colcon.colcon_core.shell:Creating package descriptor '/home/cc/ee106a/fa26/class/ee106a-aec/ros_workspaces/lab2/install/turtle_patrol_interface/share/turtle_patrol_interface/package.dsv'
[16.022s] INFO:colcon.colcon_core.shell:Creating package script '/home/cc/ee106a/fa26/class/ee106a-aec/ros_workspaces/lab2/install/turtle_patrol_interface/share/turtle_patrol_interface/package.sh'
[16.031s] INFO:colcon.colcon_core.shell:Creating package script '/home/cc/ee106a/fa26/class/ee106a-aec/ros_workspaces/lab2/install/turtle_patrol_interface/share/turtle_patrol_interface/package.bash'
[16.040s] INFO:colcon.colcon_core.shell:Creating package script '/home/cc/ee106a/fa26/class/ee106a-aec/ros_workspaces/lab2/install/turtle_patrol_interface/share/turtle_patrol_interface/package.zsh'
[16.048s] Level 1:colcon.colcon_core.environment:create_file_with_runtime_dependencies(/home/cc/ee106a/fa26/class/ee106a-aec/ros_workspaces/lab2/install/turtle_patrol_interface/share/colcon-core/packages/turtle_patrol_interface)
[16.056s] Level 1:colcon.colcon_core.environment:create_environment_scripts_only(turtle_patrol_interface)
[16.057s] Level 1:colcon.colcon_core.environment:checking '/home/cc/ee106a/fa26/class/ee106a-aec/ros_workspaces/lab2/install/turtle_patrol_interface' for CMake module files
[16.063s] Level 1:colcon.colcon_core.environment:checking '/home/cc/ee106a/fa26/class/ee106a-aec/ros_workspaces/lab2/install/turtle_patrol_interface' for CMake config files
[16.084s] Level 1:colcon.colcon_core.shell:create_environment_hook('turtle_patrol_interface', 'cmake_prefix_path')
[16.085s] INFO:colcon.colcon_core.shell:Creating environment hook '/home/cc/ee106a/fa26/class/ee106a-aec/ros_workspaces/lab2/install/turtle_patrol_interface/share/turtle_patrol_interface/hook/cmake_prefix_path.ps1'
[16.090s] INFO:colcon.colcon_core.shell:Creating environment descriptor '/home/cc/ee106a/fa26/class/ee106a-aec/ros_workspaces/lab2/install/turtle_patrol_interface/share/turtle_patrol_interface/hook/cmake_prefix_path.dsv'
[16.094s] INFO:colcon.colcon_core.shell:Creating environment hook '/home/cc/ee106a/fa26/class/ee106a-aec/ros_workspaces/lab2/install/turtle_patrol_interface/share/turtle_patrol_interface/hook/cmake_prefix_path.sh'
[16.099s] Level 1:colcon.colcon_core.environment:checking '/home/cc/ee106a/fa26/class/ee106a-aec/ros_workspaces/lab2/install/turtle_patrol_interface/lib'
[16.100s] Level 1:colcon.colcon_core.shell:create_environment_hook('turtle_patrol_interface', 'ld_library_path_lib')
[16.103s] INFO:colcon.colcon_core.shell:Creating environment hook '/home/cc/ee106a/fa26/class/ee106a-aec/ros_workspaces/lab2/install/turtle_patrol_interface/share/turtle_patrol_interface/hook/ld_library_path_lib.ps1'
[16.113s] INFO:colcon.colcon_core.shell:Creating environment descriptor '/home/cc/ee106a/fa26/class/ee106a-aec/ros_workspaces/lab2/install/turtle_patrol_interface/share/turtle_patrol_interface/hook/ld_library_path_lib.dsv'
[16.120s] INFO:colcon.colcon_core.shell:Creating environment hook '/home/cc/ee106a/fa26/class/ee106a-aec/ros_workspaces/lab2/install/turtle_patrol_interface/share/turtle_patrol_interface/hook/ld_library_path_lib.sh'
[16.127s] Level 1:colcon.colcon_core.environment:checking '/home/cc/ee106a/fa26/class/ee106a-aec/ros_workspaces/lab2/install/turtle_patrol_interface/bin'
[16.128s] Level 1:colcon.colcon_core.environment:checking '/home/cc/ee106a/fa26/class/ee106a-aec/ros_workspaces/lab2/install/turtle_patrol_interface/lib/pkgconfig/turtle_patrol_interface.pc'
[16.128s] Level 1:colcon.colcon_core.environment:checking '/home/cc/ee106a/fa26/class/ee106a-aec/ros_workspaces/lab2/install/turtle_patrol_interface/lib/python3.10/site-packages'
[16.131s] Level 1:colcon.colcon_core.environment:checking '/home/cc/ee106a/fa26/class/ee106a-aec/ros_workspaces/lab2/install/turtle_patrol_interface/bin'
[16.133s] INFO:colcon.colcon_core.shell:Creating package script '/home/cc/ee106a/fa26/class/ee106a-aec/ros_workspaces/lab2/install/turtle_patrol_interface/share/turtle_patrol_interface/package.ps1'
[16.141s] INFO:colcon.colcon_core.shell:Creating package descriptor '/home/cc/ee106a/fa26/class/ee106a-aec/ros_workspaces/lab2/install/turtle_patrol_interface/share/turtle_patrol_interface/package.dsv'
[16.147s] INFO:colcon.colcon_core.shell:Creating package script '/home/cc/ee106a/fa26/class/ee106a-aec/ros_workspaces/lab2/install/turtle_patrol_interface/share/turtle_patrol_interface/package.sh'
[16.154s] INFO:colcon.colcon_core.shell:Creating package script '/home/cc/ee106a/fa26/class/ee106a-aec/ros_workspaces/lab2/install/turtle_patrol_interface/share/turtle_patrol_interface/package.bash'
[16.160s] INFO:colcon.colcon_core.shell:Creating package script '/home/cc/ee106a/fa26/class/ee106a-aec/ros_workspaces/lab2/install/turtle_patrol_interface/share/turtle_patrol_interface/package.zsh'
[16.170s] Level 1:colcon.colcon_core.environment:create_file_with_runtime_dependencies(/home/cc/ee106a/fa26/class/ee106a-aec/ros_workspaces/lab2/install/turtle_patrol_interface/share/colcon-core/packages/turtle_patrol_interface)
[17.296s] Level 1:colcon.colcon_core.environment:checking '/home/cc/ee106a/fa26/class/ee106a-aec/ros_workspaces/lab2/install/lab2_turtlesim' for CMake module files
[17.298s] DEBUG:colcon.colcon_core.event_handler.log_command:Invoked command in '/home/cc/ee106a/fa26/class/ee106a-aec/ros_workspaces/lab2/src/lab2_turtlesim' returned '0': PYTHONPATH=/home/cc/ee106a/fa26/class/ee106a-aec/ros_workspaces/lab2/build/lab2_turtlesim/prefix_override:/usr/lib/python3/dist-packages/colcon_core/task/python/colcon_distutils_commands:/home/cc/ee106a/fa26/class/ee106a-aec/ros_workspaces/lab2/install/lab2_turtlesim/lib/python3.10/site-packages:${PYTHONPATH} /usr/bin/python3 -W ignore:setup.py install is deprecated -W ignore:easy_install command is deprecated setup.py egg_info --egg-base ../../build/lab2_turtlesim build --build-base /home/cc/ee106a/fa26/class/ee106a-aec/ros_workspaces/lab2/build/lab2_turtlesim/build install --record /home/cc/ee106a/fa26/class/ee106a-aec/ros_workspaces/lab2/build/lab2_turtlesim/install.log --install-scripts $base/lib/lab2_turtlesim --single-version-externally-managed install_data
[17.307s] Level 1:colcon.colcon_core.environment:checking '/home/cc/ee106a/fa26/class/ee106a-aec/ros_workspaces/lab2/install/lab2_turtlesim' for CMake config files
[17.329s] Level 1:colcon.colcon_core.environment:checking '/home/cc/ee106a/fa26/class/ee106a-aec/ros_workspaces/lab2/install/lab2_turtlesim/lib'
[17.331s] Level 1:colcon.colcon_core.environment:checking '/home/cc/ee106a/fa26/class/ee106a-aec/ros_workspaces/lab2/install/lab2_turtlesim/bin'
[17.331s] Level 1:colcon.colcon_core.environment:checking '/home/cc/ee106a/fa26/class/ee106a-aec/ros_workspaces/lab2/install/lab2_turtlesim/lib/pkgconfig/lab2_turtlesim.pc'
[17.332s] Level 1:colcon.colcon_core.environment:checking '/home/cc/ee106a/fa26/class/ee106a-aec/ros_workspaces/lab2/install/lab2_turtlesim/lib/python3.10/site-packages'
[17.332s] Level 1:colcon.colcon_core.shell:create_environment_hook('lab2_turtlesim', 'pythonpath')
[17.334s] INFO:colcon.colcon_core.shell:Creating environment hook '/home/cc/ee106a/fa26/class/ee106a-aec/ros_workspaces/lab2/install/lab2_turtlesim/share/lab2_turtlesim/hook/pythonpath.ps1'
[17.343s] INFO:colcon.colcon_core.shell:Creating environment descriptor '/home/cc/ee106a/fa26/class/ee106a-aec/ros_workspaces/lab2/install/lab2_turtlesim/share/lab2_turtlesim/hook/pythonpath.dsv'
[17.356s] INFO:colcon.colcon_core.shell:Creating environment hook '/home/cc/ee106a/fa26/class/ee106a-aec/ros_workspaces/lab2/install/lab2_turtlesim/share/lab2_turtlesim/hook/pythonpath.sh'
[17.367s] Level 1:colcon.colcon_core.environment:checking '/home/cc/ee106a/fa26/class/ee106a-aec/ros_workspaces/lab2/install/lab2_turtlesim/bin'
[17.368s] Level 1:colcon.colcon_core.environment:create_environment_scripts_only(lab2_turtlesim)
[17.371s] INFO:colcon.colcon_core.shell:Creating package script '/home/cc/ee106a/fa26/class/ee106a-aec/ros_workspaces/lab2/install/lab2_turtlesim/share/lab2_turtlesim/package.ps1'
[17.384s] INFO:colcon.colcon_core.shell:Creating package descriptor '/home/cc/ee106a/fa26/class/ee106a-aec/ros_workspaces/lab2/install/lab2_turtlesim/share/lab2_turtlesim/package.dsv'
[17.393s] INFO:colcon.colcon_core.shell:Creating package script '/home/cc/ee106a/fa26/class/ee106a-aec/ros_workspaces/lab2/install/lab2_turtlesim/share/lab2_turtlesim/package.sh'
[17.409s] INFO:colcon.colcon_core.shell:Creating package script '/home/cc/ee106a/fa26/class/ee106a-aec/ros_workspaces/lab2/install/lab2_turtlesim/share/lab2_turtlesim/package.bash'
[17.417s] INFO:colcon.colcon_core.shell:Creating package script '/home/cc/ee106a/fa26/class/ee106a-aec/ros_workspaces/lab2/install/lab2_turtlesim/share/lab2_turtlesim/package.zsh'
[17.423s] Level 1:colcon.colcon_core.environment:create_file_with_runtime_dependencies(/home/cc/ee106a/fa26/class/ee106a-aec/ros_workspaces/lab2/install/lab2_turtlesim/share/colcon-core/packages/lab2_turtlesim)
[17.519s] Level 1:colcon.colcon_core.environment:checking '/home/cc/ee106a/fa26/class/ee106a-aec/ros_workspaces/lab2/install/turtle_patrol' for CMake module files
[17.521s] DEBUG:colcon.colcon_core.event_handler.log_command:Invoked command in '/home/cc/ee106a/fa26/class/ee106a-aec/ros_workspaces/lab2/src/turtle_patrol' returned '0': PYTHONPATH=/home/cc/ee106a/fa26/class/ee106a-aec/ros_workspaces/lab2/build/turtle_patrol/prefix_override:/usr/lib/python3/dist-packages/colcon_core/task/python/colcon_distutils_commands:/home/cc/ee106a/fa26/class/ee106a-aec/ros_workspaces/lab2/install/turtle_patrol/lib/python3.10/site-packages:${PYTHONPATH} /usr/bin/python3 -W ignore:setup.py install is deprecated -W ignore:easy_install command is deprecated setup.py egg_info --egg-base ../../build/turtle_patrol build --build-base /home/cc/ee106a/fa26/class/ee106a-aec/ros_workspaces/lab2/build/turtle_patrol/build install --record /home/cc/ee106a/fa26/class/ee106a-aec/ros_workspaces/lab2/build/turtle_patrol/install.log --install-scripts $base/lib/turtle_patrol --single-version-externally-managed install_data
[17.527s] Level 1:colcon.colcon_core.environment:checking '/home/cc/ee106a/fa26/class/ee106a-aec/ros_workspaces/lab2/install/turtle_patrol' for CMake config files
[17.543s] Level 1:colcon.colcon_core.environment:checking '/home/cc/ee106a/fa26/class/ee106a-aec/ros_workspaces/lab2/install/turtle_patrol/lib'
[17.544s] Level 1:colcon.colcon_core.environment:checking '/home/cc/ee106a/fa26/class/ee106a-aec/ros_workspaces/lab2/install/turtle_patrol/bin'
[17.545s] Level 1:colcon.colcon_core.environment:checking '/home/cc/ee106a/fa26/class/ee106a-aec/ros_workspaces/lab2/install/turtle_patrol/lib/pkgconfig/turtle_patrol.pc'
[17.546s] Level 1:colcon.colcon_core.environment:checking '/home/cc/ee106a/fa26/class/ee106a-aec/ros_workspaces/lab2/install/turtle_patrol/lib/python3.10/site-packages'
[17.546s] Level 1:colcon.colcon_core.shell:create_environment_hook('turtle_patrol', 'pythonpath')
[17.547s] INFO:colcon.colcon_core.shell:Creating environment hook '/home/cc/ee106a/fa26/class/ee106a-aec/ros_workspaces/lab2/install/turtle_patrol/share/turtle_patrol/hook/pythonpath.ps1'
[17.555s] INFO:colcon.colcon_core.shell:Creating environment descriptor '/home/cc/ee106a/fa26/class/ee106a-aec/ros_workspaces/lab2/install/turtle_patrol/share/turtle_patrol/hook/pythonpath.dsv'
[17.564s] INFO:colcon.colcon_core.shell:Creating environment hook '/home/cc/ee106a/fa26/class/ee106a-aec/ros_workspaces/lab2/install/turtle_patrol/share/turtle_patrol/hook/pythonpath.sh'
[17.573s] Level 1:colcon.colcon_core.environment:checking '/home/cc/ee106a/fa26/class/ee106a-aec/ros_workspaces/lab2/install/turtle_patrol/bin'
[17.573s] Level 1:colcon.colcon_core.environment:create_environment_scripts_only(turtle_patrol)
[17.576s] INFO:colcon.colcon_core.shell:Creating package script '/home/cc/ee106a/fa26/class/ee106a-aec/ros_workspaces/lab2/install/turtle_patrol/share/turtle_patrol/package.ps1'
[17.585s] INFO:colcon.colcon_core.shell:Creating package descriptor '/home/cc/ee106a/fa26/class/ee106a-aec/ros_workspaces/lab2/install/turtle_patrol/share/turtle_patrol/package.dsv'
[17.594s] INFO:colcon.colcon_core.shell:Creating package script '/home/cc/ee106a/fa26/class/ee106a-aec/ros_workspaces/lab2/install/turtle_patrol/share/turtle_patrol/package.sh'
[17.603s] INFO:colcon.colcon_core.shell:Creating package script '/home/cc/ee106a/fa26/class/ee106a-aec/ros_workspaces/lab2/install/turtle_patrol/share/turtle_patrol/package.bash'
[17.614s] INFO:colcon.colcon_core.shell:Creating package script '/home/cc/ee106a/fa26/class/ee106a-aec/ros_workspaces/lab2/install/turtle_patrol/share/turtle_patrol/package.zsh'
[17.624s] Level 1:colcon.colcon_core.environment:create_file_with_runtime_dependencies(/home/cc/ee106a/fa26/class/ee106a-aec/ros_workspaces/lab2/install/turtle_patrol/share/colcon-core/packages/turtle_patrol)
[17.630s] DEBUG:colcon.colcon_parallel_executor.executor.parallel:closing loop
[17.631s] DEBUG:colcon.colcon_parallel_executor.executor.parallel:loop closed
[17.631s] DEBUG:colcon.colcon_parallel_executor.executor.parallel:run_until_complete finished with '0'
[17.631s] DEBUG:colcon.colcon_core.event_reactor:joining thread
[17.700s] INFO:colcon.colcon_core.plugin_system:Skipping extension 'colcon_notification.desktop_notification.notify_send': Could not find 'notify-send'
[17.700s] INFO:colcon.colcon_core.plugin_system:Skipping extension 'colcon_notification.desktop_notification.terminal_notifier': Not used on non-Darwin systems
[17.700s] INFO:colcon.colcon_core.plugin_system:Skipping extension 'colcon_notification.desktop_notification.win32': Not used on non-Windows systems
[17.701s] INFO:colcon.colcon_notification.desktop_notification:Sending desktop notification using 'notify2'
[18.499s] DEBUG:colcon.colcon_core.event_reactor:joined thread
[18.501s] INFO:colcon.colcon_core.shell:Creating prefix script '/home/cc/ee106a/fa26/class/ee106a-aec/ros_workspaces/lab2/install/local_setup.ps1'
[18.514s] INFO:colcon.colcon_core.shell:Creating prefix util module '/home/cc/ee106a/fa26/class/ee106a-aec/ros_workspaces/lab2/install/_local_setup_util_ps1.py'
[18.525s] INFO:colcon.colcon_core.shell:Creating prefix chain script '/home/cc/ee106a/fa26/class/ee106a-aec/ros_workspaces/lab2/install/setup.ps1'
[18.538s] INFO:colcon.colcon_core.shell:Creating prefix script '/home/cc/ee106a/fa26/class/ee106a-aec/ros_workspaces/lab2/install/local_setup.sh'
[18.547s] INFO:colcon.colcon_core.shell:Creating prefix util module '/home/cc/ee106a/fa26/class/ee106a-aec/ros_workspaces/lab2/install/_local_setup_util_sh.py'
[18.558s] INFO:colcon.colcon_core.shell:Creating prefix chain script '/home/cc/ee106a/fa26/class/ee106a-aec/ros_workspaces/lab2/install/setup.sh'
[18.572s] INFO:colcon.colcon_core.shell:Creating prefix script '/home/cc/ee106a/fa26/class/ee106a-aec/ros_workspaces/lab2/install/local_setup.bash'
[18.587s] INFO:colcon.colcon_core.shell:Creating prefix chain script '/home/cc/ee106a/fa26/class/ee106a-aec/ros_workspaces/lab2/install/setup.bash'
[18.599s] INFO:colcon.colcon_core.shell:Creating prefix script '/home/cc/ee106a/fa26/class/ee106a-aec/ros_workspaces/lab2/install/local_setup.zsh'
[18.607s] INFO:colcon.colcon_core.shell:Creating prefix chain script '/home/cc/ee106a/fa26/class/ee106a-aec/ros_workspaces/lab2/install/setup.zsh'
