[0.947s] Invoking command in '/home/user/ros_workspaces/lab1/src/chatter': PYTHONPATH=/home/user/ros_workspaces/lab1/build/chatter/prefix_override:/usr/lib/python3/dist-packages/colcon_core/task/python/colcon_distutils_commands:/home/user/ros_workspaces/lab1/install/chatter/lib/python3.10/site-packages:${PYTHONPATH} _=/usr/bin/env /usr/bin/python3 -W ignore:setup.py install is deprecated -W ignore:easy_install command is deprecated setup.py egg_info --egg-base ../../build/chatter build --build-base /home/user/ros_workspaces/lab1/build/chatter/build install --record /home/user/ros_workspaces/lab1/build/chatter/install.log --single-version-externally-managed install_data
[1.230s] running egg_info
[1.248s] writing ../../build/chatter/chatter.egg-info/PKG-INFO
[1.249s] writing dependency_links to ../../build/chatter/chatter.egg-info/dependency_links.txt
[1.249s] writing entry points to ../../build/chatter/chatter.egg-info/entry_points.txt
[1.249s] writing requirements to ../../build/chatter/chatter.egg-info/requires.txt
[1.250s] writing top-level names to ../../build/chatter/chatter.egg-info/top_level.txt
[1.288s] reading manifest file '../../build/chatter/chatter.egg-info/SOURCES.txt'
[1.289s] writing manifest file '../../build/chatter/chatter.egg-info/SOURCES.txt'
[1.289s] running build
[1.289s] running build_py
[1.289s] copying chatter/publisher_member_function.py -> /home/user/ros_workspaces/lab1/build/chatter/build/lib/chatter
[1.290s] copying chatter/__init__.py -> /home/user/ros_workspaces/lab1/build/chatter/build/lib/chatter
[1.290s] copying chatter/subscriber_member_function.py -> /home/user/ros_workspaces/lab1/build/chatter/build/lib/chatter
[1.290s] running install
[1.294s] running install_lib
[1.313s] running install_data
[1.313s] copying resource/chatter -> /home/user/ros_workspaces/lab1/install/chatter/share/ament_index/resource_index/packages
[1.313s] copying package.xml -> /home/user/ros_workspaces/lab1/install/chatter/share/chatter
[1.313s] running install_egg_info
[1.335s] removing '/home/user/ros_workspaces/lab1/install/chatter/lib/python3.10/site-packages/chatter-0.0.0-py3.10.egg-info' (and everything under it)
[1.335s] Copying ../../build/chatter/chatter.egg-info to /home/user/ros_workspaces/lab1/install/chatter/lib/python3.10/site-packages/chatter-0.0.0-py3.10.egg-info
[1.336s] running install_scripts
[1.373s] Installing listener script to /home/user/ros_workspaces/lab1/install/chatter/lib/chatter
[1.375s] Installing talker script to /home/user/ros_workspaces/lab1/install/chatter/lib/chatter
[1.375s] writing list of installed files to '/home/user/ros_workspaces/lab1/build/chatter/install.log'
[1.401s] Invoked command in '/home/user/ros_workspaces/lab1/src/chatter' returned '0': PYTHONPATH=/home/user/ros_workspaces/lab1/build/chatter/prefix_override:/usr/lib/python3/dist-packages/colcon_core/task/python/colcon_distutils_commands:/home/user/ros_workspaces/lab1/install/chatter/lib/python3.10/site-packages:${PYTHONPATH} _=/usr/bin/env /usr/bin/python3 -W ignore:setup.py install is deprecated -W ignore:easy_install command is deprecated setup.py egg_info --egg-base ../../build/chatter build --build-base /home/user/ros_workspaces/lab1/build/chatter/build install --record /home/user/ros_workspaces/lab1/build/chatter/install.log --single-version-externally-managed install_data
