running egg_info
writing ../../build/my_chatter/my_chatter.egg-info/PKG-INFO
writing dependency_links to ../../build/my_chatter/my_chatter.egg-info/dependency_links.txt
writing entry points to ../../build/my_chatter/my_chatter.egg-info/entry_points.txt
writing requirements to ../../build/my_chatter/my_chatter.egg-info/requires.txt
writing top-level names to ../../build/my_chatter/my_chatter.egg-info/top_level.txt
reading manifest file '../../build/my_chatter/my_chatter.egg-info/SOURCES.txt'
writing manifest file '../../build/my_chatter/my_chatter.egg-info/SOURCES.txt'
running build
running build_py
copying my_chatter/__init__.py -> /home/user/ros_workspaces/lab1/build/my_chatter/build/lib/my_chatter
copying my_chatter/new_subscriber_function.py -> /home/user/ros_workspaces/lab1/build/my_chatter/build/lib/my_chatter
copying my_chatter/new_publisher_function.py -> /home/user/ros_workspaces/lab1/build/my_chatter/build/lib/my_chatter
running install
running install_lib
copying /home/user/ros_workspaces/lab1/build/my_chatter/build/lib/my_chatter/new_subscriber_function.py -> /home/user/ros_workspaces/lab1/install/my_chatter/lib/python3.10/site-packages/my_chatter
copying /home/user/ros_workspaces/lab1/build/my_chatter/build/lib/my_chatter/new_publisher_function.py -> /home/user/ros_workspaces/lab1/install/my_chatter/lib/python3.10/site-packages/my_chatter
byte-compiling /home/user/ros_workspaces/lab1/install/my_chatter/lib/python3.10/site-packages/my_chatter/new_subscriber_function.py to new_subscriber_function.cpython-310.pyc
byte-compiling /home/user/ros_workspaces/lab1/install/my_chatter/lib/python3.10/site-packages/my_chatter/new_publisher_function.py to new_publisher_function.cpython-310.pyc
running install_data
copying resource/my_chatter -> /home/user/ros_workspaces/lab1/install/my_chatter/share/ament_index/resource_index/packages
copying package.xml -> /home/user/ros_workspaces/lab1/install/my_chatter/share/my_chatter
running install_egg_info
removing '/home/user/ros_workspaces/lab1/install/my_chatter/lib/python3.10/site-packages/my_chatter-0.0.0-py3.10.egg-info' (and everything under it)
Copying ../../build/my_chatter/my_chatter.egg-info to /home/user/ros_workspaces/lab1/install/my_chatter/lib/python3.10/site-packages/my_chatter-0.0.0-py3.10.egg-info
running install_scripts
Installing my_listener script to /home/user/ros_workspaces/lab1/install/my_chatter/lib/my_chatter
Installing my_talker script to /home/user/ros_workspaces/lab1/install/my_chatter/lib/my_chatter
writing list of installed files to '/home/user/ros_workspaces/lab1/build/my_chatter/install.log'
