[0.794s] DEBUG:colcon:Command line arguments: ['/usr/bin/colcon', 'build']
[0.794s] DEBUG:colcon:Parsed command line arguments: Namespace(log_base=None, log_level=None, verb_name='build', build_base='build', install_base='install', merge_install=False, symlink_install=False, test_result_base=None, continue_on_error=False, executor='parallel', parallel_workers=24, event_handlers=None, ignore_user_meta=False, metas=['./colcon.meta'], base_paths=['.'], packages_ignore=None, packages_ignore_regex=None, paths=None, packages_up_to=None, packages_up_to_regex=None, packages_above=None, packages_above_and_dependencies=None, packages_above_depth=None, packages_select_by_dep=None, packages_skip_by_dep=None, packages_skip_up_to=None, packages_select_build_failed=False, packages_skip_build_finished=False, packages_select_test_failures=False, packages_skip_test_passed=False, packages_select=None, packages_skip=None, packages_select_regex=None, packages_skip_regex=None, packages_start=None, packages_end=None, cmake_args=None, cmake_target=None, cmake_target_skip_unavailable=False, cmake_clean_cache=False, cmake_clean_first=False, cmake_force_configure=False, ament_cmake_args=None, catkin_cmake_args=None, catkin_skip_building_tests=False, mixin_files=None, mixin=None, verb_parser=<colcon_mixin.mixin.mixin_argument.MixinArgumentDecorator object at 0x7750251254b0>, verb_extension=<colcon_core.verb.build.BuildVerb object at 0x775025124fd0>, main=<bound method BuildVerb.main of <colcon_core.verb.build.BuildVerb object at 0x775025124fd0>>, mixin_verb=('build',))
[2.297s] Level 1:colcon.colcon_core.package_discovery:discover_packages(colcon_meta) check parameters
[2.298s] Level 1:colcon.colcon_core.package_discovery:discover_packages(recursive) check parameters
[2.299s] Level 1:colcon.colcon_core.package_discovery:discover_packages(ignore) check parameters
[2.299s] Level 1:colcon.colcon_core.package_discovery:discover_packages(path) check parameters
[2.300s] Level 1:colcon.colcon_core.package_discovery:discover_packages(colcon_meta) discover
[2.300s] Level 1:colcon.colcon_core.package_discovery:discover_packages(recursive) discover
[2.300s] INFO:colcon.colcon_core.package_discovery:Crawling recursively for packages in '/home/cc/ee106a/fa26/class/ee106a-aec/ros_workspaces/lab2'
[2.301s] Level 1:colcon.colcon_core.package_identification:_identify(.) by extensions ['ignore', 'ignore_ament_install']
[2.302s] Level 1:colcon.colcon_core.package_identification:_identify(.) by extension 'ignore'
[2.302s] Level 1:colcon.colcon_core.package_identification:_identify(.) by extension 'ignore_ament_install'
[2.304s] Level 1:colcon.colcon_core.package_identification:_identify(.) by extensions ['colcon_pkg']
[2.305s] Level 1:colcon.colcon_core.package_identification:_identify(.) by extension 'colcon_pkg'
[2.305s] Level 1:colcon.colcon_core.package_identification:_identify(.) by extensions ['colcon_meta']
[2.305s] Level 1:colcon.colcon_core.package_identification:_identify(.) by extension 'colcon_meta'
[2.305s] Level 1:colcon.colcon_core.package_identification:_identify(.) by extensions ['ros']
[2.305s] Level 1:colcon.colcon_core.package_identification:_identify(.) by extension 'ros'
[2.349s] Level 1:colcon.colcon_core.package_identification:_identify(.) by extensions ['cmake', 'python']
[2.350s] Level 1:colcon.colcon_core.package_identification:_identify(.) by extension 'cmake'
[2.350s] Level 1:colcon.colcon_core.package_identification:_identify(.) by extension 'python'
[2.350s] Level 1:colcon.colcon_core.package_identification:_identify(.) by extensions ['python_setup_py']
[2.351s] Level 1:colcon.colcon_core.package_identification:_identify(.) by extension 'python_setup_py'
[2.354s] Level 1:colcon.colcon_core.package_identification:_identify(build) by extensions ['ignore', 'ignore_ament_install']
[2.354s] Level 1:colcon.colcon_core.package_identification:_identify(build) by extension 'ignore'
[2.355s] Level 1:colcon.colcon_core.package_identification:_identify(build) ignored
[2.358s] Level 1:colcon.colcon_core.package_identification:_identify(install) by extensions ['ignore', 'ignore_ament_install']
[2.359s] Level 1:colcon.colcon_core.package_identification:_identify(install) by extension 'ignore'
[2.360s] Level 1:colcon.colcon_core.package_identification:_identify(install) ignored
[2.361s] Level 1:colcon.colcon_core.package_identification:_identify(log) by extensions ['ignore', 'ignore_ament_install']
[2.362s] Level 1:colcon.colcon_core.package_identification:_identify(log) by extension 'ignore'
[2.362s] Level 1:colcon.colcon_core.package_identification:_identify(log) ignored
[2.363s] Level 1:colcon.colcon_core.package_identification:_identify(src) by extensions ['ignore', 'ignore_ament_install']
[2.364s] Level 1:colcon.colcon_core.package_identification:_identify(src) by extension 'ignore'
[2.364s] Level 1:colcon.colcon_core.package_identification:_identify(src) by extension 'ignore_ament_install'
[2.364s] Level 1:colcon.colcon_core.package_identification:_identify(src) by extensions ['colcon_pkg']
[2.366s] Level 1:colcon.colcon_core.package_identification:_identify(src) by extension 'colcon_pkg'
[2.366s] Level 1:colcon.colcon_core.package_identification:_identify(src) by extensions ['colcon_meta']
[2.368s] Level 1:colcon.colcon_core.package_identification:_identify(src) by extension 'colcon_meta'
[2.369s] Level 1:colcon.colcon_core.package_identification:_identify(src) by extensions ['ros']
[2.369s] Level 1:colcon.colcon_core.package_identification:_identify(src) by extension 'ros'
[2.369s] Level 1:colcon.colcon_core.package_identification:_identify(src) by extensions ['cmake', 'python']
[2.371s] Level 1:colcon.colcon_core.package_identification:_identify(src) by extension 'cmake'
[2.372s] Level 1:colcon.colcon_core.package_identification:_identify(src) by extension 'python'
[2.372s] Level 1:colcon.colcon_core.package_identification:_identify(src) by extensions ['python_setup_py']
[2.375s] Level 1:colcon.colcon_core.package_identification:_identify(src) by extension 'python_setup_py'
[2.376s] Level 1:colcon.colcon_core.package_identification:_identify(src/lab2_turtlesim) by extensions ['ignore', 'ignore_ament_install']
[2.377s] Level 1:colcon.colcon_core.package_identification:_identify(src/lab2_turtlesim) by extension 'ignore'
[2.377s] Level 1:colcon.colcon_core.package_identification:_identify(src/lab2_turtlesim) by extension 'ignore_ament_install'
[2.379s] Level 1:colcon.colcon_core.package_identification:_identify(src/lab2_turtlesim) by extensions ['colcon_pkg']
[2.379s] Level 1:colcon.colcon_core.package_identification:_identify(src/lab2_turtlesim) by extension 'colcon_pkg'
[2.379s] Level 1:colcon.colcon_core.package_identification:_identify(src/lab2_turtlesim) by extensions ['colcon_meta']
[2.381s] Level 1:colcon.colcon_core.package_identification:_identify(src/lab2_turtlesim) by extension 'colcon_meta'
[2.381s] Level 1:colcon.colcon_core.package_identification:_identify(src/lab2_turtlesim) by extensions ['ros']
[2.381s] Level 1:colcon.colcon_core.package_identification:_identify(src/lab2_turtlesim) by extension 'ros'
[2.394s] DEBUG:colcon.colcon_core.package_identification:Package 'src/lab2_turtlesim' with type 'ros.ament_python' and name 'lab2_turtlesim'
[2.395s] Level 1:colcon.colcon_core.package_identification:_identify(src/turtle_patrol) by extensions ['ignore', 'ignore_ament_install']
[2.396s] Level 1:colcon.colcon_core.package_identification:_identify(src/turtle_patrol) by extension 'ignore'
[2.396s] Level 1:colcon.colcon_core.package_identification:_identify(src/turtle_patrol) by extension 'ignore_ament_install'
[2.396s] Level 1:colcon.colcon_core.package_identification:_identify(src/turtle_patrol) by extensions ['colcon_pkg']
[2.397s] Level 1:colcon.colcon_core.package_identification:_identify(src/turtle_patrol) by extension 'colcon_pkg'
[2.399s] Level 1:colcon.colcon_core.package_identification:_identify(src/turtle_patrol) by extensions ['colcon_meta']
[2.399s] Level 1:colcon.colcon_core.package_identification:_identify(src/turtle_patrol) by extension 'colcon_meta'
[2.399s] Level 1:colcon.colcon_core.package_identification:_identify(src/turtle_patrol) by extensions ['ros']
[2.399s] Level 1:colcon.colcon_core.package_identification:_identify(src/turtle_patrol) by extension 'ros'
[2.402s] DEBUG:colcon.colcon_core.package_identification:Package 'src/turtle_patrol' with type 'ros.ament_python' and name 'turtle_patrol'
[2.403s] Level 1:colcon.colcon_core.package_identification:_identify(src/turtle_patrol_interface) by extensions ['ignore', 'ignore_ament_install']
[2.405s] Level 1:colcon.colcon_core.package_identification:_identify(src/turtle_patrol_interface) by extension 'ignore'
[2.406s] Level 1:colcon.colcon_core.package_identification:_identify(src/turtle_patrol_interface) by extension 'ignore_ament_install'
[2.408s] Level 1:colcon.colcon_core.package_identification:_identify(src/turtle_patrol_interface) by extensions ['colcon_pkg']
[2.409s] Level 1:colcon.colcon_core.package_identification:_identify(src/turtle_patrol_interface) by extension 'colcon_pkg'
[2.410s] Level 1:colcon.colcon_core.package_identification:_identify(src/turtle_patrol_interface) by extensions ['colcon_meta']
[2.410s] Level 1:colcon.colcon_core.package_identification:_identify(src/turtle_patrol_interface) by extension 'colcon_meta'
[2.410s] Level 1:colcon.colcon_core.package_identification:_identify(src/turtle_patrol_interface) by extensions ['ros']
[2.410s] Level 1:colcon.colcon_core.package_identification:_identify(src/turtle_patrol_interface) by extension 'ros'
[2.412s] DEBUG:colcon.colcon_core.package_identification:Package 'src/turtle_patrol_interface' with type 'ros.ament_cmake' and name 'turtle_patrol_interface'
[2.412s] Level 1:colcon.colcon_core.package_discovery:discover_packages(recursive) using defaults
[2.414s] Level 1:colcon.colcon_core.package_discovery:discover_packages(ignore) discover
[2.414s] Level 1:colcon.colcon_core.package_discovery:discover_packages(ignore) using defaults
[2.414s] Level 1:colcon.colcon_core.package_discovery:discover_packages(path) discover
[2.414s] Level 1:colcon.colcon_core.package_discovery:discover_packages(path) using defaults
[2.537s] Level 5:colcon.colcon_core.verb:set package 'lab2_turtlesim' build argument 'cmake_args' from command line to 'None'
[2.538s] Level 5:colcon.colcon_core.verb:set package 'lab2_turtlesim' build argument 'cmake_target' from command line to 'None'
[2.538s] Level 5:colcon.colcon_core.verb:set package 'lab2_turtlesim' build argument 'cmake_target_skip_unavailable' from command line to 'False'
[2.538s] Level 5:colcon.colcon_core.verb:set package 'lab2_turtlesim' build argument 'cmake_clean_cache' from command line to 'False'
[2.538s] Level 5:colcon.colcon_core.verb:set package 'lab2_turtlesim' build argument 'cmake_clean_first' from command line to 'False'
[2.538s] Level 5:colcon.colcon_core.verb:set package 'lab2_turtlesim' build argument 'cmake_force_configure' from command line to 'False'
[2.538s] Level 5:colcon.colcon_core.verb:set package 'lab2_turtlesim' build argument 'ament_cmake_args' from command line to 'None'
[2.539s] Level 5:colcon.colcon_core.verb:set package 'lab2_turtlesim' build argument 'catkin_cmake_args' from command line to 'None'
[2.539s] Level 5:colcon.colcon_core.verb:set package 'lab2_turtlesim' build argument 'catkin_skip_building_tests' from command line to 'False'
[2.539s] DEBUG:colcon.colcon_core.verb:Building package 'lab2_turtlesim' with the following arguments: {'ament_cmake_args': None, 'build_base': '/home/cc/ee106a/fa26/class/ee106a-aec/ros_workspaces/lab2/build/lab2_turtlesim', 'catkin_cmake_args': None, 'catkin_skip_building_tests': False, 'cmake_args': None, 'cmake_clean_cache': False, 'cmake_clean_first': False, 'cmake_force_configure': False, 'cmake_target': None, 'cmake_target_skip_unavailable': False, 'install_base': '/home/cc/ee106a/fa26/class/ee106a-aec/ros_workspaces/lab2/install/lab2_turtlesim', 'merge_install': False, 'path': '/home/cc/ee106a/fa26/class/ee106a-aec/ros_workspaces/lab2/src/lab2_turtlesim', 'symlink_install': False, 'test_result_base': None}
[2.542s] Level 5:colcon.colcon_core.verb:set package 'turtle_patrol' build argument 'cmake_args' from command line to 'None'
[2.543s] Level 5:colcon.colcon_core.verb:set package 'turtle_patrol' build argument 'cmake_target' from command line to 'None'
[2.543s] Level 5:colcon.colcon_core.verb:set package 'turtle_patrol' build argument 'cmake_target_skip_unavailable' from command line to 'False'
[2.543s] Level 5:colcon.colcon_core.verb:set package 'turtle_patrol' build argument 'cmake_clean_cache' from command line to 'False'
[2.543s] Level 5:colcon.colcon_core.verb:set package 'turtle_patrol' build argument 'cmake_clean_first' from command line to 'False'
[2.543s] Level 5:colcon.colcon_core.verb:set package 'turtle_patrol' build argument 'cmake_force_configure' from command line to 'False'
[2.543s] Level 5:colcon.colcon_core.verb:set package 'turtle_patrol' build argument 'ament_cmake_args' from command line to 'None'
[2.545s] Level 5:colcon.colcon_core.verb:set package 'turtle_patrol' build argument 'catkin_cmake_args' from command line to 'None'
[2.545s] Level 5:colcon.colcon_core.verb:set package 'turtle_patrol' build argument 'catkin_skip_building_tests' from command line to 'False'
[2.545s] DEBUG:colcon.colcon_core.verb:Building package 'turtle_patrol' with the following arguments: {'ament_cmake_args': None, 'build_base': '/home/cc/ee106a/fa26/class/ee106a-aec/ros_workspaces/lab2/build/turtle_patrol', 'catkin_cmake_args': None, 'catkin_skip_building_tests': False, 'cmake_args': None, 'cmake_clean_cache': False, 'cmake_clean_first': False, 'cmake_force_configure': False, 'cmake_target': None, 'cmake_target_skip_unavailable': False, 'install_base': '/home/cc/ee106a/fa26/class/ee106a-aec/ros_workspaces/lab2/install/turtle_patrol', 'merge_install': False, 'path': '/home/cc/ee106a/fa26/class/ee106a-aec/ros_workspaces/lab2/src/turtle_patrol', 'symlink_install': False, 'test_result_base': None}
[2.546s] Level 5:colcon.colcon_core.verb:set package 'turtle_patrol_interface' build argument 'cmake_args' from command line to 'None'
[2.547s] Level 5:colcon.colcon_core.verb:set package 'turtle_patrol_interface' build argument 'cmake_target' from command line to 'None'
[2.547s] Level 5:colcon.colcon_core.verb:set package 'turtle_patrol_interface' build argument 'cmake_target_skip_unavailable' from command line to 'False'
[2.547s] Level 5:colcon.colcon_core.verb:set package 'turtle_patrol_interface' build argument 'cmake_clean_cache' from command line to 'False'
[2.547s] Level 5:colcon.colcon_core.verb:set package 'turtle_patrol_interface' build argument 'cmake_clean_first' from command line to 'False'
[2.547s] Level 5:colcon.colcon_core.verb:set package 'turtle_patrol_interface' build argument 'cmake_force_configure' from command line to 'False'
[2.547s] Level 5:colcon.colcon_core.verb:set package 'turtle_patrol_interface' build argument 'ament_cmake_args' from command line to 'None'
[2.547s] Level 5:colcon.colcon_core.verb:set package 'turtle_patrol_interface' build argument 'catkin_cmake_args' from command line to 'None'
[2.549s] Level 5:colcon.colcon_core.verb:set package 'turtle_patrol_interface' build argument 'catkin_skip_building_tests' from command line to 'False'
[2.549s] DEBUG:colcon.colcon_core.verb:Building package 'turtle_patrol_interface' with the following arguments: {'ament_cmake_args': None, 'build_base': '/home/cc/ee106a/fa26/class/ee106a-aec/ros_workspaces/lab2/build/turtle_patrol_interface', 'catkin_cmake_args': None, 'catkin_skip_building_tests': False, 'cmake_args': None, 'cmake_clean_cache': False, 'cmake_clean_first': False, 'cmake_force_configure': False, 'cmake_target': None, 'cmake_target_skip_unavailable': False, 'install_base': '/home/cc/ee106a/fa26/class/ee106a-aec/ros_workspaces/lab2/install/turtle_patrol_interface', 'merge_install': False, 'path': '/home/cc/ee106a/fa26/class/ee106a-aec/ros_workspaces/lab2/src/turtle_patrol_interface', 'symlink_install': False, 'test_result_base': None}
[2.550s] INFO:colcon.colcon_core.executor:Executing jobs using 'parallel' executor
[2.554s] DEBUG:colcon.colcon_parallel_executor.executor.parallel:run_until_complete
[2.555s] INFO:colcon.colcon_ros.task.ament_python.build:Building ROS package in '/home/cc/ee106a/fa26/class/ee106a-aec/ros_workspaces/lab2/src/lab2_turtlesim' with build type 'ament_python'
[2.556s] Level 1:colcon.colcon_core.shell:create_environment_hook('lab2_turtlesim', 'ament_prefix_path')
[2.569s] INFO:colcon.colcon_core.plugin_system:Skipping extension 'colcon_core.shell.bat': Not used on non-Windows systems
[2.570s] INFO:colcon.colcon_core.shell:Creating environment hook '/home/cc/ee106a/fa26/class/ee106a-aec/ros_workspaces/lab2/install/lab2_turtlesim/share/lab2_turtlesim/hook/ament_prefix_path.ps1'
[2.579s] INFO:colcon.colcon_core.shell:Creating environment descriptor '/home/cc/ee106a/fa26/class/ee106a-aec/ros_workspaces/lab2/install/lab2_turtlesim/share/lab2_turtlesim/hook/ament_prefix_path.dsv'
[2.584s] INFO:colcon.colcon_core.shell:Creating environment hook '/home/cc/ee106a/fa26/class/ee106a-aec/ros_workspaces/lab2/install/lab2_turtlesim/share/lab2_turtlesim/hook/ament_prefix_path.sh'
[2.593s] INFO:colcon.colcon_core.shell:Skip shell extension 'powershell' for command environment: Not usable outside of PowerShell
[2.593s] DEBUG:colcon.colcon_core.shell:Skip shell extension 'dsv' for command environment
[2.629s] INFO:colcon.colcon_ros.task.ament_python.build:Building ROS package in '/home/cc/ee106a/fa26/class/ee106a-aec/ros_workspaces/lab2/src/turtle_patrol' with build type 'ament_python'
[2.630s] Level 1:colcon.colcon_core.shell:create_environment_hook('turtle_patrol', 'ament_prefix_path')
[2.632s] INFO:colcon.colcon_core.shell:Creating environment hook '/home/cc/ee106a/fa26/class/ee106a-aec/ros_workspaces/lab2/install/turtle_patrol/share/turtle_patrol/hook/ament_prefix_path.ps1'
[2.639s] INFO:colcon.colcon_core.shell:Creating environment descriptor '/home/cc/ee106a/fa26/class/ee106a-aec/ros_workspaces/lab2/install/turtle_patrol/share/turtle_patrol/hook/ament_prefix_path.dsv'
[2.646s] INFO:colcon.colcon_core.shell:Creating environment hook '/home/cc/ee106a/fa26/class/ee106a-aec/ros_workspaces/lab2/install/turtle_patrol/share/turtle_patrol/hook/ament_prefix_path.sh'
[2.652s] INFO:colcon.colcon_core.shell:Skip shell extension 'powershell' for command environment: Not usable outside of PowerShell
[2.653s] DEBUG:colcon.colcon_core.shell:Skip shell extension 'dsv' for command environment
[2.684s] INFO:colcon.colcon_ros.task.ament_cmake.build:Building ROS package in '/home/cc/ee106a/fa26/class/ee106a-aec/ros_workspaces/lab2/src/turtle_patrol_interface' with build type 'ament_cmake'
[2.685s] INFO:colcon.colcon_cmake.task.cmake.build:Building CMake package in '/home/cc/ee106a/fa26/class/ee106a-aec/ros_workspaces/lab2/src/turtle_patrol_interface'
[2.686s] INFO:colcon.colcon_core.shell:Skip shell extension 'powershell' for command environment: Not usable outside of PowerShell
[2.686s] DEBUG:colcon.colcon_core.shell:Skip shell extension 'dsv' for command environment
[4.974s] INFO:colcon.colcon_core.task.python.build:Building Python package in '/home/cc/ee106a/fa26/class/ee106a-aec/ros_workspaces/lab2/src/lab2_turtlesim'
[4.975s] INFO:colcon.colcon_core.shell:Skip shell extension 'powershell' for command environment: Not usable outside of PowerShell
[4.977s] DEBUG:colcon.colcon_core.shell:Skip shell extension 'dsv' for command environment
[7.367s] INFO:colcon.colcon_core.task.python.build:Building Python package in '/home/cc/ee106a/fa26/class/ee106a-aec/ros_workspaces/lab2/src/turtle_patrol'
[7.368s] INFO:colcon.colcon_core.shell:Skip shell extension 'powershell' for command environment: Not usable outside of PowerShell
[7.369s] DEBUG:colcon.colcon_core.shell:Skip shell extension 'dsv' for command environment
[7.455s] DEBUG:colcon.colcon_core.event_handler.log_command:Invoking command in '/home/cc/ee106a/fa26/class/ee106a-aec/ros_workspaces/lab2/build/turtle_patrol_interface': CMAKE_PREFIX_PATH=/home/ff/ee106a/robot_workspaces/ur/install/ur7e_utils:/opt/ros/humble /usr/bin/cmake --build /home/cc/ee106a/fa26/class/ee106a-aec/ros_workspaces/lab2/build/turtle_patrol_interface -- -j24 -l24
[13.572s] DEBUG:colcon.colcon_core.event_handler.log_command:Invoked command in '/home/cc/ee106a/fa26/class/ee106a-aec/ros_workspaces/lab2/build/turtle_patrol_interface' returned '0': CMAKE_PREFIX_PATH=/home/ff/ee106a/robot_workspaces/ur/install/ur7e_utils:/opt/ros/humble /usr/bin/cmake --build /home/cc/ee106a/fa26/class/ee106a-aec/ros_workspaces/lab2/build/turtle_patrol_interface -- -j24 -l24
[13.665s] DEBUG:colcon.colcon_core.event_handler.log_command:Invoking command in '/home/cc/ee106a/fa26/class/ee106a-aec/ros_workspaces/lab2/build/turtle_patrol_interface': CMAKE_PREFIX_PATH=/home/ff/ee106a/robot_workspaces/ur/install/ur7e_utils:/opt/ros/humble /usr/bin/cmake --install /home/cc/ee106a/fa26/class/ee106a-aec/ros_workspaces/lab2/build/turtle_patrol_interface
[13.686s] DEBUG:colcon.colcon_core.task.python.build:Available setuptools commands: init_catalog, build_py, test, install_headers, rotate, setopt, upload_docs, compile_catalog, develop, install, check, clean, install_scripts, egg_info, update_catalog, bdist_wheel, bdist_rpm, sdist, symlink_data, install_lib, build_clib, bdist_dumb, build_scripts, bdist_egg, extract_messages, build, bdist, install_egg_info, dist_info, install_data, register, build_ext, saveopts, easy_install, alias, upload
[13.713s] DEBUG:colcon.colcon_core.task.python.build:Available setuptools commands: init_catalog, build_py, test, install_headers, rotate, setopt, upload_docs, compile_catalog, develop, install, check, clean, install_scripts, egg_info, update_catalog, bdist_wheel, bdist_rpm, sdist, symlink_data, install_lib, build_clib, bdist_dumb, build_scripts, bdist_egg, extract_messages, build, bdist, install_egg_info, dist_info, install_data, register, build_ext, saveopts, easy_install, alias, upload
[13.714s] DEBUG:colcon.colcon_core.event_handler.log_command:Invoking command in '/home/cc/ee106a/fa26/class/ee106a-aec/ros_workspaces/lab2/src/lab2_turtlesim': PYTHONPATH=/home/cc/ee106a/fa26/class/ee106a-aec/ros_workspaces/lab2/build/lab2_turtlesim/prefix_override:/usr/lib/python3/dist-packages/colcon_core/task/python/colcon_distutils_commands:/home/cc/ee106a/fa26/class/ee106a-aec/ros_workspaces/lab2/install/lab2_turtlesim/lib/python3.10/site-packages:${PYTHONPATH} /usr/bin/python3 -W ignore:setup.py install is deprecated -W ignore:easy_install command is deprecated setup.py egg_info --egg-base ../../build/lab2_turtlesim build --build-base /home/cc/ee106a/fa26/class/ee106a-aec/ros_workspaces/lab2/build/lab2_turtlesim/build install --record /home/cc/ee106a/fa26/class/ee106a-aec/ros_workspaces/lab2/build/lab2_turtlesim/install.log --install-scripts $base/lib/lab2_turtlesim --single-version-externally-managed install_data
[13.794s] DEBUG:colcon.colcon_core.event_handler.log_command:Invoking command in '/home/cc/ee106a/fa26/class/ee106a-aec/ros_workspaces/lab2/src/turtle_patrol': PYTHONPATH=/home/cc/ee106a/fa26/class/ee106a-aec/ros_workspaces/lab2/build/turtle_patrol/prefix_override:/usr/lib/python3/dist-packages/colcon_core/task/python/colcon_distutils_commands:/home/cc/ee106a/fa26/class/ee106a-aec/ros_workspaces/lab2/install/turtle_patrol/lib/python3.10/site-packages:${PYTHONPATH} /usr/bin/python3 -W ignore:setup.py install is deprecated -W ignore:easy_install command is deprecated setup.py egg_info --egg-base ../../build/turtle_patrol build --build-base /home/cc/ee106a/fa26/class/ee106a-aec/ros_workspaces/lab2/build/turtle_patrol/build install --record /home/cc/ee106a/fa26/class/ee106a-aec/ros_workspaces/lab2/build/turtle_patrol/install.log --install-scripts $base/lib/turtle_patrol --single-version-externally-managed install_data
[14.652s] Level 1:colcon.colcon_core.environment:create_environment_scripts_only(turtle_patrol_interface)
[14.657s] DEBUG:colcon.colcon_core.event_handler.log_command:Invoked command in '/home/cc/ee106a/fa26/class/ee106a-aec/ros_workspaces/lab2/build/turtle_patrol_interface' returned '0': CMAKE_PREFIX_PATH=/home/ff/ee106a/robot_workspaces/ur/install/ur7e_utils:/opt/ros/humble /usr/bin/cmake --install /home/cc/ee106a/fa26/class/ee106a-aec/ros_workspaces/lab2/build/turtle_patrol_interface
[14.687s] Level 1:colcon.colcon_core.environment:checking '/home/cc/ee106a/fa26/class/ee106a-aec/ros_workspaces/lab2/install/turtle_patrol_interface' for CMake module files
[14.698s] Level 1:colcon.colcon_core.environment:checking '/home/cc/ee106a/fa26/class/ee106a-aec/ros_workspaces/lab2/install/turtle_patrol_interface' for CMake config files
[14.718s] Level 1:colcon.colcon_core.shell:create_environment_hook('turtle_patrol_interface', 'cmake_prefix_path')
[14.719s] INFO:colcon.colcon_core.shell:Creating environment hook '/home/cc/ee106a/fa26/class/ee106a-aec/ros_workspaces/lab2/install/turtle_patrol_interface/share/turtle_patrol_interface/hook/cmake_prefix_path.ps1'
[14.728s] INFO:colcon.colcon_core.shell:Creating environment descriptor '/home/cc/ee106a/fa26/class/ee106a-aec/ros_workspaces/lab2/install/turtle_patrol_interface/share/turtle_patrol_interface/hook/cmake_prefix_path.dsv'
[14.733s] INFO:colcon.colcon_core.shell:Creating environment hook '/home/cc/ee106a/fa26/class/ee106a-aec/ros_workspaces/lab2/install/turtle_patrol_interface/share/turtle_patrol_interface/hook/cmake_prefix_path.sh'
[14.743s] Level 1:colcon.colcon_core.environment:checking '/home/cc/ee106a/fa26/class/ee106a-aec/ros_workspaces/lab2/install/turtle_patrol_interface/lib'
[14.744s] Level 1:colcon.colcon_core.shell:create_environment_hook('turtle_patrol_interface', 'ld_library_path_lib')
[14.746s] INFO:colcon.colcon_core.shell:Creating environment hook '/home/cc/ee106a/fa26/class/ee106a-aec/ros_workspaces/lab2/install/turtle_patrol_interface/share/turtle_patrol_interface/hook/ld_library_path_lib.ps1'
[14.751s] INFO:colcon.colcon_core.shell:Creating environment descriptor '/home/cc/ee106a/fa26/class/ee106a-aec/ros_workspaces/lab2/install/turtle_patrol_interface/share/turtle_patrol_interface/hook/ld_library_path_lib.dsv'
[14.758s] INFO:colcon.colcon_core.shell:Creating environment hook '/home/cc/ee106a/fa26/class/ee106a-aec/ros_workspaces/lab2/install/turtle_patrol_interface/share/turtle_patrol_interface/hook/ld_library_path_lib.sh'
[14.764s] Level 1:colcon.colcon_core.environment:checking '/home/cc/ee106a/fa26/class/ee106a-aec/ros_workspaces/lab2/install/turtle_patrol_interface/bin'
[14.764s] Level 1:colcon.colcon_core.environment:checking '/home/cc/ee106a/fa26/class/ee106a-aec/ros_workspaces/lab2/install/turtle_patrol_interface/lib/pkgconfig/turtle_patrol_interface.pc'
[14.765s] Level 1:colcon.colcon_core.environment:checking '/home/cc/ee106a/fa26/class/ee106a-aec/ros_workspaces/lab2/install/turtle_patrol_interface/lib/python3.10/site-packages'
[14.765s] Level 1:colcon.colcon_core.environment:checking '/home/cc/ee106a/fa26/class/ee106a-aec/ros_workspaces/lab2/install/turtle_patrol_interface/bin'
[14.766s] INFO:colcon.colcon_core.shell:Creating package script '/home/cc/ee106a/fa26/class/ee106a-aec/ros_workspaces/lab2/install/turtle_patrol_interface/share/turtle_patrol_interface/package.ps1'
[14.774s] INFO:colcon.colcon_core.shell:Creating package descriptor '/home/cc/ee106a/fa26/class/ee106a-aec/ros_workspaces/lab2/install/turtle_patrol_interface/share/turtle_patrol_interface/package.dsv'
[14.782s] INFO:colcon.colcon_core.shell:Creating package script '/home/cc/ee106a/fa26/class/ee106a-aec/ros_workspaces/lab2/install/turtle_patrol_interface/share/turtle_patrol_interface/package.sh'
[14.792s] INFO:colcon.colcon_core.shell:Creating package script '/home/cc/ee106a/fa26/class/ee106a-aec/ros_workspaces/lab2/install/turtle_patrol_interface/share/turtle_patrol_interface/package.bash'
[14.801s] INFO:colcon.colcon_core.shell:Creating package script '/home/cc/ee106a/fa26/class/ee106a-aec/ros_workspaces/lab2/install/turtle_patrol_interface/share/turtle_patrol_interface/package.zsh'
[14.808s] Level 1:colcon.colcon_core.environment:create_file_with_runtime_dependencies(/home/cc/ee106a/fa26/class/ee106a-aec/ros_workspaces/lab2/install/turtle_patrol_interface/share/colcon-core/packages/turtle_patrol_interface)
[14.815s] Level 1:colcon.colcon_core.environment:create_environment_scripts_only(turtle_patrol_interface)
[14.816s] Level 1:colcon.colcon_core.environment:checking '/home/cc/ee106a/fa26/class/ee106a-aec/ros_workspaces/lab2/install/turtle_patrol_interface' for CMake module files
[14.830s] Level 1:colcon.colcon_core.environment:checking '/home/cc/ee106a/fa26/class/ee106a-aec/ros_workspaces/lab2/install/turtle_patrol_interface' for CMake config files
[14.850s] Level 1:colcon.colcon_core.shell:create_environment_hook('turtle_patrol_interface', 'cmake_prefix_path')
[14.851s] INFO:colcon.colcon_core.shell:Creating environment hook '/home/cc/ee106a/fa26/class/ee106a-aec/ros_workspaces/lab2/install/turtle_patrol_interface/share/turtle_patrol_interface/hook/cmake_prefix_path.ps1'
[14.862s] INFO:colcon.colcon_core.shell:Creating environment descriptor '/home/cc/ee106a/fa26/class/ee106a-aec/ros_workspaces/lab2/install/turtle_patrol_interface/share/turtle_patrol_interface/hook/cmake_prefix_path.dsv'
[14.868s] INFO:colcon.colcon_core.shell:Creating environment hook '/home/cc/ee106a/fa26/class/ee106a-aec/ros_workspaces/lab2/install/turtle_patrol_interface/share/turtle_patrol_interface/hook/cmake_prefix_path.sh'
[14.876s] Level 1:colcon.colcon_core.environment:checking '/home/cc/ee106a/fa26/class/ee106a-aec/ros_workspaces/lab2/install/turtle_patrol_interface/lib'
[14.878s] Level 1:colcon.colcon_core.shell:create_environment_hook('turtle_patrol_interface', 'ld_library_path_lib')
[14.879s] INFO:colcon.colcon_core.shell:Creating environment hook '/home/cc/ee106a/fa26/class/ee106a-aec/ros_workspaces/lab2/install/turtle_patrol_interface/share/turtle_patrol_interface/hook/ld_library_path_lib.ps1'
[14.886s] INFO:colcon.colcon_core.shell:Creating environment descriptor '/home/cc/ee106a/fa26/class/ee106a-aec/ros_workspaces/lab2/install/turtle_patrol_interface/share/turtle_patrol_interface/hook/ld_library_path_lib.dsv'
[14.897s] INFO:colcon.colcon_core.shell:Creating environment hook '/home/cc/ee106a/fa26/class/ee106a-aec/ros_workspaces/lab2/install/turtle_patrol_interface/share/turtle_patrol_interface/hook/ld_library_path_lib.sh'
[14.902s] Level 1:colcon.colcon_core.environment:checking '/home/cc/ee106a/fa26/class/ee106a-aec/ros_workspaces/lab2/install/turtle_patrol_interface/bin'
[14.902s] Level 1:colcon.colcon_core.environment:checking '/home/cc/ee106a/fa26/class/ee106a-aec/ros_workspaces/lab2/install/turtle_patrol_interface/lib/pkgconfig/turtle_patrol_interface.pc'
[14.905s] Level 1:colcon.colcon_core.environment:checking '/home/cc/ee106a/fa26/class/ee106a-aec/ros_workspaces/lab2/install/turtle_patrol_interface/lib/python3.10/site-packages'
[14.908s] Level 1:colcon.colcon_core.environment:checking '/home/cc/ee106a/fa26/class/ee106a-aec/ros_workspaces/lab2/install/turtle_patrol_interface/bin'
[14.910s] INFO:colcon.colcon_core.shell:Creating package script '/home/cc/ee106a/fa26/class/ee106a-aec/ros_workspaces/lab2/install/turtle_patrol_interface/share/turtle_patrol_interface/package.ps1'
[14.921s] INFO:colcon.colcon_core.shell:Creating package descriptor '/home/cc/ee106a/fa26/class/ee106a-aec/ros_workspaces/lab2/install/turtle_patrol_interface/share/turtle_patrol_interface/package.dsv'
[14.930s] INFO:colcon.colcon_core.shell:Creating package script '/home/cc/ee106a/fa26/class/ee106a-aec/ros_workspaces/lab2/install/turtle_patrol_interface/share/turtle_patrol_interface/package.sh'
[14.947s] INFO:colcon.colcon_core.shell:Creating package script '/home/cc/ee106a/fa26/class/ee106a-aec/ros_workspaces/lab2/install/turtle_patrol_interface/share/turtle_patrol_interface/package.bash'
[14.961s] INFO:colcon.colcon_core.shell:Creating package script '/home/cc/ee106a/fa26/class/ee106a-aec/ros_workspaces/lab2/install/turtle_patrol_interface/share/turtle_patrol_interface/package.zsh'
[14.968s] Level 1:colcon.colcon_core.environment:create_file_with_runtime_dependencies(/home/cc/ee106a/fa26/class/ee106a-aec/ros_workspaces/lab2/install/turtle_patrol_interface/share/colcon-core/packages/turtle_patrol_interface)
[17.106s] Level 1:colcon.colcon_core.environment:checking '/home/cc/ee106a/fa26/class/ee106a-aec/ros_workspaces/lab2/install/turtle_patrol' for CMake module files
[17.108s] DEBUG:colcon.colcon_core.event_handler.log_command:Invoked command in '/home/cc/ee106a/fa26/class/ee106a-aec/ros_workspaces/lab2/src/turtle_patrol' returned '0': PYTHONPATH=/home/cc/ee106a/fa26/class/ee106a-aec/ros_workspaces/lab2/build/turtle_patrol/prefix_override:/usr/lib/python3/dist-packages/colcon_core/task/python/colcon_distutils_commands:/home/cc/ee106a/fa26/class/ee106a-aec/ros_workspaces/lab2/install/turtle_patrol/lib/python3.10/site-packages:${PYTHONPATH} /usr/bin/python3 -W ignore:setup.py install is deprecated -W ignore:easy_install command is deprecated setup.py egg_info --egg-base ../../build/turtle_patrol build --build-base /home/cc/ee106a/fa26/class/ee106a-aec/ros_workspaces/lab2/build/turtle_patrol/build install --record /home/cc/ee106a/fa26/class/ee106a-aec/ros_workspaces/lab2/build/turtle_patrol/install.log --install-scripts $base/lib/turtle_patrol --single-version-externally-managed install_data
[17.116s] Level 1:colcon.colcon_core.environment:checking '/home/cc/ee106a/fa26/class/ee106a-aec/ros_workspaces/lab2/install/turtle_patrol' for CMake config files
[17.136s] Level 1:colcon.colcon_core.environment:checking '/home/cc/ee106a/fa26/class/ee106a-aec/ros_workspaces/lab2/install/turtle_patrol/lib'
[17.137s] Level 1:colcon.colcon_core.environment:checking '/home/cc/ee106a/fa26/class/ee106a-aec/ros_workspaces/lab2/install/turtle_patrol/bin'
[17.138s] Level 1:colcon.colcon_core.environment:checking '/home/cc/ee106a/fa26/class/ee106a-aec/ros_workspaces/lab2/install/turtle_patrol/lib/pkgconfig/turtle_patrol.pc'
[17.141s] Level 1:colcon.colcon_core.environment:checking '/home/cc/ee106a/fa26/class/ee106a-aec/ros_workspaces/lab2/install/turtle_patrol/lib/python3.10/site-packages'
[17.141s] Level 1:colcon.colcon_core.shell:create_environment_hook('turtle_patrol', 'pythonpath')
[17.142s] INFO:colcon.colcon_core.shell:Creating environment hook '/home/cc/ee106a/fa26/class/ee106a-aec/ros_workspaces/lab2/install/turtle_patrol/share/turtle_patrol/hook/pythonpath.ps1'
[17.151s] INFO:colcon.colcon_core.shell:Creating environment descriptor '/home/cc/ee106a/fa26/class/ee106a-aec/ros_workspaces/lab2/install/turtle_patrol/share/turtle_patrol/hook/pythonpath.dsv'
[17.160s] INFO:colcon.colcon_core.shell:Creating environment hook '/home/cc/ee106a/fa26/class/ee106a-aec/ros_workspaces/lab2/install/turtle_patrol/share/turtle_patrol/hook/pythonpath.sh'
[17.166s] Level 1:colcon.colcon_core.environment:checking '/home/cc/ee106a/fa26/class/ee106a-aec/ros_workspaces/lab2/install/turtle_patrol/bin'
[17.167s] Level 1:colcon.colcon_core.environment:create_environment_scripts_only(turtle_patrol)
[17.170s] INFO:colcon.colcon_core.shell:Creating package script '/home/cc/ee106a/fa26/class/ee106a-aec/ros_workspaces/lab2/install/turtle_patrol/share/turtle_patrol/package.ps1'
[17.177s] INFO:colcon.colcon_core.shell:Creating package descriptor '/home/cc/ee106a/fa26/class/ee106a-aec/ros_workspaces/lab2/install/turtle_patrol/share/turtle_patrol/package.dsv'
[17.184s] INFO:colcon.colcon_core.shell:Creating package script '/home/cc/ee106a/fa26/class/ee106a-aec/ros_workspaces/lab2/install/turtle_patrol/share/turtle_patrol/package.sh'
[17.192s] INFO:colcon.colcon_core.shell:Creating package script '/home/cc/ee106a/fa26/class/ee106a-aec/ros_workspaces/lab2/install/turtle_patrol/share/turtle_patrol/package.bash'
[17.198s] INFO:colcon.colcon_core.shell:Creating package script '/home/cc/ee106a/fa26/class/ee106a-aec/ros_workspaces/lab2/install/turtle_patrol/share/turtle_patrol/package.zsh'
[17.205s] Level 1:colcon.colcon_core.environment:create_file_with_runtime_dependencies(/home/cc/ee106a/fa26/class/ee106a-aec/ros_workspaces/lab2/install/turtle_patrol/share/colcon-core/packages/turtle_patrol)
[17.214s] Level 1:colcon.colcon_core.environment:checking '/home/cc/ee106a/fa26/class/ee106a-aec/ros_workspaces/lab2/install/lab2_turtlesim' for CMake module files
[17.218s] Level 1:colcon.colcon_core.environment:checking '/home/cc/ee106a/fa26/class/ee106a-aec/ros_workspaces/lab2/install/lab2_turtlesim' for CMake config files
[17.224s] DEBUG:colcon.colcon_core.event_handler.log_command:Invoked command in '/home/cc/ee106a/fa26/class/ee106a-aec/ros_workspaces/lab2/src/lab2_turtlesim' returned '0': PYTHONPATH=/home/cc/ee106a/fa26/class/ee106a-aec/ros_workspaces/lab2/build/lab2_turtlesim/prefix_override:/usr/lib/python3/dist-packages/colcon_core/task/python/colcon_distutils_commands:/home/cc/ee106a/fa26/class/ee106a-aec/ros_workspaces/lab2/install/lab2_turtlesim/lib/python3.10/site-packages:${PYTHONPATH} /usr/bin/python3 -W ignore:setup.py install is deprecated -W ignore:easy_install command is deprecated setup.py egg_info --egg-base ../../build/lab2_turtlesim build --build-base /home/cc/ee106a/fa26/class/ee106a-aec/ros_workspaces/lab2/build/lab2_turtlesim/build install --record /home/cc/ee106a/fa26/class/ee106a-aec/ros_workspaces/lab2/build/lab2_turtlesim/install.log --install-scripts $base/lib/lab2_turtlesim --single-version-externally-managed install_data
[17.238s] Level 1:colcon.colcon_core.environment:checking '/home/cc/ee106a/fa26/class/ee106a-aec/ros_workspaces/lab2/install/lab2_turtlesim/lib'
[17.240s] Level 1:colcon.colcon_core.environment:checking '/home/cc/ee106a/fa26/class/ee106a-aec/ros_workspaces/lab2/install/lab2_turtlesim/bin'
[17.240s] Level 1:colcon.colcon_core.environment:checking '/home/cc/ee106a/fa26/class/ee106a-aec/ros_workspaces/lab2/install/lab2_turtlesim/lib/pkgconfig/lab2_turtlesim.pc'
[17.241s] Level 1:colcon.colcon_core.environment:checking '/home/cc/ee106a/fa26/class/ee106a-aec/ros_workspaces/lab2/install/lab2_turtlesim/lib/python3.10/site-packages'
[17.241s] Level 1:colcon.colcon_core.shell:create_environment_hook('lab2_turtlesim', 'pythonpath')
[17.242s] INFO:colcon.colcon_core.shell:Creating environment hook '/home/cc/ee106a/fa26/class/ee106a-aec/ros_workspaces/lab2/install/lab2_turtlesim/share/lab2_turtlesim/hook/pythonpath.ps1'
[17.268s] INFO:colcon.colcon_core.shell:Creating environment descriptor '/home/cc/ee106a/fa26/class/ee106a-aec/ros_workspaces/lab2/install/lab2_turtlesim/share/lab2_turtlesim/hook/pythonpath.dsv'
[17.277s] INFO:colcon.colcon_core.shell:Creating environment hook '/home/cc/ee106a/fa26/class/ee106a-aec/ros_workspaces/lab2/install/lab2_turtlesim/share/lab2_turtlesim/hook/pythonpath.sh'
[17.284s] Level 1:colcon.colcon_core.environment:checking '/home/cc/ee106a/fa26/class/ee106a-aec/ros_workspaces/lab2/install/lab2_turtlesim/bin'
[17.287s] Level 1:colcon.colcon_core.environment:create_environment_scripts_only(lab2_turtlesim)
[17.288s] INFO:colcon.colcon_core.shell:Creating package script '/home/cc/ee106a/fa26/class/ee106a-aec/ros_workspaces/lab2/install/lab2_turtlesim/share/lab2_turtlesim/package.ps1'
[17.298s] INFO:colcon.colcon_core.shell:Creating package descriptor '/home/cc/ee106a/fa26/class/ee106a-aec/ros_workspaces/lab2/install/lab2_turtlesim/share/lab2_turtlesim/package.dsv'
[17.305s] INFO:colcon.colcon_core.shell:Creating package script '/home/cc/ee106a/fa26/class/ee106a-aec/ros_workspaces/lab2/install/lab2_turtlesim/share/lab2_turtlesim/package.sh'
[17.362s] INFO:colcon.colcon_core.shell:Creating package script '/home/cc/ee106a/fa26/class/ee106a-aec/ros_workspaces/lab2/install/lab2_turtlesim/share/lab2_turtlesim/package.bash'
[17.374s] INFO:colcon.colcon_core.shell:Creating package script '/home/cc/ee106a/fa26/class/ee106a-aec/ros_workspaces/lab2/install/lab2_turtlesim/share/lab2_turtlesim/package.zsh'
[17.382s] Level 1:colcon.colcon_core.environment:create_file_with_runtime_dependencies(/home/cc/ee106a/fa26/class/ee106a-aec/ros_workspaces/lab2/install/lab2_turtlesim/share/colcon-core/packages/lab2_turtlesim)
[17.386s] DEBUG:colcon.colcon_parallel_executor.executor.parallel:closing loop
[17.387s] DEBUG:colcon.colcon_parallel_executor.executor.parallel:loop closed
[17.387s] DEBUG:colcon.colcon_parallel_executor.executor.parallel:run_until_complete finished with '0'
[17.387s] DEBUG:colcon.colcon_core.event_reactor:joining thread
[17.498s] INFO:colcon.colcon_core.plugin_system:Skipping extension 'colcon_notification.desktop_notification.notify_send': Could not find 'notify-send'
[17.499s] INFO:colcon.colcon_core.plugin_system:Skipping extension 'colcon_notification.desktop_notification.terminal_notifier': Not used on non-Darwin systems
[17.501s] INFO:colcon.colcon_core.plugin_system:Skipping extension 'colcon_notification.desktop_notification.win32': Not used on non-Windows systems
[17.501s] INFO:colcon.colcon_notification.desktop_notification:Sending desktop notification using 'notify2'
[18.214s] DEBUG:colcon.colcon_core.event_reactor:joined thread
[18.216s] INFO:colcon.colcon_core.shell:Creating prefix script '/home/cc/ee106a/fa26/class/ee106a-aec/ros_workspaces/lab2/install/local_setup.ps1'
[18.226s] INFO:colcon.colcon_core.shell:Creating prefix util module '/home/cc/ee106a/fa26/class/ee106a-aec/ros_workspaces/lab2/install/_local_setup_util_ps1.py'
[18.235s] INFO:colcon.colcon_core.shell:Creating prefix chain script '/home/cc/ee106a/fa26/class/ee106a-aec/ros_workspaces/lab2/install/setup.ps1'
[18.243s] INFO:colcon.colcon_core.shell:Creating prefix script '/home/cc/ee106a/fa26/class/ee106a-aec/ros_workspaces/lab2/install/local_setup.sh'
[18.249s] INFO:colcon.colcon_core.shell:Creating prefix util module '/home/cc/ee106a/fa26/class/ee106a-aec/ros_workspaces/lab2/install/_local_setup_util_sh.py'
[18.256s] INFO:colcon.colcon_core.shell:Creating prefix chain script '/home/cc/ee106a/fa26/class/ee106a-aec/ros_workspaces/lab2/install/setup.sh'
[18.266s] INFO:colcon.colcon_core.shell:Creating prefix script '/home/cc/ee106a/fa26/class/ee106a-aec/ros_workspaces/lab2/install/local_setup.bash'
[18.273s] INFO:colcon.colcon_core.shell:Creating prefix chain script '/home/cc/ee106a/fa26/class/ee106a-aec/ros_workspaces/lab2/install/setup.bash'
[18.284s] INFO:colcon.colcon_core.shell:Creating prefix script '/home/cc/ee106a/fa26/class/ee106a-aec/ros_workspaces/lab2/install/local_setup.zsh'
[18.292s] INFO:colcon.colcon_core.shell:Creating prefix chain script '/home/cc/ee106a/fa26/class/ee106a-aec/ros_workspaces/lab2/install/setup.zsh'
